Starting evaluation with model: codellama
Running evaluation on both databases...
Loading checkpoint shards:   0%|          | 0/2 [00:00<?, ?it/s]Loading checkpoint shards:  50%|█████     | 1/2 [00:01<00:01,  1.38s/it]Loading checkpoint shards: 100%|██████████| 2/2 [00:01<00:00,  1.12it/s]Loading checkpoint shards: 100%|██████████| 2/2 [00:01<00:00,  1.03it/s]
Device set to use cuda:0
Loading checkpoint shards:   0%|          | 0/2 [00:00<?, ?it/s]Loading checkpoint shards: 100%|██████████| 2/2 [00:00<00:00, 93.18it/s]
Device set to use cuda:0
2025-10-09 22:45:49,531 - job_codellama_database_1760064348 - INFO - Starting task: is_vulnerable_vuln
Setting `pad_token_id` to `eos_token_id`:2 for open-end generation.
CodeLlama pipeline generation failed: CUDA out of memory. Tried to allocate 34.42 GiB. GPU 0 has a total capacity of 139.81 GiB of which 26.12 GiB is free. Including non-PyTorch memory, this process has 113.68 GiB memory in use. Of the allocated memory 78.35 GiB is allocated by PyTorch, and 34.67 GiB is reserved by PyTorch but unallocated. If reserved but unallocated memory is large try setting PYTORCH_CUDA_ALLOC_CONF=expandable_segments:True to avoid fragmentation.  See documentation for Memory Management  (https://pytorch.org/docs/stable/notes/cuda.html#environment-variables)
Prompt was: Check if the following C code block is vulnerable. 
Respond with ONLY one of these options:
- '1' if...
Failed to check vulnerability for commit_hash f5e81d1117501546b7be050c5fbafa6efd2c722c: Empty response content
Raw response: 
Response probability: None
Failed to check vulnerability for commit_hash f5e81d1117501546b7be050c5fbafa6efd2c722c
Setting `pad_token_id` to `eos_token_id`:2 for open-end generation.
CodeLlama pipeline generation failed: CUDA out of memory. Tried to allocate 32.60 GiB. GPU 0 has a total capacity of 139.81 GiB of which 27.94 GiB is free. Including non-PyTorch memory, this process has 111.87 GiB memory in use. Of the allocated memory 75.56 GiB is allocated by PyTorch, and 35.64 GiB is reserved by PyTorch but unallocated. If reserved but unallocated memory is large try setting PYTORCH_CUDA_ALLOC_CONF=expandable_segments:True to avoid fragmentation.  See documentation for Memory Management  (https://pytorch.org/docs/stable/notes/cuda.html#environment-variables)
Prompt was: Check if the following C code block is vulnerable. 
Respond with ONLY one of these options:
- '1' if...
Failed to check vulnerability for commit_hash 82939d7999dfc1f1998c4b1c12e2f19edbdff272: Empty response content
Raw response: 
Response probability: None
Failed to check vulnerability for commit_hash 82939d7999dfc1f1998c4b1c12e2f19edbdff272
2025-10-09 22:45:54,114 - job_codellama_database_1760064348 - INFO - Completed task: is_vulnerable_vuln
2025-10-09 22:45:54,118 - job_codellama_database_1760064348 - INFO - Starting task: is_vulnerable_patch
Setting `pad_token_id` to `eos_token_id`:2 for open-end generation.
CodeLlama pipeline generation failed: CUDA out of memory. Tried to allocate 35.83 GiB. GPU 0 has a total capacity of 139.81 GiB of which 27.31 GiB is free. Including non-PyTorch memory, this process has 112.49 GiB memory in use. Of the allocated memory 80.10 GiB is allocated by PyTorch, and 31.73 GiB is reserved by PyTorch but unallocated. If reserved but unallocated memory is large try setting PYTORCH_CUDA_ALLOC_CONF=expandable_segments:True to avoid fragmentation.  See documentation for Memory Management  (https://pytorch.org/docs/stable/notes/cuda.html#environment-variables)
Prompt was: Check if the following C code block is vulnerable. 
Respond with ONLY one of these options:
- '1' if...
Failed to check vulnerability for commit_hash f5e81d1117501546b7be050c5fbafa6efd2c722c: Empty response content
Raw response: 
Response probability: None
Failed to check vulnerability for commit_hash f5e81d1117501546b7be050c5fbafa6efd2c722c
Setting `pad_token_id` to `eos_token_id`:2 for open-end generation.
CodeLlama pipeline generation failed: CUDA out of memory. Tried to allocate 33.31 GiB. GPU 0 has a total capacity of 139.81 GiB of which 29.11 GiB is free. Including non-PyTorch memory, this process has 110.69 GiB memory in use. Of the allocated memory 76.66 GiB is allocated by PyTorch, and 33.37 GiB is reserved by PyTorch but unallocated. If reserved but unallocated memory is large try setting PYTORCH_CUDA_ALLOC_CONF=expandable_segments:True to avoid fragmentation.  See documentation for Memory Management  (https://pytorch.org/docs/stable/notes/cuda.html#environment-variables)
Prompt was: Check if the following C code block is vulnerable. 
Respond with ONLY one of these options:
- '1' if...
Failed to check vulnerability for commit_hash 82939d7999dfc1f1998c4b1c12e2f19edbdff272: Empty response content
Raw response: 
Response probability: None
Failed to check vulnerability for commit_hash 82939d7999dfc1f1998c4b1c12e2f19edbdff272
Setting `pad_token_id` to `eos_token_id`:2 for open-end generation.
CodeLlama pipeline generation failed: CUDA out of memory. Tried to allocate 56.51 GiB. GPU 0 has a total capacity of 139.81 GiB of which 6.19 GiB is free. Including non-PyTorch memory, this process has 133.61 GiB memory in use. Of the allocated memory 111.62 GiB is allocated by PyTorch, and 21.33 GiB is reserved by PyTorch but unallocated. If reserved but unallocated memory is large try setting PYTORCH_CUDA_ALLOC_CONF=expandable_segments:True to avoid fragmentation.  See documentation for Memory Management  (https://pytorch.org/docs/stable/notes/cuda.html#environment-variables)
Prompt was: Check if the following C code block is vulnerable. 
Respond with ONLY one of these options:
- '1' if...
Failed to check vulnerability for commit_hash 45f6fad84cc305103b28d73482b344d7f5b76f39: Empty response content
Raw response: 
Response probability: None
Failed to check vulnerability for commit_hash 45f6fad84cc305103b28d73482b344d7f5b76f39
2025-10-09 22:45:56,576 - job_codellama_database_1760064348 - INFO - Completed task: is_vulnerable_patch
2025-10-09 22:45:56,579 - job_codellama_database_1760064348 - INFO - Starting task: is_vulnerable_vuln_cve_cwe
Setting `pad_token_id` to `eos_token_id`:2 for open-end generation.
CodeLlama pipeline generation failed: CUDA out of memory. Tried to allocate 34.55 GiB. GPU 0 has a total capacity of 139.81 GiB of which 28.14 GiB is free. Including non-PyTorch memory, this process has 111.66 GiB memory in use. Of the allocated memory 78.16 GiB is allocated by PyTorch, and 32.84 GiB is reserved by PyTorch but unallocated. If reserved but unallocated memory is large try setting PYTORCH_CUDA_ALLOC_CONF=expandable_segments:True to avoid fragmentation.  See documentation for Memory Management  (https://pytorch.org/docs/stable/notes/cuda.html#environment-variables)
Prompt was: Check if the following C code block is vulnerable to the specific CVE (CVE-2021-34556) and CWE(s) (C...
Failed to check specific CVE/CWE vulnerability for commit_hash f5e81d1117501546b7be050c5fbafa6efd2c722c
Setting `pad_token_id` to `eos_token_id`:2 for open-end generation.
CodeLlama pipeline generation failed: CUDA out of memory. Tried to allocate 32.72 GiB. GPU 0 has a total capacity of 139.81 GiB of which 29.97 GiB is free. Including non-PyTorch memory, this process has 109.83 GiB memory in use. Of the allocated memory 75.75 GiB is allocated by PyTorch, and 33.42 GiB is reserved by PyTorch but unallocated. If reserved but unallocated memory is large try setting PYTORCH_CUDA_ALLOC_CONF=expandable_segments:True to avoid fragmentation.  See documentation for Memory Management  (https://pytorch.org/docs/stable/notes/cuda.html#environment-variables)
Prompt was: Check if the following C code block is vulnerable to the specific CVE (CVE-2015-8952) and CWE(s) (CW...
Failed to check specific CVE/CWE vulnerability for commit_hash 82939d7999dfc1f1998c4b1c12e2f19edbdff272
2025-10-09 22:45:58,080 - job_codellama_database_1760064348 - INFO - Completed task: is_vulnerable_vuln_cve_cwe
2025-10-09 22:45:58,083 - job_codellama_database_1760064348 - INFO - Starting task: is_vulnerable_patch_cve_cwe
Setting `pad_token_id` to `eos_token_id`:2 for open-end generation.
CodeLlama pipeline generation failed: CUDA out of memory. Tried to allocate 35.96 GiB. GPU 0 has a total capacity of 139.81 GiB of which 27.32 GiB is free. Including non-PyTorch memory, this process has 112.48 GiB memory in use. Of the allocated memory 80.31 GiB is allocated by PyTorch, and 31.51 GiB is reserved by PyTorch but unallocated. If reserved but unallocated memory is large try setting PYTORCH_CUDA_ALLOC_CONF=expandable_segments:True to avoid fragmentation.  See documentation for Memory Management  (https://pytorch.org/docs/stable/notes/cuda.html#environment-variables)
Prompt was: Check if the following C code block is vulnerable to the specific CVE (CVE-2021-34556) and CWE(s) (C...
Failed to check specific CVE/CWE vulnerability for commit_hash f5e81d1117501546b7be050c5fbafa6efd2c722c
Setting `pad_token_id` to `eos_token_id`:2 for open-end generation.
CodeLlama pipeline generation failed: CUDA out of memory. Tried to allocate 33.44 GiB. GPU 0 has a total capacity of 139.81 GiB of which 29.85 GiB is free. Including non-PyTorch memory, this process has 109.96 GiB memory in use. Of the allocated memory 76.46 GiB is allocated by PyTorch, and 32.83 GiB is reserved by PyTorch but unallocated. If reserved but unallocated memory is large try setting PYTORCH_CUDA_ALLOC_CONF=expandable_segments:True to avoid fragmentation.  See documentation for Memory Management  (https://pytorch.org/docs/stable/notes/cuda.html#environment-variables)
Prompt was: Check if the following C code block is vulnerable to the specific CVE (CVE-2015-8952) and CWE(s) (CW...
Failed to check specific CVE/CWE vulnerability for commit_hash 82939d7999dfc1f1998c4b1c12e2f19edbdff272
Setting `pad_token_id` to `eos_token_id`:2 for open-end generation.
CodeLlama pipeline generation failed: CUDA out of memory. Tried to allocate 56.67 GiB. GPU 0 has a total capacity of 139.81 GiB of which 6.61 GiB is free. Including non-PyTorch memory, this process has 133.19 GiB memory in use. Of the allocated memory 111.87 GiB is allocated by PyTorch, and 20.66 GiB is reserved by PyTorch but unallocated. If reserved but unallocated memory is large try setting PYTORCH_CUDA_ALLOC_CONF=expandable_segments:True to avoid fragmentation.  See documentation for Memory Management  (https://pytorch.org/docs/stable/notes/cuda.html#environment-variables)
Prompt was: Check if the following C code block is vulnerable to the specific CVE (CVE-2016-3841) and CWE(s) (CW...
Failed to check specific CVE/CWE vulnerability for commit_hash 45f6fad84cc305103b28d73482b344d7f5b76f39
2025-10-09 22:45:59,548 - job_codellama_database_1760064348 - INFO - Completed task: is_vulnerable_patch_cve_cwe
2025-10-09 22:45:59,550 - job_codellama_database_1760064348 - INFO - Starting task: suggest_fix
You seem to be using the pipelines sequentially on GPU. In order to maximize efficiency please use a dataset
Setting `pad_token_id` to `eos_token_id`:2 for open-end generation.
CodeLlama pipeline returned empty content. Full result: [{'generated_text': '\n\n\n\n\n\n\n\n\n\n\n\n\n\n\n\n\n\n\n\n\n\n\n\n\n\n\n\n\n\n\n\n\n\n\n\n\n\n\n\n\n\n\n\n\n\n\n\n\n\n\n\n\n\n\n\n\n\n\n\n\n\n\n\n\n\n\n\n\n\n\n\n\n\n\n\n\n\n\n\n\n\n\n\n\n\n\n\n\n\n\n\n\n\n\n\n\n\n\n\n'}]
Failed to generate a fix for commit_hash f3554aeb991214cbfafd17d55e2bfddb50282e32
Setting `pad_token_id` to `eos_token_id`:2 for open-end generation.
CodeLlama pipeline returned empty content. Full result: [{'generated_text': '\n\n\n\n\n\n\n\n\n\n\n\n\n\n\n\n\n\n\n\n\n\n\n\n\n\n\n\n\n\n\n\n\n\n\n\n\n\n\n\n\n\n\n\n\n\n\n\n\n\n\n\n\n\n\n\n\n\n\n\n\n\n\n\n\n\n\n\n\n\n\n\n\n\n\n\n\n\n\n\n\n\n\n\n\n\n\n\n\n\n\n\n\n\n\n\n\n\n\n\n'}]
Failed to generate a fix for commit_hash 98bea253aa28ad8be2ce565a9ca21beb4a9419e5
Setting `pad_token_id` to `eos_token_id`:2 for open-end generation.
CodeLlama pipeline returned empty content. Full result: [{'generated_text': '\n\n\n\n\n\n\n\n\n\n\n\n\n\n\n\n\n\n\n\n\n\n\n\n\n\n\n\n\n\n\n\n\n\n\n\n\n\n\n\n\n\n\n\n\n\n\n\n\n\n\n\n\n\n\n\n\n\n\n\n\n\n\n\n\n\n\n\n\n\n\n\n\n\n\n\n\n\n\n\n\n\n\n\n\n\n\n\n\n\n\n\n\n\n\n\n\n\n\n\n'}]
Failed to generate a fix for commit_hash cfa1a2329a691ffd991fcf7248a57d752e712881
Setting `pad_token_id` to `eos_token_id`:2 for open-end generation.
CodeLlama pipeline returned empty content. Full result: [{'generated_text': '\n\n\n\n\n\n\n\n\n\n\n\n\n\n\n\n\n\n\n\n\n\n\n\n\n\n\n\n\n\n\n\n\n\n\n\n\n\n\n\n\n\n\n\n\n\n\n\n\n\n\n\n\n\n\n\n\n\n\n\n\n\n\n\n\n\n\n\n\n\n\n\n\n\n\n\n\n\n\n\n\n\n\n\n\n\n\n\n\n\n\n\n\n\n\n\n\n\n\n\n'}]
Failed to generate a fix for commit_hash ee1fee900537b5d9560e9f937402de5ddc8412f3
Setting `pad_token_id` to `eos_token_id`:2 for open-end generation.
CodeLlama pipeline returned empty content. Full result: [{'generated_text': '\n\n\n\n\n\n\n\n\n\n\n\n\n\n\n\n\n\n\n\n\n\n\n\n\n\n\n\n\n\n\n\n\n\n\n\n\n\n\n\n\n\n\n\n\n\n\n\n\n\n\n\n\n\n\n\n\n\n\n\n\n\n\n\n\n\n\n\n\n\n\n\n\n\n\n\n\n\n\n\n\n\n\n\n\n\n\n\n\n\n\n\n\n\n\n\n\n\n\n\n'}]
Failed to generate a fix for commit_hash 6921ed9049bc7457f66c1596c5b78aec0dae4a9d
Setting `pad_token_id` to `eos_token_id`:2 for open-end generation.
CodeLlama pipeline returned empty content. Full result: [{'generated_text': '\n\n\n\n\n\n\n\n\n\n\n\n\n\n\n\n\n\n\n\n\n\n\n\n\n\n\n\n\n\n\n\n\n\n\n\n\n\n\n\n\n\n\n\n\n\n\n\n\n\n\n\n\n\n\n\n\n\n\n\n\n\n\n\n\n\n\n\n\n\n\n\n\n\n\n\n\n\n\n\n\n\n\n\n\n\n\n\n\n\n\n\n\n\n\n\n\n\n\n\n'}]
Failed to generate a fix for commit_hash 2671fa4dc0109d3fb581bc3078fdf17b5d9080f6
Setting `pad_token_id` to `eos_token_id`:2 for open-end generation.
CodeLlama pipeline generation failed: CUDA out of memory. Tried to allocate 34.72 GiB. GPU 0 has a total capacity of 139.81 GiB of which 28.56 GiB is free. Including non-PyTorch memory, this process has 111.24 GiB memory in use. Of the allocated memory 78.42 GiB is allocated by PyTorch, and 32.16 GiB is reserved by PyTorch but unallocated. If reserved but unallocated memory is large try setting PYTORCH_CUDA_ALLOC_CONF=expandable_segments:True to avoid fragmentation.  See documentation for Memory Management  (https://pytorch.org/docs/stable/notes/cuda.html#environment-variables)
Prompt was: Fix the following vulnerable C code. Provide ONLY the corrected code without any explanations, comme...
Failed to generate a fix for commit_hash f5e81d1117501546b7be050c5fbafa6efd2c722c
Setting `pad_token_id` to `eos_token_id`:2 for open-end generation.
Setting `pad_token_id` to `eos_token_id`:2 for open-end generation.
CodeLlama pipeline returned empty content. Full result: [{'generated_text': '\n\n\n\n\n\n\n\n\n\n\n\n\n\n\n\n\n\n\n\n\n\n\n\n\n\n\n\n\n\n\n\n\n\n\n\n\n\n\n\n\n\n\n\n\n\n\n\n\n\n\n\n\n\n\n\n\n\n\n\n\n\n\n\n\n\n\n\n\n\n\n\n\n\n\n\n\n\n\n\n\n\n\n\n\n\n\n\n\n\n\n\n\n\n\n\n\n\n\n\n'}]
Failed to generate a fix for commit_hash 6fd99094de2b83d1d4c8457f2c83483b2828e75a
Setting `pad_token_id` to `eos_token_id`:2 for open-end generation.
CodeLlama pipeline generation failed: CUDA out of memory. Tried to allocate 32.90 GiB. GPU 0 has a total capacity of 139.81 GiB of which 30.39 GiB is free. Including non-PyTorch memory, this process has 109.42 GiB memory in use. Of the allocated memory 75.64 GiB is allocated by PyTorch, and 33.12 GiB is reserved by PyTorch but unallocated. If reserved but unallocated memory is large try setting PYTORCH_CUDA_ALLOC_CONF=expandable_segments:True to avoid fragmentation.  See documentation for Memory Management  (https://pytorch.org/docs/stable/notes/cuda.html#environment-variables)
Prompt was: Fix the following vulnerable C code. Provide ONLY the corrected code without any explanations, comme...
Failed to generate a fix for commit_hash 82939d7999dfc1f1998c4b1c12e2f19edbdff272
2025-10-09 22:46:14,970 - job_codellama_database_1760064348 - INFO - Task suggest_fix: 10/22 commits processed
Setting `pad_token_id` to `eos_token_id`:2 for open-end generation.
CodeLlama pipeline returned empty content. Full result: [{'generated_text': '\n\n\n\n\n\n\n\n\n\n\n\n\n\n\n\n\n\n\n\n\n\n\n\n\n\n\n\n\n\n\n\n\n\n\n\n\n\n\n\n\n\n\n\n\n\n\n\n\n\n\n\n\n\n\n\n\n\n\n\n\n\n\n\n\n\n\n\n\n\n\n\n\n\n\n\n\n\n\n\n\n\n\n\n\n\n\n\n\n\n\n\n\n\n\n\n\n\n\n\n'}]
Failed to generate a fix for commit_hash b5871dca250cd391885218b99cc015aca1a51aea
Setting `pad_token_id` to `eos_token_id`:2 for open-end generation.
CodeLlama pipeline returned empty content. Full result: [{'generated_text': '\n\n\n\n\n\n\n\n\n\n\n\n\n\n\n\n\n\n\n\n\n\n\n\n\n\n\n\n\n\n\n\n\n\n\n\n\n\n\n\n\n\n\n\n\n\n\n\n\n\n\n\n\n\n\n\n\n\n\n\n\n\n\n\n\n\n\n\n\n\n\n\n\n\n\n\n\n\n\n\n\n\n\n\n\n\n\n\n\n\n\n\n\n\n\n\n\n\n\n\n'}]
Failed to generate a fix for commit_hash 7d3ba9360c6dac7c077fbd6631e08f32ea2bcd53
Setting `pad_token_id` to `eos_token_id`:2 for open-end generation.
CodeLlama pipeline returned empty content. Full result: [{'generated_text': '\n\n\n\n\n\n\n\n\n\n\n\n\n\n\n\n\n\n\n\n\n\n\n\n\n\n\n\n\n\n\n\n\n\n\n\n\n\n\n\n\n\n\n\n\n\n\n\n\n\n\n\n\n\n\n\n\n\n\n\n\n\n\n\n\n\n\n\n\n\n\n\n\n\n\n\n\n\n\n\n\n\n\n\n\n\n\n\n\n\n\n\n\n\n\n\n\n\n\n\n'}]
Failed to generate a fix for commit_hash d9092f52d7e61dd1557f2db2400ddb430e85937e
Setting `pad_token_id` to `eos_token_id`:2 for open-end generation.
CodeLlama pipeline returned empty content. Full result: [{'generated_text': '\n\n\n\n\n\n\n\n\n\n\n\n\n\n\n\n\n\n\n\n\n\n\n\n\n\n\n\n\n\n\n\n\n\n\n\n\n\n\n\n\n\n\n\n\n\n\n\n\n\n\n\n\n\n\n\n\n\n\n\n\n\n\n\n\n\n\n\n\n\n\n\n\n\n\n\n\n\n\n\n\n\n\n\n\n\n\n\n\n\n\n\n\n\n\n\n\n\n\n\n'}]
Failed to generate a fix for commit_hash 2568a7e0832ee30b0a351016d03062ab4e0e0a3f
Setting `pad_token_id` to `eos_token_id`:2 for open-end generation.
CodeLlama pipeline returned empty content. Full result: [{'generated_text': '\n\n\n\n\n\n\n\n\n\n\n\n\n\n\n\n\n\n\n\n\n\n\n\n\n\n\n\n\n\n\n\n\n\n\n\n\n\n\n\n\n\n\n\n\n\n\n\n\n\n\n\n\n\n\n\n\n\n\n\n\n\n\n\n\n\n\n\n\n\n\n\n\n\n\n\n\n\n\n\n\n\n\n\n\n\n\n\n\n\n\n\n\n\n\n\n\n\n\n\n'}]
Failed to generate a fix for commit_hash 19b61392c5a852b4e8a0bf35aecb969983c5932d
Setting `pad_token_id` to `eos_token_id`:2 for open-end generation.
CodeLlama pipeline returned empty content. Full result: [{'generated_text': '\n\n\n\n\n\n\n\n\n\n\n\n\n\n\n\n\n\n\n\n\n\n\n\n\n\n\n\n\n\n\n\n\n\n\n\n\n\n\n\n\n\n\n\n\n\n\n\n\n\n\n\n\n\n\n\n\n\n\n\n\n\n\n\n\n\n\n\n\n\n\n\n\n\n\n\n\n\n\n\n\n\n\n\n\n\n\n\n\n\n\n\n\n\n\n\n\n\n\n\n'}]
Failed to generate a fix for commit_hash 8a2b307c21d4b290e3cbe33f768f194286d07c23
Setting `pad_token_id` to `eos_token_id`:2 for open-end generation.
CodeLlama pipeline returned empty content. Full result: [{'generated_text': '\n\n\n\n\n\n\n\n\n\n\n\n\n\n\n\n\n\n\n\n\n\n\n\n\n\n\n\n\n\n\n\n\n\n\n\n\n\n\n\n\n\n\n\n\n\n\n\n\n\n\n\n\n\n\n\n\n\n\n\n\n\n\n\n\n\n\n\n\n\n\n\n\n\n\n\n\n\n\n\n\n\n\n\n\n\n\n\n\n\n\n\n\n\n\n\n\n\n\n\n'}]
Failed to generate a fix for commit_hash 0d62e9dd6da45bbf0f33a8617afc5fe774c8f45f
Setting `pad_token_id` to `eos_token_id`:2 for open-end generation.
CodeLlama pipeline returned empty content. Full result: [{'generated_text': '\n\n\n\n\n\n\n\n\n\n\n\n\n\n\n\n\n\n\n\n\n\n\n\n\n\n\n\n\n\n\n\n\n\n\n\n\n\n\n\n\n\n\n\n\n\n\n\n\n\n\n\n\n\n\n\n\n\n\n\n\n\n\n\n\n\n\n\n\n\n\n\n\n\n\n\n\n\n\n\n\n\n\n\n\n\n\n\n\n\n\n\n\n\n\n\n\n\n\n\n'}]
Failed to generate a fix for commit_hash 95ee62083cb6453e056562d91f597552021e6ae7
Setting `pad_token_id` to `eos_token_id`:2 for open-end generation.
CodeLlama pipeline returned empty content. Full result: [{'generated_text': '\n\n\n\n\n\n\n\n\n\n\n\n\n\n\n\n\n\n\n\n\n\n\n\n\n\n\n\n\n\n\n\n\n\n\n\n\n\n\n\n\n\n\n\n\n\n\n\n\n\n\n\n\n\n\n\n\n\n\n\n\n\n\n\n\n\n\n\n\n\n\n\n\n\n\n\n\n\n\n\n\n\n\n\n\n\n\n\n\n\n\n\n\n\n\n\n\n\n\n\n'}]
Failed to generate a fix for commit_hash 6c8991f41546c3c472503dff1ea9daaddf9331c2
Setting `pad_token_id` to `eos_token_id`:2 for open-end generation.
CodeLlama pipeline returned empty content. Full result: [{'generated_text': '\n\n\n\n\n\n\n\n\n\n\n\n\n\n\n\n\n\n\n\n\n\n\n\n\n\n\n\n\n\n\n\n\n\n\n\n\n\n\n\n\n\n\n\n\n\n\n\n\n\n\n\n\n\n\n\n\n\n\n\n\n\n\n\n\n\n\n\n\n\n\n\n\n\n\n\n\n\n\n\n\n\n\n\n\n\n\n\n\n\n\n\n\n\n\n\n\n\n\n\n'}]
Failed to generate a fix for commit_hash ad993a95c508417acdeb15244109e009e50d8758
2025-10-09 22:46:32,296 - job_codellama_database_1760064348 - INFO - Task suggest_fix: 20/22 commits processed
Setting `pad_token_id` to `eos_token_id`:2 for open-end generation.
CodeLlama pipeline returned empty content. Full result: [{'generated_text': '\n\n\n\n\n\n\n\n\n\n\n\n\n\n\n\n\n\n\n\n\n\n\n\n\n\n\n\n\n\n\n\n\n\n\n\n\n\n\n\n\n\n\n\n\n\n\n\n\n\n\n\n\n\n\n\n\n\n\n\n\n\n\n\n\n\n\n\n\n\n\n\n\n\n\n\n\n\n\n\n\n\n\n\n\n\n\n\n\n\n\n\n\n\n\n\n\n\n\n\n'}]
Failed to generate a fix for commit_hash a4866aa812518ed1a37d8ea0c881dc946409de94
Setting `pad_token_id` to `eos_token_id`:2 for open-end generation.
CodeLlama pipeline returned empty content. Full result: [{'generated_text': '\n\n\n\n\n\n\n\n\n\n\n\n\n\n\n\n\n\n\n\n\n\n\n\n\n\n\n\n\n\n\n\n\n\n\n\n\n\n\n\n\n\n\n\n\n\n\n\n\n\n\n\n\n\n\n\n\n\n\n\n\n\n\n\n\n\n\n\n\n\n\n\n\n\n\n\n\n\n\n\n\n\n\n\n\n\n\n\n\n\n\n\n\n\n\n\n\n\n\n\n'}]
Failed to generate a fix for commit_hash d0d62baa7f505bd4c59cd169692ff07ec49dde37
2025-10-09 22:46:34,965 - job_codellama_database_1760064348 - INFO - Completed task: suggest_fix
2025-10-09 22:46:34,969 - job_codellama_database_1760064348 - INFO - Starting task: suggest_fix_fewshot
Setting `pad_token_id` to `eos_token_id`:2 for open-end generation.
Setting `pad_token_id` to `eos_token_id`:2 for open-end generation.
CodeLlama pipeline returned empty content. Full result: [{'generated_text': '\n\n\n\n\n\n\n\n\n\n\n\n\n\n\n\n\n\n\n\n\n\n\n\n\n\n\n\n\n\n\n\n\n\n\n\n\n\n\n\n\n\n\n\n\n\n\n\n\n\n\n\n\n\n\n\n\n\n\n\n\n\n\n\n\n\n\n\n\n\n\n\n\n\n\n\n\n\n\n\n\n\n\n\n\n\n\n\n\n\n\n\n\n\n\n\n\n\n\n\n'}]
Failed to generate a fix for commit_hash 22c7fa171a02d310e3a3f6ed46a698ca8a0060ed
Setting `pad_token_id` to `eos_token_id`:2 for open-end generation.
CodeLlama pipeline returned empty content. Full result: [{'generated_text': '\n\n\n\n\n\n\n\n\n\n\n\n\n\n\n\n\n\n\n\n\n\n\n\n\n\n\n\n\n\n\n\n\n\n\n\n\n\n\n\n\n\n\n\n\n\n\n\n\n\n\n\n\n\n\n\n\n\n\n\n\n\n\n\n\n\n\n\n\n\n\n\n\n\n\n\n\n\n\n\n\n\n\n\n\n\n\n\n\n\n\n\n\n\n\n\n\n\n\n\n'}]
Failed to generate a fix for commit_hash 281d464a34f540de166cee74b723e97ac2515ec3
Setting `pad_token_id` to `eos_token_id`:2 for open-end generation.
CodeLlama pipeline returned empty content. Full result: [{'generated_text': '\n\n\n\n\n\n\n\n\n\n\n\n\n\n\n\n\n\n\n\n\n\n\n\n\n\n\n\n\n\n\n\n\n\n\n\n\n\n\n\n\n\n\n\n\n\n\n\n\n\n\n\n\n\n\n\n\n\n\n\n\n\n\n\n\n\n\n\n\n\n\n\n\n\n\n\n\n\n\n\n\n\n\n\n\n\n\n\n\n\n\n\n\n\n\n\n\n\n\n\n'}]
Failed to generate a fix for commit_hash 6787d916c2cf9850c97a0a3f73e08c43e7d973b1
Setting `pad_token_id` to `eos_token_id`:2 for open-end generation.
CodeLlama pipeline returned empty content. Full result: [{'generated_text': '\n\n\n\n\n\n\n\n\n\n\n\n\n\n\n\n\n\n\n\n\n\n\n\n\n\n\n\n\n\n\n\n\n\n\n\n\n\n\n\n\n\n\n\n\n\n\n\n\n\n\n\n\n\n\n\n\n\n\n\n\n\n\n\n\n\n\n\n\n\n\n\n\n\n\n\n\n\n\n\n\n\n\n\n\n\n\n\n\n\n\n\n\n\n\n\n\n\n\n\n'}]
Failed to generate a fix for commit_hash 7c55b78818cfb732680c4a72ab270cc2d2ee3d0f
Setting `pad_token_id` to `eos_token_id`:2 for open-end generation.
CodeLlama pipeline returned empty content. Full result: [{'generated_text': '\n\n\n\n\n\n\n\n\n\n\n\n\n\n\n\n\n\n\n\n\n\n\n\n\n\n\n\n\n\n\n\n\n\n\n\n\n\n\n\n\n\n\n\n\n\n\n\n\n\n\n\n\n\n\n\n\n\n\n\n\n\n\n\n\n\n\n\n\n\n\n\n\n\n\n\n\n\n\n\n\n\n\n\n\n\n\n\n\n\n\n\n\n\n\n\n\n\n\n\n'}]
Failed to generate a fix for commit_hash 2bfcfd584ff5ccc8bb7acde19b42570414bf880b
Setting `pad_token_id` to `eos_token_id`:2 for open-end generation.
CodeLlama pipeline returned empty content. Full result: [{'generated_text': '\n\n\n\n\n\n\n\n\n\n\n\n\n\n\n\n\n\n\n\n\n\n\n\n\n\n\n\n\n\n\n\n\n\n\n\n\n\n\n\n\n\n\n\n\n\n\n\n\n\n\n\n\n\n\n\n\n\n\n\n\n\n\n\n\n\n\n\n\n\n\n\n\n\n\n\n\n\n\n\n\n\n\n\n\n\n\n\n\n\n\n\n\n\n\n\n\n\n\n\n'}]
Failed to generate a fix for commit_hash 838c7b8f1f278404d9d684c34a8cb26dc41aaaa1
Setting `pad_token_id` to `eos_token_id`:2 for open-end generation.
CodeLlama pipeline returned empty content. Full result: [{'generated_text': '\n\n\n\n\n\n\n\n\n\n\n\n\n\n\n\n\n\n\n\n\n\n\n\n\n\n\n\n\n\n\n\n\n\n\n\n\n\n\n\n\n\n\n\n\n\n\n\n\n\n\n\n\n\n\n\n\n\n\n\n\n\n\n\n\n\n\n\n\n\n\n\n\n\n\n\n\n\n\n\n\n\n\n\n\n\n\n\n\n\n\n\n\n\n\n\n\n\n\n\n'}]
Failed to generate a fix for commit_hash 8bdd9ef7e9b1b2a73e394712b72b22055e0e26c3
Setting `pad_token_id` to `eos_token_id`:2 for open-end generation.
CodeLlama pipeline returned empty content. Full result: [{'generated_text': '\n\n\n\n\n\n\n\n\n\n\n\n\n\n\n\n\n\n\n\n\n\n\n\n\n\n\n\n\n\n\n\n\n\n\n\n\n\n\n\n\n\n\n\n\n\n\n\n\n\n\n\n\n\n\n\n\n\n\n\n\n\n\n\n\n\n\n\n\n\n\n\n\n\n\n\n\n\n\n\n\n\n\n\n\n\n\n\n\n\n\n\n\n\n\n\n\n\n\n\n'}]
Failed to generate a fix for commit_hash 39244cc754829bf707dccd12e2ce37510f5b1f8d
Setting `pad_token_id` to `eos_token_id`:2 for open-end generation.
CodeLlama pipeline returned empty content. Full result: [{'generated_text': '\n\n\n\n\n\n\n\n\n\n\n\n\n\n\n\n\n\n\n\n\n\n\n\n\n\n\n\n\n\n\n\n\n\n\n\n\n\n\n\n\n\n\n\n\n\n\n\n\n\n\n\n\n\n\n\n\n\n\n\n\n\n\n\n\n\n\n\n\n\n\n\n\n\n\n\n\n\n\n\n\n\n\n\n\n\n\n\n\n\n\n\n\n\n\n\n\n\n\n\n'}]
Failed to generate a fix for commit_hash 03f12122b20b6e6028e9ed69030a49f9cffcbb75
2025-10-09 22:46:50,694 - job_codellama_database_1760064348 - INFO - Task suggest_fix_fewshot: 10/91 commits processed
Setting `pad_token_id` to `eos_token_id`:2 for open-end generation.
CodeLlama pipeline returned empty content. Full result: [{'generated_text': '\n\n\n\n\n\n\n\n\n\n\n\n\n\n\n\n\n\n\n\n\n\n\n\n\n\n\n\n\n\n\n\n\n\n\n\n\n\n\n\n\n\n\n\n\n\n\n\n\n\n\n\n\n\n\n\n\n\n\n\n\n\n\n\n\n\n\n\n\n\n\n\n\n\n\n\n\n\n\n\n\n\n\n\n\n\n\n\n\n\n\n\n\n\n\n\n\n\n\n\n'}]
Failed to generate a fix for commit_hash 6eabce6608d6f3440f4c03aa3d3ef50a47a3d193
Setting `pad_token_id` to `eos_token_id`:2 for open-end generation.
CodeLlama pipeline returned empty content. Full result: [{'generated_text': '\n\n\n\n\n\n\n\n\n\n\n\n\n\n\n\n\n\n\n\n\n\n\n\n\n\n\n\n\n\n\n\n\n\n\n\n\n\n\n\n\n\n\n\n\n\n\n\n\n\n\n\n\n\n\n\n\n\n\n\n\n\n\n\n\n\n\n\n\n\n\n\n\n\n\n\n\n\n\n\n\n\n\n\n\n\n\n\n\n\n\n\n\n\n\n\n\n\n\n\n'}]
Failed to generate a fix for commit_hash f3554aeb991214cbfafd17d55e2bfddb50282e32
Setting `pad_token_id` to `eos_token_id`:2 for open-end generation.
CodeLlama pipeline returned empty content. Full result: [{'generated_text': '\n\n\n\n\n\n\n\n\n\n\n\n\n\n\n\n\n\n\n\n\n\n\n\n\n\n\n\n\n\n\n\n\n\n\n\n\n\n\n\n\n\n\n\n\n\n\n\n\n\n\n\n\n\n\n\n\n\n\n\n\n\n\n\n\n\n\n\n\n\n\n\n\n\n\n\n\n\n\n\n\n\n\n\n\n\n\n\n\n\n\n\n\n\n\n\n\n\n\n\n'}]
Failed to generate a fix for commit_hash f16d80b75a096c52354c6e0a574993f3b0dfbdfe
Setting `pad_token_id` to `eos_token_id`:2 for open-end generation.
CodeLlama pipeline returned empty content. Full result: [{'generated_text': '\n\n\n\n\n\n\n\n\n\n\n\n\n\n\n\n\n\n\n\n\n\n\n\n\n\n\n\n\n\n\n\n\n\n\n\n\n\n\n\n\n\n\n\n\n\n\n\n\n\n\n\n\n\n\n\n\n\n\n\n\n\n\n\n\n\n\n\n\n\n\n\n\n\n\n\n\n\n\n\n\n\n\n\n\n\n\n\n\n\n\n\n\n\n\n\n\n\n\n\n'}]
Failed to generate a fix for commit_hash 759c01142a5d0f364a462346168a56de28a80f52
Setting `pad_token_id` to `eos_token_id`:2 for open-end generation.
CodeLlama pipeline returned empty content. Full result: [{'generated_text': '\n\n\n\n\n\n\n\n\n\n\n\n\n\n\n\n\n\n\n\n\n\n\n\n\n\n\n\n\n\n\n\n\n\n\n\n\n\n\n\n\n\n\n\n\n\n\n\n\n\n\n\n\n\n\n\n\n\n\n\n\n\n\n\n\n\n\n\n\n\n\n\n\n\n\n\n\n\n\n\n\n\n\n\n\n\n\n\n\n\n\n\n\n\n\n\n\n\n\n\n'}]
Failed to generate a fix for commit_hash 1fb254aa983bf190cfd685d40c64a480a9bafaee
Setting `pad_token_id` to `eos_token_id`:2 for open-end generation.
CodeLlama pipeline returned empty content. Full result: [{'generated_text': '\n\n\n\n\n\n\n\n\n\n\n\n\n\n\n\n\n\n\n\n\n\n\n\n\n\n\n\n\n\n\n\n\n\n\n\n\n\n\n\n\n\n\n\n\n\n\n\n\n\n\n\n\n\n\n\n\n\n\n\n\n\n\n\n\n\n\n\n\n\n\n\n\n\n\n\n\n\n\n\n\n\n\n\n\n\n\n\n\n\n\n\n\n\n\n\n\n\n\n\n'}]
Failed to generate a fix for commit_hash 3c52c6bb831f6335c176a0fc7214e26f43adbd11
Setting `pad_token_id` to `eos_token_id`:2 for open-end generation.
CodeLlama pipeline returned empty content. Full result: [{'generated_text': '\n\n\n\n\n\n\n\n\n\n\n\n\n\n\n\n\n\n\n\n\n\n\n\n\n\n\n\n\n\n\n\n\n\n\n\n\n\n\n\n\n\n\n\n\n\n\n\n\n\n\n\n\n\n\n\n\n\n\n\n\n\n\n\n\n\n\n\n\n\n\n\n\n\n\n\n\n\n\n\n\n\n\n\n\n\n\n\n\n\n\n\n\n\n\n\n\n\n\n\n'}]
Failed to generate a fix for commit_hash 10d9d8c3512f16cad47b2ff81ec6fc4b27d8ee10
Setting `pad_token_id` to `eos_token_id`:2 for open-end generation.
CodeLlama pipeline returned empty content. Full result: [{'generated_text': '\n\n\n\n\n\n\n\n\n\n\n\n\n\n\n\n\n\n\n\n\n\n\n\n\n\n\n\n\n\n\n\n\n\n\n\n\n\n\n\n\n\n\n\n\n\n\n\n\n\n\n\n\n\n\n\n\n\n\n\n\n\n\n\n\n\n\n\n\n\n\n\n\n\n\n\n\n\n\n\n\n\n\n\n\n\n\n\n\n\n\n\n\n\n\n\n\n\n\n\n'}]
Failed to generate a fix for commit_hash 4df153652cc46545722879415937582028c18af5
Setting `pad_token_id` to `eos_token_id`:2 for open-end generation.
CodeLlama pipeline returned empty content. Full result: [{'generated_text': '\n\n\n\n\n\n\n\n\n\n\n\n\n\n\n\n\n\n\n\n\n\n\n\n\n\n\n\n\n\n\n\n\n\n\n\n\n\n\n\n\n\n\n\n\n\n\n\n\n\n\n\n\n\n\n\n\n\n\n\n\n\n\n\n\n\n\n\n\n\n\n\n\n\n\n\n\n\n\n\n\n\n\n\n\n\n\n\n\n\n\n\n\n\n\n\n\n\n\n\n'}]
Failed to generate a fix for commit_hash 10d9d8c3512f16cad47b2ff81ec6fc4b27d8ee10
Setting `pad_token_id` to `eos_token_id`:2 for open-end generation.
CodeLlama pipeline returned empty content. Full result: [{'generated_text': '\n\n\n\n\n\n\n\n\n\n\n\n\n\n\n\n\n\n\n\n\n\n\n\n\n\n\n\n\n\n\n\n\n\n\n\n\n\n\n\n\n\n\n\n\n\n\n\n\n\n\n\n\n\n\n\n\n\n\n\n\n\n\n\n\n\n\n\n\n\n\n\n\n\n\n\n\n\n\n\n\n\n\n\n\n\n\n\n\n\n\n\n\n\n\n\n\n\n\n\n'}]
Failed to generate a fix for commit_hash 1b3ec4f7c03d4b07bad70697d7e2f4088d2cfe92
2025-10-09 22:47:12,651 - job_codellama_database_1760064348 - INFO - Task suggest_fix_fewshot: 20/91 commits processed
Setting `pad_token_id` to `eos_token_id`:2 for open-end generation.
CodeLlama pipeline returned empty content. Full result: [{'generated_text': '\n\n\n\n\n\n\n\n\n\n\n\n\n\n\n\n\n\n\n\n\n\n\n\n\n\n\n\n\n\n\n\n\n\n\n\n\n\n\n\n\n\n\n\n\n\n\n\n\n\n\n\n\n\n\n\n\n\n\n\n\n\n\n\n\n\n\n\n\n\n\n\n\n\n\n\n\n\n\n\n\n\n\n\n\n\n\n\n\n\n\n\n\n\n\n\n\n\n\n\n'}]
Failed to generate a fix for commit_hash 021d53a3d87eeb9dbba524ac515651242a2a7e3b
Setting `pad_token_id` to `eos_token_id`:2 for open-end generation.
CodeLlama pipeline returned empty content. Full result: [{'generated_text': '\n\n\n\n\n\n\n\n\n\n\n\n\n\n\n\n\n\n\n\n\n\n\n\n\n\n\n\n\n\n\n\n\n\n\n\n\n\n\n\n\n\n\n\n\n\n\n\n\n\n\n\n\n\n\n\n\n\n\n\n\n\n\n\n\n\n\n\n\n\n\n\n\n\n\n\n\n\n\n\n\n\n\n\n\n\n\n\n\n\n\n\n\n\n\n\n\n\n\n\n'}]
Failed to generate a fix for commit_hash 046667c4d3196938e992fba0dfcde570aa85cd0e
Setting `pad_token_id` to `eos_token_id`:2 for open-end generation.
CodeLlama pipeline returned empty content. Full result: [{'generated_text': '\n\n\n\n\n\n\n\n\n\n\n\n\n\n\n\n\n\n\n\n\n\n\n\n\n\n\n\n\n\n\n\n\n\n\n\n\n\n\n\n\n\n\n\n\n\n\n\n\n\n\n\n\n\n\n\n\n\n\n\n\n\n\n\n\n\n\n\n\n\n\n\n\n\n\n\n\n\n\n\n\n\n\n\n\n\n\n\n\n\n\n\n\n\n\n\n\n\n\n\n'}]
Failed to generate a fix for commit_hash 87e3ca055cdc6c63fb82b9bec7c370405d03f6ef
Setting `pad_token_id` to `eos_token_id`:2 for open-end generation.
CodeLlama pipeline returned empty content. Full result: [{'generated_text': '\n\n\n\n\n\n\n\n\n\n\n\n\n\n\n\n\n\n\n\n\n\n\n\n\n\n\n\n\n\n\n\n\n\n\n\n\n\n\n\n\n\n\n\n\n\n\n\n\n\n\n\n\n\n\n\n\n\n\n\n\n\n\n\n\n\n\n\n\n\n\n\n\n\n\n\n\n\n\n\n\n\n\n\n\n\n\n\n\n\n\n\n\n\n\n\n\n\n\n\n'}]
Failed to generate a fix for commit_hash ac795161c93699d600db16c1a8cc23a65a1eceaf
Setting `pad_token_id` to `eos_token_id`:2 for open-end generation.
CodeLlama pipeline returned empty content. Full result: [{'generated_text': '\n\n\n\n\n\n\n\n\n\n\n\n\n\n\n\n\n\n\n\n\n\n\n\n\n\n\n\n\n\n\n\n\n\n\n\n\n\n\n\n\n\n\n\n\n\n\n\n\n\n\n\n\n\n\n\n\n\n\n\n\n\n\n\n\n\n\n\n\n\n\n\n\n\n\n\n\n\n\n\n\n\n\n\n\n\n\n\n\n\n\n\n\n\n\n\n\n\n\n\n'}]
Failed to generate a fix for commit_hash 48f091fd50b2eb33ae5eaea9ed3c4f81603acf38
Setting `pad_token_id` to `eos_token_id`:2 for open-end generation.
CodeLlama pipeline returned empty content. Full result: [{'generated_text': '\n\n\n\n\n\n\n\n\n\n\n\n\n\n\n\n\n\n\n\n\n\n\n\n\n\n\n\n\n\n\n\n\n\n\n\n\n\n\n\n\n\n\n\n\n\n\n\n\n\n\n\n\n\n\n\n\n\n\n\n\n\n\n\n\n\n\n\n\n\n\n\n\n\n\n\n\n\n\n\n\n\n\n\n\n\n\n\n\n\n\n\n\n\n\n\n\n\n\n\n'}]
Failed to generate a fix for commit_hash 2b09d5d364986f724f17001ccfe4126b9b43a0be
Setting `pad_token_id` to `eos_token_id`:2 for open-end generation.
CodeLlama pipeline returned empty content. Full result: [{'generated_text': '\n\n\n\n\n\n\n\n\n\n\n\n\n\n\n\n\n\n\n\n\n\n\n\n\n\n\n\n\n\n\n\n\n\n\n\n\n\n\n\n\n\n\n\n\n\n\n\n\n\n\n\n\n\n\n\n\n\n\n\n\n\n\n\n\n\n\n\n\n\n\n\n\n\n\n\n\n\n\n\n\n\n\n\n\n\n\n\n\n\n\n\n\n\n\n\n\n\n\n\n'}]
Failed to generate a fix for commit_hash 71b547f561247897a0a14f3082730156c0533fed
Setting `pad_token_id` to `eos_token_id`:2 for open-end generation.
CodeLlama pipeline returned empty content. Full result: [{'generated_text': '\n\n\n\n\n\n\n\n\n\n\n\n\n\n\n\n\n\n\n\n\n\n\n\n\n\n\n\n\n\n\n\n\n\n\n\n\n\n\n\n\n\n\n\n\n\n\n\n\n\n\n\n\n\n\n\n\n\n\n\n\n\n\n\n\n\n\n\n\n\n\n\n\n\n\n\n\n\n\n\n\n\n\n\n\n\n\n\n\n\n\n\n\n\n\n\n\n\n\n\n'}]
Failed to generate a fix for commit_hash e9261476184be1abd486c9434164b2acbe0ed6c2
Setting `pad_token_id` to `eos_token_id`:2 for open-end generation.
CodeLlama pipeline returned empty content. Full result: [{'generated_text': '\n\n\n\n\n\n\n\n\n\n\n\n\n\n\n\n\n\n\n\n\n\n\n\n\n\n\n\n\n\n\n\n\n\n\n\n\n\n\n\n\n\n\n\n\n\n\n\n\n\n\n\n\n\n\n\n\n\n\n\n\n\n\n\n\n\n\n\n\n\n\n\n\n\n\n\n\n\n\n\n\n\n\n\n\n\n\n\n\n\n\n\n\n\n\n\n\n\n\n\n'}]
Failed to generate a fix for commit_hash b38e7819cae946e2edf869e604af1e65a5d241c5
Setting `pad_token_id` to `eos_token_id`:2 for open-end generation.
CodeLlama pipeline returned empty content. Full result: [{'generated_text': '\n\n\n\n\n\n\n\n\n\n\n\n\n\n\n\n\n\n\n\n\n\n\n\n\n\n\n\n\n\n\n\n\n\n\n\n\n\n\n\n\n\n\n\n\n\n\n\n\n\n\n\n\n\n\n\n\n\n\n\n\n\n\n\n\n\n\n\n\n\n\n\n\n\n\n\n\n\n\n\n\n\n\n\n\n\n\n\n\n\n\n\n\n\n\n\n\n\n\n\n'}]
Failed to generate a fix for commit_hash 98bea253aa28ad8be2ce565a9ca21beb4a9419e5
2025-10-09 22:47:33,322 - job_codellama_database_1760064348 - INFO - Task suggest_fix_fewshot: 30/91 commits processed
Setting `pad_token_id` to `eos_token_id`:2 for open-end generation.
CodeLlama pipeline returned empty content. Full result: [{'generated_text': '\n\n\n\n\n\n\n\n\n\n\n\n\n\n\n\n\n\n\n\n\n\n\n\n\n\n\n\n\n\n\n\n\n\n\n\n\n\n\n\n\n\n\n\n\n\n\n\n\n\n\n\n\n\n\n\n\n\n\n\n\n\n\n\n\n\n\n\n\n\n\n\n\n\n\n\n\n\n\n\n\n\n\n\n\n\n\n\n\n\n\n\n\n\n\n\n\n\n\n\n'}]
Failed to generate a fix for commit_hash 7e9f79428372c6eab92271390851be34ab26bfb4
Setting `pad_token_id` to `eos_token_id`:2 for open-end generation.
CodeLlama pipeline returned empty content. Full result: [{'generated_text': '\n\n\n\n\n\n\n\n\n\n\n\n\n\n\n\n\n\n\n\n\n\n\n\n\n\n\n\n\n\n\n\n\n\n\n\n\n\n\n\n\n\n\n\n\n\n\n\n\n\n\n\n\n\n\n\n\n\n\n\n\n\n\n\n\n\n\n\n\n\n\n\n\n\n\n\n\n\n\n\n\n\n\n\n\n\n\n\n\n\n\n\n\n\n\n\n\n\n\n\n'}]
Failed to generate a fix for commit_hash 483ae90d8f976f8339cf81066312e1329f2d3706
Setting `pad_token_id` to `eos_token_id`:2 for open-end generation.
CodeLlama pipeline returned empty content. Full result: [{'generated_text': '\n\n\n\n\n\n\n\n\n\n\n\n\n\n\n\n\n\n\n\n\n\n\n\n\n\n\n\n\n\n\n\n\n\n\n\n\n\n\n\n\n\n\n\n\n\n\n\n\n\n\n\n\n\n\n\n\n\n\n\n\n\n\n\n\n\n\n\n\n\n\n\n\n\n\n\n\n\n\n\n\n\n\n\n\n\n\n\n\n\n\n\n\n\n\n\n\n\n\n\n'}]
Failed to generate a fix for commit_hash 61ebe5a747da649057c37be1c37eb934b4af79ca
Setting `pad_token_id` to `eos_token_id`:2 for open-end generation.
CodeLlama pipeline returned empty content. Full result: [{'generated_text': '\n\n\n\n\n\n\n\n\n\n\n\n\n\n\n\n\n\n\n\n\n\n\n\n\n\n\n\n\n\n\n\n\n\n\n\n\n\n\n\n\n\n\n\n\n\n\n\n\n\n\n\n\n\n\n\n\n\n\n\n\n\n\n\n\n\n\n\n\n\n\n\n\n\n\n\n\n\n\n\n\n\n\n\n\n\n\n\n\n\n\n\n\n\n\n\n\n\n\n\n'}]
Failed to generate a fix for commit_hash 8aba27c4a5020abdf60149239198297f88338a8d
Setting `pad_token_id` to `eos_token_id`:2 for open-end generation.
CodeLlama pipeline returned empty content. Full result: [{'generated_text': '\n\n\n\n\n\n\n\n\n\n\n\n\n\n\n\n\n\n\n\n\n\n\n\n\n\n\n\n\n\n\n\n\n\n\n\n\n\n\n\n\n\n\n\n\n\n\n\n\n\n\n\n\n\n\n\n\n\n\n\n\n\n\n\n\n\n\n\n\n\n\n\n\n\n\n\n\n\n\n\n\n\n\n\n\n\n\n\n\n\n\n\n\n\n\n\n\n\n\n\n'}]
Failed to generate a fix for commit_hash 626dfed5fa3bfb41e0dffd796032b555b69f9cde
Setting `pad_token_id` to `eos_token_id`:2 for open-end generation.
CodeLlama pipeline returned empty content. Full result: [{'generated_text': '\n\n\n\n\n\n\n\n\n\n\n\n\n\n\n\n\n\n\n\n\n\n\n\n\n\n\n\n\n\n\n\n\n\n\n\n\n\n\n\n\n\n\n\n\n\n\n\n\n\n\n\n\n\n\n\n\n\n\n\n\n\n\n\n\n\n\n\n\n\n\n\n\n\n\n\n\n\n\n\n\n\n\n\n\n\n\n\n\n\n\n\n\n\n\n\n\n\n\n\n'}]
Failed to generate a fix for commit_hash d864319871b05fadd153e0aede4811ca7008f5d6
Setting `pad_token_id` to `eos_token_id`:2 for open-end generation.
CodeLlama pipeline returned empty content. Full result: [{'generated_text': '\n\n\n\n\n\n\n\n\n\n\n\n\n\n\n\n\n\n\n\n\n\n\n\n\n\n\n\n\n\n\n\n\n\n\n\n\n\n\n\n\n\n\n\n\n\n\n\n\n\n\n\n\n\n\n\n\n\n\n\n\n\n\n\n\n\n\n\n\n\n\n\n\n\n\n\n\n\n\n\n\n\n\n\n\n\n\n\n\n\n\n\n\n\n\n\n\n\n\n\n'}]
Failed to generate a fix for commit_hash ee1fee900537b5d9560e9f937402de5ddc8412f3
Setting `pad_token_id` to `eos_token_id`:2 for open-end generation.
CodeLlama pipeline returned empty content. Full result: [{'generated_text': '\n\n\n\n\n\n\n\n\n\n\n\n\n\n\n\n\n\n\n\n\n\n\n\n\n\n\n\n\n\n\n\n\n\n\n\n\n\n\n\n\n\n\n\n\n\n\n\n\n\n\n\n\n\n\n\n\n\n\n\n\n\n\n\n\n\n\n\n\n\n\n\n\n\n\n\n\n\n\n\n\n\n\n\n\n\n\n\n\n\n\n\n\n\n\n\n\n\n\n\n'}]
Failed to generate a fix for commit_hash 0f923e07124df069ba68d8bb12324398f4b6b709
Setting `pad_token_id` to `eos_token_id`:2 for open-end generation.
CodeLlama pipeline returned empty content. Full result: [{'generated_text': '\n\n\n\n\n\n\n\n\n\n\n\n\n\n\n\n\n\n\n\n\n\n\n\n\n\n\n\n\n\n\n\n\n\n\n\n\n\n\n\n\n\n\n\n\n\n\n\n\n\n\n\n\n\n\n\n\n\n\n\n\n\n\n\n\n\n\n\n\n\n\n\n\n\n\n\n\n\n\n\n\n\n\n\n\n\n\n\n\n\n\n\n\n\n\n\n\n\n\n\n'}]
Failed to generate a fix for commit_hash 20c40794eb85ea29852d7bc37c55713802a543d6
Setting `pad_token_id` to `eos_token_id`:2 for open-end generation.
CodeLlama pipeline returned empty content. Full result: [{'generated_text': '\n\n\n\n\n\n\n\n\n\n\n\n\n\n\n\n\n\n\n\n\n\n\n\n\n\n\n\n\n\n\n\n\n\n\n\n\n\n\n\n\n\n\n\n\n\n\n\n\n\n\n\n\n\n\n\n\n\n\n\n\n\n\n\n\n\n\n\n\n\n\n\n\n\n\n\n\n\n\n\n\n\n\n\n\n\n\n\n\n\n\n\n\n\n\n\n\n\n\n\n'}]
Failed to generate a fix for commit_hash 25c150ac103a4ebeed0319994c742a90634ddf18
2025-10-09 22:47:47,170 - job_codellama_database_1760064348 - INFO - Task suggest_fix_fewshot: 40/91 commits processed
Setting `pad_token_id` to `eos_token_id`:2 for open-end generation.
CodeLlama pipeline returned empty content. Full result: [{'generated_text': '\n\n\n\n\n\n\n\n\n\n\n\n\n\n\n\n\n\n\n\n\n\n\n\n\n\n\n\n\n\n\n\n\n\n\n\n\n\n\n\n\n\n\n\n\n\n\n\n\n\n\n\n\n\n\n\n\n\n\n\n\n\n\n\n\n\n\n\n\n\n\n\n\n\n\n\n\n\n\n\n\n\n\n\n\n\n\n\n\n\n\n\n\n\n\n\n\n\n\n\n'}]
Failed to generate a fix for commit_hash 5c9241f3ceab3257abe2923a59950db0dc8bb737
Setting `pad_token_id` to `eos_token_id`:2 for open-end generation.
Setting `pad_token_id` to `eos_token_id`:2 for open-end generation.
CodeLlama pipeline returned empty content. Full result: [{'generated_text': '\n\n\n\n\n\n\n\n\n\n\n\n\n\n\n\n\n\n\n\n\n\n\n\n\n\n\n\n\n\n\n\n\n\n\n\n\n\n\n\n\n\n\n\n\n\n\n\n\n\n\n\n\n\n\n\n\n\n\n\n\n\n\n\n\n\n\n\n\n\n\n\n\n\n\n\n\n\n\n\n\n\n\n\n\n\n\n\n\n\n\n\n\n\n\n\n\n\n\n\n'}]
Failed to generate a fix for commit_hash e4a87abf588536d1cdfb128595e6e680af5cf3ed
Setting `pad_token_id` to `eos_token_id`:2 for open-end generation.
CodeLlama pipeline returned empty content. Full result: [{'generated_text': '\n\n\n\n\n\n\n\n\n\n\n\n\n\n\n\n\n\n\n\n\n\n\n\n\n\n\n\n\n\n\n\n\n\n\n\n\n\n\n\n\n\n\n\n\n\n\n\n\n\n\n\n\n\n\n\n\n\n\n\n\n\n\n\n\n\n\n\n\n\n\n\n\n\n\n\n\n\n\n\n\n\n\n\n\n\n\n\n\n\n\n\n\n\n\n\n\n\n\n\n'}]
Failed to generate a fix for commit_hash 6577b9a551aedb86bca6d4438c28386361845108
Setting `pad_token_id` to `eos_token_id`:2 for open-end generation.
CodeLlama pipeline returned empty content. Full result: [{'generated_text': '\n\n\n\n\n\n\n\n\n\n\n\n\n\n\n\n\n\n\n\n\n\n\n\n\n\n\n\n\n\n\n\n\n\n\n\n\n\n\n\n\n\n\n\n\n\n\n\n\n\n\n\n\n\n\n\n\n\n\n\n\n\n\n\n\n\n\n\n\n\n\n\n\n\n\n\n\n\n\n\n\n\n\n\n\n\n\n\n\n\n\n\n\n\n\n\n\n\n\n\n'}]
Failed to generate a fix for commit_hash 6921ed9049bc7457f66c1596c5b78aec0dae4a9d
Setting `pad_token_id` to `eos_token_id`:2 for open-end generation.
CodeLlama pipeline returned empty content. Full result: [{'generated_text': '\n\n\n\n\n\n\n\n\n\n\n\n\n\n\n\n\n\n\n\n\n\n\n\n\n\n\n\n\n\n\n\n\n\n\n\n\n\n\n\n\n\n\n\n\n\n\n\n\n\n\n\n\n\n\n\n\n\n\n\n\n\n\n\n\n\n\n\n\n\n\n\n\n\n\n\n\n\n\n\n\n\n\n\n\n\n\n\n\n\n\n\n\n\n\n\n\n\n\n\n'}]
Failed to generate a fix for commit_hash 2671fa4dc0109d3fb581bc3078fdf17b5d9080f6
Setting `pad_token_id` to `eos_token_id`:2 for open-end generation.
CodeLlama pipeline generation failed: CUDA out of memory. Tried to allocate 36.77 GiB. GPU 0 has a total capacity of 139.81 GiB of which 22.47 GiB is free. Including non-PyTorch memory, this process has 117.33 GiB memory in use. Of the allocated memory 81.94 GiB is allocated by PyTorch, and 34.72 GiB is reserved by PyTorch but unallocated. If reserved but unallocated memory is large try setting PYTORCH_CUDA_ALLOC_CONF=expandable_segments:True to avoid fragmentation.  See documentation for Memory Management  (https://pytorch.org/docs/stable/notes/cuda.html#environment-variables)
Prompt was: Fix the following vulnerable C code. Provide ONLY the corrected code without any explanations, comme...
Failed to generate a fix for commit_hash f5e81d1117501546b7be050c5fbafa6efd2c722c
Setting `pad_token_id` to `eos_token_id`:2 for open-end generation.
CodeLlama pipeline returned empty content. Full result: [{'generated_text': '\n\n\n\n\n\n\n\n\n\n\n\n\n\n\n\n\n\n\n\n\n\n\n\n\n\n\n\n\n\n\n\n\n\n\n\n\n\n\n\n\n\n\n\n\n\n\n\n\n\n\n\n\n\n\n\n\n\n\n\n\n\n\n\n\n\n\n\n\n\n\n\n\n\n\n\n\n\n\n\n\n\n\n\n\n\n\n\n\n\n\n\n\n\n\n\n\n\n\n\n'}]
Failed to generate a fix for commit_hash 1995266727fa8143897e89b55f5d3c79aa828420
Setting `pad_token_id` to `eos_token_id`:2 for open-end generation.
CodeLlama pipeline returned empty content. Full result: [{'generated_text': '\n\n\n\n\n\n\n\n\n\n\n\n\n\n\n\n\n\n\n\n\n\n\n\n\n\n\n\n\n\n\n\n\n\n\n\n\n\n\n\n\n\n\n\n\n\n\n\n\n\n\n\n\n\n\n\n\n\n\n\n\n\n\n\n\n\n\n\n\n\n\n\n\n\n\n\n\n\n\n\n\n\n\n\n\n\n\n\n\n\n\n\n\n\n\n\n\n\n\n\n'}]
Failed to generate a fix for commit_hash 6fd99094de2b83d1d4c8457f2c83483b2828e75a
Setting `pad_token_id` to `eos_token_id`:2 for open-end generation.
CodeLlama pipeline returned empty content. Full result: [{'generated_text': '\n\n\n\n\n\n\n\n\n\n\n\n\n\n\n\n\n\n\n\n\n\n\n\n\n\n\n\n\n\n\n\n\n\n\n\n\n\n\n\n\n\n\n\n\n\n\n\n\n\n\n\n\n\n\n\n\n\n\n\n\n\n\n\n\n\n\n\n\n\n\n\n\n\n\n\n\n\n\n\n\n\n\n\n\n\n\n\n\n\n\n\n\n\n\n\n\n\n\n\n'}]
Failed to generate a fix for commit_hash 613317bd212c585c20796c10afe5daaa95d4b0a1
2025-10-09 22:48:01,885 - job_codellama_database_1760064348 - INFO - Task suggest_fix_fewshot: 50/91 commits processed
Setting `pad_token_id` to `eos_token_id`:2 for open-end generation.
CodeLlama pipeline generation failed: CUDA out of memory. Tried to allocate 33.50 GiB. GPU 0 has a total capacity of 139.81 GiB of which 25.74 GiB is free. Including non-PyTorch memory, this process has 114.06 GiB memory in use. Of the allocated memory 76.55 GiB is allocated by PyTorch, and 36.84 GiB is reserved by PyTorch but unallocated. If reserved but unallocated memory is large try setting PYTORCH_CUDA_ALLOC_CONF=expandable_segments:True to avoid fragmentation.  See documentation for Memory Management  (https://pytorch.org/docs/stable/notes/cuda.html#environment-variables)
Prompt was: Fix the following vulnerable C code. Provide ONLY the corrected code without any explanations, comme...
Failed to generate a fix for commit_hash 82939d7999dfc1f1998c4b1c12e2f19edbdff272
Setting `pad_token_id` to `eos_token_id`:2 for open-end generation.
CodeLlama pipeline returned empty content. Full result: [{'generated_text': '\n\n\n\n\n\n\n\n\n\n\n\n\n\n\n\n\n\n\n\n\n\n\n\n\n\n\n\n\n\n\n\n\n\n\n\n\n\n\n\n\n\n\n\n\n\n\n\n\n\n\n\n\n\n\n\n\n\n\n\n\n\n\n\n\n\n\n\n\n\n\n\n\n\n\n\n\n\n\n\n\n\n\n\n\n\n\n\n\n\n\n\n\n\n\n\n\n\n\n\n'}]
Failed to generate a fix for commit_hash dfd2bf436709b2bccb78c2dda550dde93700efa7
Setting `pad_token_id` to `eos_token_id`:2 for open-end generation.
CodeLlama pipeline returned empty content. Full result: [{'generated_text': '\n\n\n\n\n\n\n\n\n\n\n\n\n\n\n\n\n\n\n\n\n\n\n\n\n\n\n\n\n\n\n\n\n\n\n\n\n\n\n\n\n\n\n\n\n\n\n\n\n\n\n\n\n\n\n\n\n\n\n\n\n\n\n\n\n\n\n\n\n\n\n\n\n\n\n\n\n\n\n\n\n\n\n\n\n\n\n\n\n\n\n\n\n\n\n\n\n\n\n\n'}]
Failed to generate a fix for commit_hash 7ac28817536797fd40e9646452183606f9e17f71
Setting `pad_token_id` to `eos_token_id`:2 for open-end generation.
CodeLlama pipeline returned empty content. Full result: [{'generated_text': '\n\n\n\n\n\n\n\n\n\n\n\n\n\n\n\n\n\n\n\n\n\n\n\n\n\n\n\n\n\n\n\n\n\n\n\n\n\n\n\n\n\n\n\n\n\n\n\n\n\n\n\n\n\n\n\n\n\n\n\n\n\n\n\n\n\n\n\n\n\n\n\n\n\n\n\n\n\n\n\n\n\n\n\n\n\n\n\n\n\n\n\n\n\n\n\n\n\n\n\n'}]
Failed to generate a fix for commit_hash a294865978b701e4d0d90135672749531b9a900d
Setting `pad_token_id` to `eos_token_id`:2 for open-end generation.
CodeLlama pipeline returned empty content. Full result: [{'generated_text': '\n\n\n\n\n\n\n\n\n\n\n\n\n\n\n\n\n\n\n\n\n\n\n\n\n\n\n\n\n\n\n\n\n\n\n\n\n\n\n\n\n\n\n\n\n\n\n\n\n\n\n\n\n\n\n\n\n\n\n\n\n\n\n\n\n\n\n\n\n\n\n\n\n\n\n\n\n\n\n\n\n\n\n\n\n\n\n\n\n\n\n\n\n\n\n\n\n\n\n\n'}]
Failed to generate a fix for commit_hash 1b1597e64e1a610c7a96710fc4717158e98a08b3
Setting `pad_token_id` to `eos_token_id`:2 for open-end generation.
CodeLlama pipeline returned empty content. Full result: [{'generated_text': '\n\n\n\n\n\n\n\n\n\n\n\n\n\n\n\n\n\n\n\n\n\n\n\n\n\n\n\n\n\n\n\n\n\n\n\n\n\n\n\n\n\n\n\n\n\n\n\n\n\n\n\n\n\n\n\n\n\n\n\n\n\n\n\n\n\n\n\n\n\n\n\n\n\n\n\n\n\n\n\n\n\n\n\n\n\n\n\n\n\n\n\n\n\n\n\n\n\n\n\n'}]
Failed to generate a fix for commit_hash b5871dca250cd391885218b99cc015aca1a51aea
Setting `pad_token_id` to `eos_token_id`:2 for open-end generation.
CodeLlama pipeline returned empty content. Full result: [{'generated_text': '\n\n\n\n\n\n\n\n\n\n\n\n\n\n\n\n\n\n\n\n\n\n\n\n\n\n\n\n\n\n\n\n\n\n\n\n\n\n\n\n\n\n\n\n\n\n\n\n\n\n\n\n\n\n\n\n\n\n\n\n\n\n\n\n\n\n\n\n\n\n\n\n\n\n\n\n\n\n\n\n\n\n\n\n\n\n\n\n\n\n\n\n\n\n\n\n\n\n\n\n'}]
Failed to generate a fix for commit_hash 7d3ba9360c6dac7c077fbd6631e08f32ea2bcd53
Setting `pad_token_id` to `eos_token_id`:2 for open-end generation.
CodeLlama pipeline returned empty content. Full result: [{'generated_text': '\n\n\n\n\n\n\n\n\n\n\n\n\n\n\n\n\n\n\n\n\n\n\n\n\n\n\n\n\n\n\n\n\n\n\n\n\n\n\n\n\n\n\n\n\n\n\n\n\n\n\n\n\n\n\n\n\n\n\n\n\n\n\n\n\n\n\n\n\n\n\n\n\n\n\n\n\n\n\n\n\n\n\n\n\n\n\n\n\n\n\n\n\n\n\n\n\n\n\n\n'}]
Failed to generate a fix for commit_hash 39e72bf96f5847ba87cc5bd7a3ce0fed813dc9ad
Setting `pad_token_id` to `eos_token_id`:2 for open-end generation.
CodeLlama pipeline returned empty content. Full result: [{'generated_text': '\n\n\n\n\n\n\n\n\n\n\n\n\n\n\n\n\n\n\n\n\n\n\n\n\n\n\n\n\n\n\n\n\n\n\n\n\n\n\n\n\n\n\n\n\n\n\n\n\n\n\n\n\n\n\n\n\n\n\n\n\n\n\n\n\n\n\n\n\n\n\n\n\n\n\n\n\n\n\n\n\n\n\n\n\n\n\n\n\n\n\n\n\n\n\n\n\n\n\n\n'}]
Failed to generate a fix for commit_hash 30a46a4647fd1df9cf52e43bf467f0d9265096ca
Setting `pad_token_id` to `eos_token_id`:2 for open-end generation.
CodeLlama pipeline returned empty content. Full result: [{'generated_text': '\n\n\n\n\n\n\n\n\n\n\n\n\n\n\n\n\n\n\n\n\n\n\n\n\n\n\n\n\n\n\n\n\n\n\n\n\n\n\n\n\n\n\n\n\n\n\n\n\n\n\n\n\n\n\n\n\n\n\n\n\n\n\n\n\n\n\n\n\n\n\n\n\n\n\n\n\n\n\n\n\n\n\n\n\n\n\n\n\n\n\n\n\n\n\n\n\n\n\n\n'}]
Failed to generate a fix for commit_hash 3ce424e45411cf5a13105e0386b6ecf6eeb4f66f
2025-10-09 22:48:17,518 - job_codellama_database_1760064348 - INFO - Task suggest_fix_fewshot: 60/91 commits processed
Setting `pad_token_id` to `eos_token_id`:2 for open-end generation.
CodeLlama pipeline returned empty content. Full result: [{'generated_text': '\n\n\n\n\n\n\n\n\n\n\n\n\n\n\n\n\n\n\n\n\n\n\n\n\n\n\n\n\n\n\n\n\n\n\n\n\n\n\n\n\n\n\n\n\n\n\n\n\n\n\n\n\n\n\n\n\n\n\n\n\n\n\n\n\n\n\n\n\n\n\n\n\n\n\n\n\n\n\n\n\n\n\n\n\n\n\n\n\n\n\n\n\n\n\n\n\n\n\n\n'}]
Failed to generate a fix for commit_hash 01ea173e103edd5ec41acec65b9261b87e123fc2
Setting `pad_token_id` to `eos_token_id`:2 for open-end generation.
CodeLlama pipeline returned empty content. Full result: [{'generated_text': '\n\n\n\n\n\n\n\n\n\n\n\n\n\n\n\n\n\n\n\n\n\n\n\n\n\n\n\n\n\n\n\n\n\n\n\n\n\n\n\n\n\n\n\n\n\n\n\n\n\n\n\n\n\n\n\n\n\n\n\n\n\n\n\n\n\n\n\n\n\n\n\n\n\n\n\n\n\n\n\n\n\n\n\n\n\n\n\n\n\n\n\n\n\n\n\n\n\n\n\n'}]
Failed to generate a fix for commit_hash d9092f52d7e61dd1557f2db2400ddb430e85937e
Setting `pad_token_id` to `eos_token_id`:2 for open-end generation.
CodeLlama pipeline returned empty content. Full result: [{'generated_text': '\n\n\n\n\n\n\n\n\n\n\n\n\n\n\n\n\n\n\n\n\n\n\n\n\n\n\n\n\n\n\n\n\n\n\n\n\n\n\n\n\n\n\n\n\n\n\n\n\n\n\n\n\n\n\n\n\n\n\n\n\n\n\n\n\n\n\n\n\n\n\n\n\n\n\n\n\n\n\n\n\n\n\n\n\n\n\n\n\n\n\n\n\n\n\n\n\n\n\n\n'}]
Failed to generate a fix for commit_hash 667121ace9dbafb368618dbabcf07901c962ddac
Setting `pad_token_id` to `eos_token_id`:2 for open-end generation.
CodeLlama pipeline returned empty content. Full result: [{'generated_text': '\n\n\n\n\n\n\n\n\n\n\n\n\n\n\n\n\n\n\n\n\n\n\n\n\n\n\n\n\n\n\n\n\n\n\n\n\n\n\n\n\n\n\n\n\n\n\n\n\n\n\n\n\n\n\n\n\n\n\n\n\n\n\n\n\n\n\n\n\n\n\n\n\n\n\n\n\n\n\n\n\n\n\n\n\n\n\n\n\n\n\n\n\n\n\n\n\n\n\n\n'}]
Failed to generate a fix for commit_hash 9409e22acdfc9153f88d9b1ed2bd2a5b34d2d3ca
Setting `pad_token_id` to `eos_token_id`:2 for open-end generation.
CodeLlama pipeline returned empty content. Full result: [{'generated_text': '\n\n\n\n\n\n\n\n\n\n\n\n\n\n\n\n\n\n\n\n\n\n\n\n\n\n\n\n\n\n\n\n\n\n\n\n\n\n\n\n\n\n\n\n\n\n\n\n\n\n\n\n\n\n\n\n\n\n\n\n\n\n\n\n\n\n\n\n\n\n\n\n\n\n\n\n\n\n\n\n\n\n\n\n\n\n\n\n\n\n\n\n\n\n\n\n\n\n\n\n'}]
Failed to generate a fix for commit_hash 2568a7e0832ee30b0a351016d03062ab4e0e0a3f
Setting `pad_token_id` to `eos_token_id`:2 for open-end generation.
CodeLlama pipeline returned empty content. Full result: [{'generated_text': '\n\n\n\n\n\n\n\n\n\n\n\n\n\n\n\n\n\n\n\n\n\n\n\n\n\n\n\n\n\n\n\n\n\n\n\n\n\n\n\n\n\n\n\n\n\n\n\n\n\n\n\n\n\n\n\n\n\n\n\n\n\n\n\n\n\n\n\n\n\n\n\n\n\n\n\n\n\n\n\n\n\n\n\n\n\n\n\n\n\n\n\n\n\n\n\n\n\n\n\n'}]
Failed to generate a fix for commit_hash 19b61392c5a852b4e8a0bf35aecb969983c5932d
Setting `pad_token_id` to `eos_token_id`:2 for open-end generation.
CodeLlama pipeline returned empty content. Full result: [{'generated_text': '\n\n\n\n\n\n\n\n\n\n\n\n\n\n\n\n\n\n\n\n\n\n\n\n\n\n\n\n\n\n\n\n\n\n\n\n\n\n\n\n\n\n\n\n\n\n\n\n\n\n\n\n\n\n\n\n\n\n\n\n\n\n\n\n\n\n\n\n\n\n\n\n\n\n\n\n\n\n\n\n\n\n\n\n\n\n\n\n\n\n\n\n\n\n\n\n\n\n\n\n'}]
Failed to generate a fix for commit_hash 90bfdeef83f1d6c696039b6a917190dcbbad3220
Setting `pad_token_id` to `eos_token_id`:2 for open-end generation.
CodeLlama pipeline returned empty content. Full result: [{'generated_text': '\n\n\n\n\n\n\n\n\n\n\n\n\n\n\n\n\n\n\n\n\n\n\n\n\n\n\n\n\n\n\n\n\n\n\n\n\n\n\n\n\n\n\n\n\n\n\n\n\n\n\n\n\n\n\n\n\n\n\n\n\n\n\n\n\n\n\n\n\n\n\n\n\n\n\n\n\n\n\n\n\n\n\n\n\n\n\n\n\n\n\n\n\n\n\n\n\n\n\n\n'}]
Failed to generate a fix for commit_hash 8a2b307c21d4b290e3cbe33f768f194286d07c23
Setting `pad_token_id` to `eos_token_id`:2 for open-end generation.
CodeLlama pipeline returned empty content. Full result: [{'generated_text': '\n\n\n\n\n\n\n\n\n\n\n\n\n\n\n\n\n\n\n\n\n\n\n\n\n\n\n\n\n\n\n\n\n\n\n\n\n\n\n\n\n\n\n\n\n\n\n\n\n\n\n\n\n\n\n\n\n\n\n\n\n\n\n\n\n\n\n\n\n\n\n\n\n\n\n\n\n\n\n\n\n\n\n\n\n\n\n\n\n\n\n\n\n\n\n\n\n\n\n\n'}]
Failed to generate a fix for commit_hash 8ba69ba6a324b13e1190fc31e41954d190fd4f1d
Setting `pad_token_id` to `eos_token_id`:2 for open-end generation.
CodeLlama pipeline returned empty content. Full result: [{'generated_text': '\n\n\n\n\n\n\n\n\n\n\n\n\n\n\n\n\n\n\n\n\n\n\n\n\n\n\n\n\n\n\n\n\n\n\n\n\n\n\n\n\n\n\n\n\n\n\n\n\n\n\n\n\n\n\n\n\n\n\n\n\n\n\n\n\n\n\n\n\n\n\n\n\n\n\n\n\n\n\n\n\n\n\n\n\n\n\n\n\n\n\n\n\n\n\n\n\n\n\n\n'}]
Failed to generate a fix for commit_hash 9b00f1b78809309163dda2d044d9e94a3c0248a3
2025-10-09 22:48:35,563 - job_codellama_database_1760064348 - INFO - Task suggest_fix_fewshot: 70/91 commits processed
Setting `pad_token_id` to `eos_token_id`:2 for open-end generation.
CodeLlama pipeline returned empty content. Full result: [{'generated_text': '\n\n\n\n\n\n\n\n\n\n\n\n\n\n\n\n\n\n\n\n\n\n\n\n\n\n\n\n\n\n\n\n\n\n\n\n\n\n\n\n\n\n\n\n\n\n\n\n\n\n\n\n\n\n\n\n\n\n\n\n\n\n\n\n\n\n\n\n\n\n\n\n\n\n\n\n\n\n\n\n\n\n\n\n\n\n\n\n\n\n\n\n\n\n\n\n\n\n\n\n'}]
Failed to generate a fix for commit_hash f50733b45d865f91db90919f8311e2127ce5a0cb
Setting `pad_token_id` to `eos_token_id`:2 for open-end generation.
CodeLlama pipeline returned empty content. Full result: [{'generated_text': '\n\n\n\n\n\n\n\n\n\n\n\n\n\n\n\n\n\n\n\n\n\n\n\n\n\n\n\n\n\n\n\n\n\n\n\n\n\n\n\n\n\n\n\n\n\n\n\n\n\n\n\n\n\n\n\n\n\n\n\n\n\n\n\n\n\n\n\n\n\n\n\n\n\n\n\n\n\n\n\n\n\n\n\n\n\n\n\n\n\n\n\n\n\n\n\n\n\n\n\n'}]
Failed to generate a fix for commit_hash a58d9166a756a0f4a6618e4f593232593d6df134
Setting `pad_token_id` to `eos_token_id`:2 for open-end generation.
CodeLlama pipeline returned empty content. Full result: [{'generated_text': '\n\n\n\n\n\n\n\n\n\n\n\n\n\n\n\n\n\n\n\n\n\n\n\n\n\n\n\n\n\n\n\n\n\n\n\n\n\n\n\n\n\n\n\n\n\n\n\n\n\n\n\n\n\n\n\n\n\n\n\n\n\n\n\n\n\n\n\n\n\n\n\n\n\n\n\n\n\n\n\n\n\n\n\n\n\n\n\n\n\n\n\n\n\n\n\n\n\n\n\n'}]
Failed to generate a fix for commit_hash ebb3f994dd92f8fb4d70c7541091216c1e10cb71
Setting `pad_token_id` to `eos_token_id`:2 for open-end generation.
CodeLlama pipeline returned empty content. Full result: [{'generated_text': '\n\n\n\n\n\n\n\n\n\n\n\n\n\n\n\n\n\n\n\n\n\n\n\n\n\n\n\n\n\n\n\n\n\n\n\n\n\n\n\n\n\n\n\n\n\n\n\n\n\n\n\n\n\n\n\n\n\n\n\n\n\n\n\n\n\n\n\n\n\n\n\n\n\n\n\n\n\n\n\n\n\n\n\n\n\n\n\n\n\n\n\n\n\n\n\n\n\n\n\n'}]
Failed to generate a fix for commit_hash 0d62e9dd6da45bbf0f33a8617afc5fe774c8f45f
Setting `pad_token_id` to `eos_token_id`:2 for open-end generation.
CodeLlama pipeline returned empty content. Full result: [{'generated_text': '\n\n\n\n\n\n\n\n\n\n\n\n\n\n\n\n\n\n\n\n\n\n\n\n\n\n\n\n\n\n\n\n\n\n\n\n\n\n\n\n\n\n\n\n\n\n\n\n\n\n\n\n\n\n\n\n\n\n\n\n\n\n\n\n\n\n\n\n\n\n\n\n\n\n\n\n\n\n\n\n\n\n\n\n\n\n\n\n\n\n\n\n\n\n\n\n\n\n\n\n'}]
Failed to generate a fix for commit_hash 95ee62083cb6453e056562d91f597552021e6ae7
Setting `pad_token_id` to `eos_token_id`:2 for open-end generation.
Setting `pad_token_id` to `eos_token_id`:2 for open-end generation.
CodeLlama pipeline returned empty content. Full result: [{'generated_text': '\n\n\n\n\n\n\n\n\n\n\n\n\n\n\n\n\n\n\n\n\n\n\n\n\n\n\n\n\n\n\n\n\n\n\n\n\n\n\n\n\n\n\n\n\n\n\n\n\n\n\n\n\n\n\n\n\n\n\n\n\n\n\n\n\n\n\n\n\n\n\n\n\n\n\n\n\n\n\n\n\n\n\n\n\n\n\n\n\n\n\n\n\n\n\n\n\n\n\n\n'}]
Failed to generate a fix for commit_hash 9571f829f30a89b888ec4c3a72f5a04573f0e058
Setting `pad_token_id` to `eos_token_id`:2 for open-end generation.
CodeLlama pipeline returned empty content. Full result: [{'generated_text': '\n\n\n\n\n\n\n\n\n\n\n\n\n\n\n\n\n\n\n\n\n\n\n\n\n\n\n\n\n\n\n\n\n\n\n\n\n\n\n\n\n\n\n\n\n\n\n\n\n\n\n\n\n\n\n\n\n\n\n\n\n\n\n\n\n\n\n\n\n\n\n\n\n\n\n\n\n\n\n\n\n\n\n\n\n\n\n\n\n\n\n\n\n\n\n\n\n\n\n\n'}]
Failed to generate a fix for commit_hash e0e3cea46d31d23dc40df0a49a7a2c04fe8edfea
Setting `pad_token_id` to `eos_token_id`:2 for open-end generation.
CodeLlama pipeline returned empty content. Full result: [{'generated_text': '\n\n\n\n\n\n\n\n\n\n\n\n\n\n\n\n\n\n\n\n\n\n\n\n\n\n\n\n\n\n\n\n\n\n\n\n\n\n\n\n\n\n\n\n\n\n\n\n\n\n\n\n\n\n\n\n\n\n\n\n\n\n\n\n\n\n\n\n\n\n\n\n\n\n\n\n\n\n\n\n\n\n\n\n\n\n\n\n\n\n\n\n\n\n\n\n\n\n\n\n'}]
Failed to generate a fix for commit_hash add52379dde2e5300e2d574b172e62c6cf43b3d3
Setting `pad_token_id` to `eos_token_id`:2 for open-end generation.
CodeLlama pipeline returned empty content. Full result: [{'generated_text': '\n\n\n\n\n\n\n\n\n\n\n\n\n\n\n\n\n\n\n\n\n\n\n\n\n\n\n\n\n\n\n\n\n\n\n\n\n\n\n\n\n\n\n\n\n\n\n\n\n\n\n\n\n\n\n\n\n\n\n\n\n\n\n\n\n\n\n\n\n\n\n\n\n\n\n\n\n\n\n\n\n\n\n\n\n\n\n\n\n\n\n\n\n\n\n\n\n\n\n\n'}]
Failed to generate a fix for commit_hash ad993a95c508417acdeb15244109e009e50d8758
2025-10-09 22:48:52,102 - job_codellama_database_1760064348 - INFO - Task suggest_fix_fewshot: 80/91 commits processed
Setting `pad_token_id` to `eos_token_id`:2 for open-end generation.
CodeLlama pipeline returned empty content. Full result: [{'generated_text': '\n\n\n\n\n\n\n\n\n\n\n\n\n\n\n\n\n\n\n\n\n\n\n\n\n\n\n\n\n\n\n\n\n\n\n\n\n\n\n\n\n\n\n\n\n\n\n\n\n\n\n\n\n\n\n\n\n\n\n\n\n\n\n\n\n\n\n\n\n\n\n\n\n\n\n\n\n\n\n\n\n\n\n\n\n\n\n\n\n\n\n\n\n\n\n\n\n\n\n\n'}]
Failed to generate a fix for commit_hash 22cf8419f1319ff87ec759d0ebdff4cbafaee832
Setting `pad_token_id` to `eos_token_id`:2 for open-end generation.
CodeLlama pipeline returned empty content. Full result: [{'generated_text': '\n\n\n\n\n\n\n\n\n\n\n\n\n\n\n\n\n\n\n\n\n\n\n\n\n\n\n\n\n\n\n\n\n\n\n\n\n\n\n\n\n\n\n\n\n\n\n\n\n\n\n\n\n\n\n\n\n\n\n\n\n\n\n\n\n\n\n\n\n\n\n\n\n\n\n\n\n\n\n\n\n\n\n\n\n\n\n\n\n\n\n\n\n\n\n\n\n\n\n\n'}]
Failed to generate a fix for commit_hash 9fa2dd946743ae6f30dc4830da19147bf100a7f2
Setting `pad_token_id` to `eos_token_id`:2 for open-end generation.
CodeLlama pipeline returned empty content. Full result: [{'generated_text': '\n\n\n\n\n\n\n\n\n\n\n\n\n\n\n\n\n\n\n\n\n\n\n\n\n\n\n\n\n\n\n\n\n\n\n\n\n\n\n\n\n\n\n\n\n\n\n\n\n\n\n\n\n\n\n\n\n\n\n\n\n\n\n\n\n\n\n\n\n\n\n\n\n\n\n\n\n\n\n\n\n\n\n\n\n\n\n\n\n\n\n\n\n\n\n\n\n\n\n\n'}]
Failed to generate a fix for commit_hash 4f11918ab93bc113ec0831ed2ab7b88847d44dd7
Setting `pad_token_id` to `eos_token_id`:2 for open-end generation.
CodeLlama pipeline returned empty content. Full result: [{'generated_text': '\n\n\n\n\n\n\n\n\n\n\n\n\n\n\n\n\n\n\n\n\n\n\n\n\n\n\n\n\n\n\n\n\n\n\n\n\n\n\n\n\n\n\n\n\n\n\n\n\n\n\n\n\n\n\n\n\n\n\n\n\n\n\n\n\n\n\n\n\n\n\n\n\n\n\n\n\n\n\n\n\n\n\n\n\n\n\n\n\n\n\n\n\n\n\n\n\n\n\n\n'}]
Failed to generate a fix for commit_hash fa40d9734a57bcbfa79a280189799f76c88f7bb0
Setting `pad_token_id` to `eos_token_id`:2 for open-end generation.
CodeLlama pipeline returned empty content. Full result: [{'generated_text': '\n\n\n\n\n\n\n\n\n\n\n\n\n\n\n\n\n\n\n\n\n\n\n\n\n\n\n\n\n\n\n\n\n\n\n\n\n\n\n\n\n\n\n\n\n\n\n\n\n\n\n\n\n\n\n\n\n\n\n\n\n\n\n\n\n\n\n\n\n\n\n\n\n\n\n\n\n\n\n\n\n\n\n\n\n\n\n\n\n\n\n\n\n\n\n\n\n\n\n\n'}]
Failed to generate a fix for commit_hash 966031f340185eddd05affcf72b740549f056348
Setting `pad_token_id` to `eos_token_id`:2 for open-end generation.
CodeLlama pipeline returned empty content. Full result: [{'generated_text': '\n\n\n\n\n\n\n\n\n\n\n\n\n\n\n\n\n\n\n\n\n\n\n\n\n\n\n\n\n\n\n\n\n\n\n\n\n\n\n\n\n\n\n\n\n\n\n\n\n\n\n\n\n\n\n\n\n\n\n\n\n\n\n\n\n\n\n\n\n\n\n\n\n\n\n\n\n\n\n\n\n\n\n\n\n\n\n\n\n\n\n\n\n\n\n\n\n\n\n\n'}]
Failed to generate a fix for commit_hash 355b98553789b646ed97ad801a619ff898471b92
Setting `pad_token_id` to `eos_token_id`:2 for open-end generation.
CodeLlama pipeline returned empty content. Full result: [{'generated_text': '\n\n\n\n\n\n\n\n\n\n\n\n\n\n\n\n\n\n\n\n\n\n\n\n\n\n\n\n\n\n\n\n\n\n\n\n\n\n\n\n\n\n\n\n\n\n\n\n\n\n\n\n\n\n\n\n\n\n\n\n\n\n\n\n\n\n\n\n\n\n\n\n\n\n\n\n\n\n\n\n\n\n\n\n\n\n\n\n\n\n\n\n\n\n\n\n\n\n\n\n'}]
Failed to generate a fix for commit_hash ad67b74d2469d9b82aaa572d76474c95bc484d57
Setting `pad_token_id` to `eos_token_id`:2 for open-end generation.
CodeLlama pipeline returned empty content. Full result: [{'generated_text': '\n\n\n\n\n\n\n\n\n\n\n\n\n\n\n\n\n\n\n\n\n\n\n\n\n\n\n\n\n\n\n\n\n\n\n\n\n\n\n\n\n\n\n\n\n\n\n\n\n\n\n\n\n\n\n\n\n\n\n\n\n\n\n\n\n\n\n\n\n\n\n\n\n\n\n\n\n\n\n\n\n\n\n\n\n\n\n\n\n\n\n\n\n\n\n\n\n\n\n\n'}]
Failed to generate a fix for commit_hash ee8f844e3c5a73b999edf733df1c529d6503ec2f
Setting `pad_token_id` to `eos_token_id`:2 for open-end generation.
CodeLlama pipeline returned empty content. Full result: [{'generated_text': '\n\n\n\n\n\n\n\n\n\n\n\n\n\n\n\n\n\n\n\n\n\n\n\n\n\n\n\n\n\n\n\n\n\n\n\n\n\n\n\n\n\n\n\n\n\n\n\n\n\n\n\n\n\n\n\n\n\n\n\n\n\n\n\n\n\n\n\n\n\n\n\n\n\n\n\n\n\n\n\n\n\n\n\n\n\n\n\n\n\n\n\n\n\n\n\n\n\n\n\n'}]
Failed to generate a fix for commit_hash 72bb8f8cc088730c4d84117a6906f458c2fc64bb
Setting `pad_token_id` to `eos_token_id`:2 for open-end generation.
CodeLlama pipeline returned empty content. Full result: [{'generated_text': '\n\n\n\n\n\n\n\n\n\n\n\n\n\n\n\n\n\n\n\n\n\n\n\n\n\n\n\n\n\n\n\n\n\n\n\n\n\n\n\n\n\n\n\n\n\n\n\n\n\n\n\n\n\n\n\n\n\n\n\n\n\n\n\n\n\n\n\n\n\n\n\n\n\n\n\n\n\n\n\n\n\n\n\n\n\n\n\n\n\n\n\n\n\n\n\n\n\n\n\n'}]
Failed to generate a fix for commit_hash 9c6d778800b921bde3bff3cff5003d1650f942d1
2025-10-09 22:49:06,335 - job_codellama_database_1760064348 - INFO - Task suggest_fix_fewshot: 90/91 commits processed
Setting `pad_token_id` to `eos_token_id`:2 for open-end generation.
CodeLlama pipeline returned empty content. Full result: [{'generated_text': '\n\n\n\n\n\n\n\n\n\n\n\n\n\n\n\n\n\n\n\n\n\n\n\n\n\n\n\n\n\n\n\n\n\n\n\n\n\n\n\n\n\n\n\n\n\n\n\n\n\n\n\n\n\n\n\n\n\n\n\n\n\n\n\n\n\n\n\n\n\n\n\n\n\n\n\n\n\n\n\n\n\n\n\n\n\n\n\n\n\n\n\n\n\n\n\n\n\n\n\n'}]
Failed to generate a fix for commit_hash 8b8addf891de8a00e4d39fc32f93f7c5eb8feceb
2025-10-09 22:49:07,664 - job_codellama_database_1760064348 - INFO - Completed task: suggest_fix_fewshot
2025-10-09 22:49:07,667 - job_codellama_database_1760064348 - INFO - Starting task: rank_cwe
2025-10-09 22:49:07,670 - job_codellama_database_1760064348 - INFO - No incomplete commits for task rank_cwe
2025-10-09 22:49:07,673 - job_codellama_database_1760064348 - INFO - Job completed successfully
Loading checkpoint shards:   0%|          | 0/2 [00:00<?, ?it/s]Loading checkpoint shards: 100%|██████████| 2/2 [00:00<00:00, 101.78it/s]
Device set to use cuda:0
Loading checkpoint shards:   0%|          | 0/2 [00:00<?, ?it/s]Loading checkpoint shards: 100%|██████████| 2/2 [00:00<00:00, 99.02it/s]
Device set to use cuda:0
2025-10-09 22:49:10,342 - job_codellama_database_leakagefree_1760064549 - INFO - Starting task: is_vulnerable_vuln
2025-10-09 22:49:10,365 - job_codellama_database_leakagefree_1760064549 - INFO - No incomplete commits for task is_vulnerable_vuln
2025-10-09 22:49:10,368 - job_codellama_database_leakagefree_1760064549 - INFO - Starting task: is_vulnerable_patch
2025-10-09 22:49:10,394 - job_codellama_database_leakagefree_1760064549 - INFO - No incomplete commits for task is_vulnerable_patch
2025-10-09 22:49:10,396 - job_codellama_database_leakagefree_1760064549 - INFO - Starting task: is_vulnerable_vuln_cve_cwe
2025-10-09 22:49:10,424 - job_codellama_database_leakagefree_1760064549 - INFO - No incomplete commits for task is_vulnerable_vuln_cve_cwe
2025-10-09 22:49:10,426 - job_codellama_database_leakagefree_1760064549 - INFO - Starting task: is_vulnerable_patch_cve_cwe
2025-10-09 22:49:10,449 - job_codellama_database_leakagefree_1760064549 - INFO - No incomplete commits for task is_vulnerable_patch_cve_cwe
2025-10-09 22:49:10,451 - job_codellama_database_leakagefree_1760064549 - INFO - Starting task: suggest_fix
Setting `pad_token_id` to `eos_token_id`:2 for open-end generation.
CodeLlama pipeline returned empty content. Full result: [{'generated_text': '\n\n\n\n\n\n\n\n\n\n\n\n\n\n\n\n\n\n\n\n\n\n\n\n\n\n\n\n\n\n\n\n\n\n\n\n\n\n\n\n\n\n\n\n\n\n\n\n\n\n\n\n\n\n\n\n\n\n\n\n\n\n\n\n\n\n\n\n\n\n\n\n\n\n\n\n\n\n\n\n\n\n\n\n\n\n\n\n\n\n\n\n\n\n\n\n\n\n\n\n'}]
Failed to generate a fix for commit_hash 7d34ec36abb84fdfb6632a0f2cbda90379ae21fc
Setting `pad_token_id` to `eos_token_id`:2 for open-end generation.
CodeLlama pipeline returned empty content. Full result: [{'generated_text': '\n\n\n\n\n\n\n\n\n\n\n\n\n\n\n\n\n\n\n\n\n\n\n\n\n\n\n\n\n\n\n\n\n\n\n\n\n\n\n\n\n\n\n\n\n\n\n\n\n\n\n\n\n\n\n\n\n\n\n\n\n\n\n\n\n\n\n\n\n\n\n\n\n\n\n\n\n\n\n\n\n\n\n\n\n\n\n\n\n\n\n\n\n\n\n\n\n\n\n\n'}]
Failed to generate a fix for commit_hash 33927f3d0ecdcff06326d6e4edb6166aed42811c
Setting `pad_token_id` to `eos_token_id`:2 for open-end generation.
CodeLlama pipeline returned empty content. Full result: [{'generated_text': '\n\n\n\n\n\n\n\n\n\n\n\n\n\n\n\n\n\n\n\n\n\n\n\n\n\n\n\n\n\n\n\n\n\n\n\n\n\n\n\n\n\n\n\n\n\n\n\n\n\n\n\n\n\n\n\n\n\n\n\n\n\n\n\n\n\n\n\n\n\n\n\n\n\n\n\n\n\n\n\n\n\n\n\n\n\n\n\n\n\n\n\n\n\n\n\n\n\n\n\n'}]
Failed to generate a fix for commit_hash d832ccbc301fbd9e5a1d691bdcf461cdb514595f
Setting `pad_token_id` to `eos_token_id`:2 for open-end generation.
CodeLlama pipeline returned empty content. Full result: [{'generated_text': '\n\n\n\n\n\n\n\n\n\n\n\n\n\n\n\n\n\n\n\n\n\n\n\n\n\n\n\n\n\n\n\n\n\n\n\n\n\n\n\n\n\n\n\n\n\n\n\n\n\n\n\n\n\n\n\n\n\n\n\n\n\n\n\n\n\n\n\n\n\n\n\n\n\n\n\n\n\n\n\n\n\n\n\n\n\n\n\n\n\n\n\n\n\n\n\n\n\n\n\n'}]
Failed to generate a fix for commit_hash c28f922c9dcee0e4876a2c095939d77fe7e15116
Setting `pad_token_id` to `eos_token_id`:2 for open-end generation.
CodeLlama pipeline returned empty content. Full result: [{'generated_text': '\n\n\n\n\n\n\n\n\n\n\n\n\n\n\n\n\n\n\n\n\n\n\n\n\n\n\n\n\n\n\n\n\n\n\n\n\n\n\n\n\n\n\n\n\n\n\n\n\n\n\n\n\n\n\n\n\n\n\n\n\n\n\n\n\n\n\n\n\n\n\n\n\n\n\n\n\n\n\n\n\n\n\n\n\n\n\n\n\n\n\n\n\n\n\n\n\n\n\n\n'}]
Failed to generate a fix for commit_hash f2e467a48287c868818085aa35389a224d226732
Setting `pad_token_id` to `eos_token_id`:2 for open-end generation.
CodeLlama pipeline returned empty content. Full result: [{'generated_text': '\n\n\n\n\n\n\n\n\n\n\n\n\n\n\n\n\n\n\n\n\n\n\n\n\n\n\n\n\n\n\n\n\n\n\n\n\n\n\n\n\n\n\n\n\n\n\n\n\n\n\n\n\n\n\n\n\n\n\n\n\n\n\n\n\n\n\n\n\n\n\n\n\n\n\n\n\n\n\n\n\n\n\n\n\n\n\n\n\n\n\n\n\n\n\n\n\n\n\n\n'}]
Failed to generate a fix for commit_hash d9cef55ed49117bd63695446fb84b4b91815c0b4
Setting `pad_token_id` to `eos_token_id`:2 for open-end generation.
CodeLlama pipeline returned empty content. Full result: [{'generated_text': '\n\n\n\n\n\n\n\n\n\n\n\n\n\n\n\n\n\n\n\n\n\n\n\n\n\n\n\n\n\n\n\n\n\n\n\n\n\n\n\n\n\n\n\n\n\n\n\n\n\n\n\n\n\n\n\n\n\n\n\n\n\n\n\n\n\n\n\n\n\n\n\n\n\n\n\n\n\n\n\n\n\n\n\n\n\n\n\n\n\n\n\n\n\n\n\n\n\n\n\n'}]
Failed to generate a fix for commit_hash 49befc830daa743e051a65468c05c2ff9e8580e6
Setting `pad_token_id` to `eos_token_id`:2 for open-end generation.
CodeLlama pipeline returned empty content. Full result: [{'generated_text': '\n\n\n\n\n\n\n\n\n\n\n\n\n\n\n\n\n\n\n\n\n\n\n\n\n\n\n\n\n\n\n\n\n\n\n\n\n\n\n\n\n\n\n\n\n\n\n\n\n\n\n\n\n\n\n\n\n\n\n\n\n\n\n\n\n\n\n\n\n\n\n\n\n\n\n\n\n\n\n\n\n\n\n\n\n\n\n\n\n\n\n\n\n\n\n\n\n\n\n\n'}]
Failed to generate a fix for commit_hash 3382a1ed7f778db841063f5d7e317ac55f9e7f72
Setting `pad_token_id` to `eos_token_id`:2 for open-end generation.
CodeLlama pipeline returned empty content. Full result: [{'generated_text': '\n\n\n\n\n\n\n\n\n\n\n\n\n\n\n\n\n\n\n\n\n\n\n\n\n\n\n\n\n\n\n\n\n\n\n\n\n\n\n\n\n\n\n\n\n\n\n\n\n\n\n\n\n\n\n\n\n\n\n\n\n\n\n\n\n\n\n\n\n\n\n\n\n\n\n\n\n\n\n\n\n\n\n\n\n\n\n\n\n\n\n\n\n\n\n\n\n\n\n\n'}]
Failed to generate a fix for commit_hash df207de9d9e7a4d92f8567e2c539d9c8c12fd99d
2025-10-09 22:49:22,777 - job_codellama_database_leakagefree_1760064549 - INFO - Completed task: suggest_fix
2025-10-09 22:49:22,780 - job_codellama_database_leakagefree_1760064549 - INFO - Starting task: suggest_fix_fewshot
Setting `pad_token_id` to `eos_token_id`:2 for open-end generation.
CodeLlama pipeline returned empty content. Full result: [{'generated_text': '\n\n\n\n\n\n\n\n\n\n\n\n\n\n\n\n\n\n\n\n\n\n\n\n\n\n\n\n\n\n\n\n\n\n\n\n\n\n\n\n\n\n\n\n\n\n\n\n\n\n\n\n\n\n\n\n\n\n\n\n\n\n\n\n\n\n\n\n\n\n\n\n\n\n\n\n\n\n\n\n\n\n\n\n\n\n\n\n\n\n\n\n\n\n\n\n\n\n\n\n'}]
Failed to generate a fix for commit_hash 77de19b6867f2740cdcb6c9c7e50d522b47847a4
Setting `pad_token_id` to `eos_token_id`:2 for open-end generation.
CodeLlama pipeline returned empty content. Full result: [{'generated_text': '\n\n\n\n\n\n\n\n\n\n\n\n\n\n\n\n\n\n\n\n\n\n\n\n\n\n\n\n\n\n\n\n\n\n\n\n\n\n\n\n\n\n\n\n\n\n\n\n\n\n\n\n\n\n\n\n\n\n\n\n\n\n\n\n\n\n\n\n\n\n\n\n\n\n\n\n\n\n\n\n\n\n\n\n\n\n\n\n\n\n\n\n\n\n\n\n\n\n\n\n'}]
Failed to generate a fix for commit_hash fdf480da5837c23b146c4743c18de97202fcab37
Setting `pad_token_id` to `eos_token_id`:2 for open-end generation.
CodeLlama pipeline returned empty content. Full result: [{'generated_text': '\n\n\n\n\n\n\n\n\n\n\n\n\n\n\n\n\n\n\n\n\n\n\n\n\n\n\n\n\n\n\n\n\n\n\n\n\n\n\n\n\n\n\n\n\n\n\n\n\n\n\n\n\n\n\n\n\n\n\n\n\n\n\n\n\n\n\n\n\n\n\n\n\n\n\n\n\n\n\n\n\n\n\n\n\n\n\n\n\n\n\n\n\n\n\n\n\n\n\n\n'}]
Failed to generate a fix for commit_hash a466fd7e9fafd975949e5945e2f70c33a94b1a70
Setting `pad_token_id` to `eos_token_id`:2 for open-end generation.
CodeLlama pipeline returned empty content. Full result: [{'generated_text': '\n\n\n\n\n\n\n\n\n\n\n\n\n\n\n\n\n\n\n\n\n\n\n\n\n\n\n\n\n\n\n\n\n\n\n\n\n\n\n\n\n\n\n\n\n\n\n\n\n\n\n\n\n\n\n\n\n\n\n\n\n\n\n\n\n\n\n\n\n\n\n\n\n\n\n\n\n\n\n\n\n\n\n\n\n\n\n\n\n\n\n\n\n\n\n\n\n\n\n\n'}]
Failed to generate a fix for commit_hash 75845c6c1a64483e9985302793dbf0dfa5f71e32
Setting `pad_token_id` to `eos_token_id`:2 for open-end generation.
CodeLlama pipeline returned empty content. Full result: [{'generated_text': '\n\n\n\n\n\n\n\n\n\n\n\n\n\n\n\n\n\n\n\n\n\n\n\n\n\n\n\n\n\n\n\n\n\n\n\n\n\n\n\n\n\n\n\n\n\n\n\n\n\n\n\n\n\n\n\n\n\n\n\n\n\n\n\n\n\n\n\n\n\n\n\n\n\n\n\n\n\n\n\n\n\n\n\n\n\n\n\n\n\n\n\n\n\n\n\n\n\n\n\n'}]
Failed to generate a fix for commit_hash 7d34ec36abb84fdfb6632a0f2cbda90379ae21fc
Setting `pad_token_id` to `eos_token_id`:2 for open-end generation.
CodeLlama pipeline returned empty content. Full result: [{'generated_text': '\n\n\n\n\n\n\n\n\n\n\n\n\n\n\n\n\n\n\n\n\n\n\n\n\n\n\n\n\n\n\n\n\n\n\n\n\n\n\n\n\n\n\n\n\n\n\n\n\n\n\n\n\n\n\n\n\n\n\n\n\n\n\n\n\n\n\n\n\n\n\n\n\n\n\n\n\n\n\n\n\n\n\n\n\n\n\n\n\n\n\n\n\n\n\n\n\n\n\n\n'}]
Failed to generate a fix for commit_hash de788b2e6227462b6dcd0e07474e72c089008f74
Setting `pad_token_id` to `eos_token_id`:2 for open-end generation.
CodeLlama pipeline returned empty content. Full result: [{'generated_text': '\n\n\n\n\n\n\n\n\n\n\n\n\n\n\n\n\n\n\n\n\n\n\n\n\n\n\n\n\n\n\n\n\n\n\n\n\n\n\n\n\n\n\n\n\n\n\n\n\n\n\n\n\n\n\n\n\n\n\n\n\n\n\n\n\n\n\n\n\n\n\n\n\n\n\n\n\n\n\n\n\n\n\n\n\n\n\n\n\n\n\n\n\n\n\n\n\n\n\n\n'}]
Failed to generate a fix for commit_hash 33927f3d0ecdcff06326d6e4edb6166aed42811c
Setting `pad_token_id` to `eos_token_id`:2 for open-end generation.
CodeLlama pipeline returned empty content. Full result: [{'generated_text': '\n\n\n\n\n\n\n\n\n\n\n\n\n\n\n\n\n\n\n\n\n\n\n\n\n\n\n\n\n\n\n\n\n\n\n\n\n\n\n\n\n\n\n\n\n\n\n\n\n\n\n\n\n\n\n\n\n\n\n\n\n\n\n\n\n\n\n\n\n\n\n\n\n\n\n\n\n\n\n\n\n\n\n\n\n\n\n\n\n\n\n\n\n\n\n\n\n\n\n\n'}]
Failed to generate a fix for commit_hash d832ccbc301fbd9e5a1d691bdcf461cdb514595f
Setting `pad_token_id` to `eos_token_id`:2 for open-end generation.
CodeLlama pipeline returned empty content. Full result: [{'generated_text': '\n\n\n\n\n\n\n\n\n\n\n\n\n\n\n\n\n\n\n\n\n\n\n\n\n\n\n\n\n\n\n\n\n\n\n\n\n\n\n\n\n\n\n\n\n\n\n\n\n\n\n\n\n\n\n\n\n\n\n\n\n\n\n\n\n\n\n\n\n\n\n\n\n\n\n\n\n\n\n\n\n\n\n\n\n\n\n\n\n\n\n\n\n\n\n\n\n\n\n\n'}]
Failed to generate a fix for commit_hash 5e28d5a3f774f118896aec17a3a20a9c5c9dfc64
Setting `pad_token_id` to `eos_token_id`:2 for open-end generation.
CodeLlama pipeline returned empty content. Full result: [{'generated_text': '\n\n\n\n\n\n\n\n\n\n\n\n\n\n\n\n\n\n\n\n\n\n\n\n\n\n\n\n\n\n\n\n\n\n\n\n\n\n\n\n\n\n\n\n\n\n\n\n\n\n\n\n\n\n\n\n\n\n\n\n\n\n\n\n\n\n\n\n\n\n\n\n\n\n\n\n\n\n\n\n\n\n\n\n\n\n\n\n\n\n\n\n\n\n\n\n\n\n\n\n'}]
Failed to generate a fix for commit_hash f681c2aa8676a890eacc84044717ab0fd26e058f
2025-10-09 22:49:38,728 - job_codellama_database_leakagefree_1760064549 - INFO - Task suggest_fix_fewshot: 10/25 commits processed
Setting `pad_token_id` to `eos_token_id`:2 for open-end generation.
CodeLlama pipeline returned empty content. Full result: [{'generated_text': '\n\n\n\n\n\n\n\n\n\n\n\n\n\n\n\n\n\n\n\n\n\n\n\n\n\n\n\n\n\n\n\n\n\n\n\n\n\n\n\n\n\n\n\n\n\n\n\n\n\n\n\n\n\n\n\n\n\n\n\n\n\n\n\n\n\n\n\n\n\n\n\n\n\n\n\n\n\n\n\n\n\n\n\n\n\n\n\n\n\n\n\n\n\n\n\n\n\n\n\n'}]
Failed to generate a fix for commit_hash c28f922c9dcee0e4876a2c095939d77fe7e15116
Setting `pad_token_id` to `eos_token_id`:2 for open-end generation.
CodeLlama pipeline returned empty content. Full result: [{'generated_text': '\n\n\n\n\n\n\n\n\n\n\n\n\n\n\n\n\n\n\n\n\n\n\n\n\n\n\n\n\n\n\n\n\n\n\n\n\n\n\n\n\n\n\n\n\n\n\n\n\n\n\n\n\n\n\n\n\n\n\n\n\n\n\n\n\n\n\n\n\n\n\n\n\n\n\n\n\n\n\n\n\n\n\n\n\n\n\n\n\n\n\n\n\n\n\n\n\n\n\n\n'}]
Failed to generate a fix for commit_hash 7489161b1852390b4413d57f2457cd40b34da6cc
Setting `pad_token_id` to `eos_token_id`:2 for open-end generation.
CodeLlama pipeline returned empty content. Full result: [{'generated_text': '\n\n\n\n\n\n\n\n\n\n\n\n\n\n\n\n\n\n\n\n\n\n\n\n\n\n\n\n\n\n\n\n\n\n\n\n\n\n\n\n\n\n\n\n\n\n\n\n\n\n\n\n\n\n\n\n\n\n\n\n\n\n\n\n\n\n\n\n\n\n\n\n\n\n\n\n\n\n\n\n\n\n\n\n\n\n\n\n\n\n\n\n\n\n\n\n\n\n\n\n'}]
Failed to generate a fix for commit_hash f2e467a48287c868818085aa35389a224d226732
Setting `pad_token_id` to `eos_token_id`:2 for open-end generation.
CodeLlama pipeline returned empty content. Full result: [{'generated_text': '\n\n\n\n\n\n\n\n\n\n\n\n\n\n\n\n\n\n\n\n\n\n\n\n\n\n\n\n\n\n\n\n\n\n\n\n\n\n\n\n\n\n\n\n\n\n\n\n\n\n\n\n\n\n\n\n\n\n\n\n\n\n\n\n\n\n\n\n\n\n\n\n\n\n\n\n\n\n\n\n\n\n\n\n\n\n\n\n\n\n\n\n\n\n\n\n\n\n\n\n'}]
Failed to generate a fix for commit_hash 49befc830daa743e051a65468c05c2ff9e8580e6
Setting `pad_token_id` to `eos_token_id`:2 for open-end generation.
CodeLlama pipeline returned empty content. Full result: [{'generated_text': '\n\n\n\n\n\n\n\n\n\n\n\n\n\n\n\n\n\n\n\n\n\n\n\n\n\n\n\n\n\n\n\n\n\n\n\n\n\n\n\n\n\n\n\n\n\n\n\n\n\n\n\n\n\n\n\n\n\n\n\n\n\n\n\n\n\n\n\n\n\n\n\n\n\n\n\n\n\n\n\n\n\n\n\n\n\n\n\n\n\n\n\n\n\n\n\n\n\n\n\n'}]
Failed to generate a fix for commit_hash 3382a1ed7f778db841063f5d7e317ac55f9e7f72
Setting `pad_token_id` to `eos_token_id`:2 for open-end generation.
CodeLlama pipeline returned empty content. Full result: [{'generated_text': '\n\n\n\n\n\n\n\n\n\n\n\n\n\n\n\n\n\n\n\n\n\n\n\n\n\n\n\n\n\n\n\n\n\n\n\n\n\n\n\n\n\n\n\n\n\n\n\n\n\n\n\n\n\n\n\n\n\n\n\n\n\n\n\n\n\n\n\n\n\n\n\n\n\n\n\n\n\n\n\n\n\n\n\n\n\n\n\n\n\n\n\n\n\n\n\n\n\n\n\n'}]
Failed to generate a fix for commit_hash bc50835e83f60f56e9bec2b392fb5544f250fb6f
Setting `pad_token_id` to `eos_token_id`:2 for open-end generation.
CodeLlama pipeline returned empty content. Full result: [{'generated_text': '\n\n\n\n\n\n\n\n\n\n\n\n\n\n\n\n\n\n\n\n\n\n\n\n\n\n\n\n\n\n\n\n\n\n\n\n\n\n\n\n\n\n\n\n\n\n\n\n\n\n\n\n\n\n\n\n\n\n\n\n\n\n\n\n\n\n\n\n\n\n\n\n\n\n\n\n\n\n\n\n\n\n\n\n\n\n\n\n\n\n\n\n\n\n\n\n\n\n\n\n'}]
Failed to generate a fix for commit_hash 12dcb0ef540629a281533f9dedc1b6b8e14cfb65
Setting `pad_token_id` to `eos_token_id`:2 for open-end generation.
CodeLlama pipeline returned empty content. Full result: [{'generated_text': '\n\n\n\n\n\n\n\n\n\n\n\n\n\n\n\n\n\n\n\n\n\n\n\n\n\n\n\n\n\n\n\n\n\n\n\n\n\n\n\n\n\n\n\n\n\n\n\n\n\n\n\n\n\n\n\n\n\n\n\n\n\n\n\n\n\n\n\n\n\n\n\n\n\n\n\n\n\n\n\n\n\n\n\n\n\n\n\n\n\n\n\n\n\n\n\n\n\n\n\n'}]
Failed to generate a fix for commit_hash 1b755d8eb1ace3870789d48fbd94f386ad6e30be
Setting `pad_token_id` to `eos_token_id`:2 for open-end generation.
CodeLlama pipeline returned empty content. Full result: [{'generated_text': '\n\n\n\n\n\n\n\n\n\n\n\n\n\n\n\n\n\n\n\n\n\n\n\n\n\n\n\n\n\n\n\n\n\n\n\n\n\n\n\n\n\n\n\n\n\n\n\n\n\n\n\n\n\n\n\n\n\n\n\n\n\n\n\n\n\n\n\n\n\n\n\n\n\n\n\n\n\n\n\n\n\n\n\n\n\n\n\n\n\n\n\n\n\n\n\n\n\n\n\n'}]
Failed to generate a fix for commit_hash bdf5d13aa05ec314d4385b31ac974d6c7e0997c9
Setting `pad_token_id` to `eos_token_id`:2 for open-end generation.
CodeLlama pipeline returned empty content. Full result: [{'generated_text': '\n\n\n\n\n\n\n\n\n\n\n\n\n\n\n\n\n\n\n\n\n\n\n\n\n\n\n\n\n\n\n\n\n\n\n\n\n\n\n\n\n\n\n\n\n\n\n\n\n\n\n\n\n\n\n\n\n\n\n\n\n\n\n\n\n\n\n\n\n\n\n\n\n\n\n\n\n\n\n\n\n\n\n\n\n\n\n\n\n\n\n\n\n\n\n\n\n\n\n\n'}]
Failed to generate a fix for commit_hash df207de9d9e7a4d92f8567e2c539d9c8c12fd99d
2025-10-09 22:49:57,432 - job_codellama_database_leakagefree_1760064549 - INFO - Task suggest_fix_fewshot: 20/25 commits processed
Setting `pad_token_id` to `eos_token_id`:2 for open-end generation.
CodeLlama pipeline returned empty content. Full result: [{'generated_text': '\n\n\n\n\n\n\n\n\n\n\n\n\n\n\n\n\n\n\n\n\n\n\n\n\n\n\n\n\n\n\n\n\n\n\n\n\n\n\n\n\n\n\n\n\n\n\n\n\n\n\n\n\n\n\n\n\n\n\n\n\n\n\n\n\n\n\n\n\n\n\n\n\n\n\n\n\n\n\n\n\n\n\n\n\n\n\n\n\n\n\n\n\n\n\n\n\n\n\n\n'}]
Failed to generate a fix for commit_hash 14efb4793519d73fb2902bb0ece319b886e4b4b9
Setting `pad_token_id` to `eos_token_id`:2 for open-end generation.
Setting `pad_token_id` to `eos_token_id`:2 for open-end generation.
CodeLlama pipeline returned empty content. Full result: [{'generated_text': '\n\n\n\n\n\n\n\n\n\n\n\n\n\n\n\n\n\n\n\n\n\n\n\n\n\n\n\n\n\n\n\n\n\n\n\n\n\n\n\n\n\n\n\n\n\n\n\n\n\n\n\n\n\n\n\n\n\n\n\n\n\n\n\n\n\n\n\n\n\n\n\n\n\n\n\n\n\n\n\n\n\n\n\n\n\n\n\n\n\n\n\n\n\n\n\n\n\n\n\n'}]
Failed to generate a fix for commit_hash 7e2586991e36663c9bc48c828b83eab180ad30a9
Setting `pad_token_id` to `eos_token_id`:2 for open-end generation.
CodeLlama pipeline returned empty content. Full result: [{'generated_text': '\n\n\n\n\n\n\n\n\n\n\n\n\n\n\n\n\n\n\n\n\n\n\n\n\n\n\n\n\n\n\n\n\n\n\n\n\n\n\n\n\n\n\n\n\n\n\n\n\n\n\n\n\n\n\n\n\n\n\n\n\n\n\n\n\n\n\n\n\n\n\n\n\n\n\n\n\n\n\n\n\n\n\n\n\n\n\n\n\n\n\n\n\n\n\n\n\n\n\n\n'}]
Failed to generate a fix for commit_hash a121798ae669351ec0697c94f71c3a692b2a755b
Setting `pad_token_id` to `eos_token_id`:2 for open-end generation.
2025-10-09 22:50:04,497 - job_codellama_database_leakagefree_1760064549 - INFO - Completed task: suggest_fix_fewshot
2025-10-09 22:50:04,499 - job_codellama_database_leakagefree_1760064549 - INFO - Starting task: rank_cwe
Setting `pad_token_id` to `eos_token_id`:2 for open-end generation.
2025-10-09 22:50:05,737 - job_codellama_database_leakagefree_1760064549 - INFO - Completed task: rank_cwe
2025-10-09 22:50:05,739 - job_codellama_database_leakagefree_1760064549 - INFO - Job completed successfully
Evaluation completed on both databases:
  database.sqlite: Job codellama_database_1760064348 - Status: completed
  database_leakagefree.sqlite: Job codellama_database_leakagefree_1760064549 - Status: completed
