`torch_dtype` is deprecated! Use `dtype` instead!
`torch_dtype` is deprecated! Use `dtype` instead!
Failed to initialize pipeline, trying manual loading: You cannot use both `pipeline(... dtype=..., model_kwargs={"dtype":...})` as those arguments might conflict, use only one.)
Starting evaluation with model: codellama
Running evaluation on both databases...
Loading checkpoint shards:   0%|          | 0/2 [00:00<?, ?it/s]Loading checkpoint shards:  50%|█████     | 1/2 [00:13<00:13, 13.14s/it]Loading checkpoint shards: 100%|██████████| 2/2 [00:17<00:00,  7.87s/it]Loading checkpoint shards: 100%|██████████| 2/2 [00:17<00:00,  8.66s/it]
Failed to initialize pipeline, trying manual loading: You cannot use both `pipeline(... dtype=..., model_kwargs={"dtype":...})` as those arguments might conflict, use only one.)
Loading checkpoint shards:   0%|          | 0/2 [00:00<?, ?it/s]Loading checkpoint shards:  50%|█████     | 1/2 [00:02<00:02,  2.18s/it]Loading checkpoint shards: 100%|██████████| 2/2 [00:02<00:00,  1.34s/it]Loading checkpoint shards: 100%|██████████| 2/2 [00:02<00:00,  1.46s/it]
2025-10-09 22:57:53,679 - job_codellama_database_1760065069 - INFO - Starting task: is_vulnerable_vuln
No pipeline available for CodeLlama: codellama
No pipeline available for CodeLlama: codellama
2025-10-09 22:57:53,800 - job_codellama_database_1760065069 - INFO - Completed task: is_vulnerable_vuln
2025-10-09 22:57:53,801 - job_codellama_database_1760065069 - INFO - Starting task: is_vulnerable_patch
No pipeline available for CodeLlama: codellama
No pipeline available for CodeLlama: codellama
No pipeline available for CodeLlama: codellama
2025-10-09 22:57:53,820 - job_codellama_database_1760065069 - INFO - Completed task: is_vulnerable_patch
2025-10-09 22:57:53,821 - job_codellama_database_1760065069 - INFO - Starting task: is_vulnerable_vuln_cve_cwe
No pipeline available for CodeLlama: codellama
No pipeline available for CodeLlama: codellama
2025-10-09 22:57:53,828 - job_codellama_database_1760065069 - INFO - Completed task: is_vulnerable_vuln_cve_cwe
2025-10-09 22:57:53,829 - job_codellama_database_1760065069 - INFO - Starting task: is_vulnerable_patch_cve_cwe
No pipeline available for CodeLlama: codellama
No pipeline available for CodeLlama: codellama
No pipeline available for CodeLlama: codellama
2025-10-09 22:57:53,853 - job_codellama_database_1760065069 - INFO - Completed task: is_vulnerable_patch_cve_cwe
2025-10-09 22:57:53,854 - job_codellama_database_1760065069 - INFO - Starting task: suggest_fix
No pipeline available for CodeLlama: codellama
No pipeline available for CodeLlama: codellama
No pipeline available for CodeLlama: codellama
No pipeline available for CodeLlama: codellama
No pipeline available for CodeLlama: codellama
No pipeline available for CodeLlama: codellama
No pipeline available for CodeLlama: codellama
No pipeline available for CodeLlama: codellama
No pipeline available for CodeLlama: codellama
No pipeline available for CodeLlama: codellama
2025-10-09 22:57:54,029 - job_codellama_database_1760065069 - INFO - Task suggest_fix: 10/22 commits processed
No pipeline available for CodeLlama: codellama
No pipeline available for CodeLlama: codellama
No pipeline available for CodeLlama: codellama
No pipeline available for CodeLlama: codellama
No pipeline available for CodeLlama: codellama
No pipeline available for CodeLlama: codellama
No pipeline available for CodeLlama: codellama
No pipeline available for CodeLlama: codellama
No pipeline available for CodeLlama: codellama
No pipeline available for CodeLlama: codellama
2025-10-09 22:57:54,166 - job_codellama_database_1760065069 - INFO - Task suggest_fix: 20/22 commits processed
No pipeline available for CodeLlama: codellama
No pipeline available for CodeLlama: codellama
2025-10-09 22:57:54,212 - job_codellama_database_1760065069 - INFO - Completed task: suggest_fix
2025-10-09 22:57:54,213 - job_codellama_database_1760065069 - INFO - Starting task: suggest_fix_fewshot
No pipeline available for CodeLlama: codellama
No pipeline available for CodeLlama: codellama
No pipeline available for CodeLlama: codellama
No pipeline available for CodeLlama: codellama
No pipeline available for CodeLlama: codellama
No pipeline available for CodeLlama: codellama
No pipeline available for CodeLlama: codellama
No pipeline available for CodeLlama: codellama
No pipeline available for CodeLlama: codellama
No pipeline available for CodeLlama: codellama
2025-10-09 22:57:54,348 - job_codellama_database_1760065069 - INFO - Task suggest_fix_fewshot: 10/91 commits processed
No pipeline available for CodeLlama: codellama
No pipeline available for CodeLlama: codellama
No pipeline available for CodeLlama: codellama
No pipeline available for CodeLlama: codellama
No pipeline available for CodeLlama: codellama
No pipeline available for CodeLlama: codellama
No pipeline available for CodeLlama: codellama
No pipeline available for CodeLlama: codellama
No pipeline available for CodeLlama: codellama
No pipeline available for CodeLlama: codellama
2025-10-09 22:57:54,413 - job_codellama_database_1760065069 - INFO - Task suggest_fix_fewshot: 20/91 commits processed
No pipeline available for CodeLlama: codellama
No pipeline available for CodeLlama: codellama
No pipeline available for CodeLlama: codellama
No pipeline available for CodeLlama: codellama
No pipeline available for CodeLlama: codellama
No pipeline available for CodeLlama: codellama
No pipeline available for CodeLlama: codellama
No pipeline available for CodeLlama: codellama
No pipeline available for CodeLlama: codellama
No pipeline available for CodeLlama: codellama
2025-10-09 22:57:54,512 - job_codellama_database_1760065069 - INFO - Task suggest_fix_fewshot: 30/91 commits processed
No pipeline available for CodeLlama: codellama
No pipeline available for CodeLlama: codellama
No pipeline available for CodeLlama: codellama
No pipeline available for CodeLlama: codellama
No pipeline available for CodeLlama: codellama
No pipeline available for CodeLlama: codellama
No pipeline available for CodeLlama: codellama
No pipeline available for CodeLlama: codellama
No pipeline available for CodeLlama: codellama
No pipeline available for CodeLlama: codellama
2025-10-09 22:57:54,600 - job_codellama_database_1760065069 - INFO - Task suggest_fix_fewshot: 40/91 commits processed
No pipeline available for CodeLlama: codellama
No pipeline available for CodeLlama: codellama
No pipeline available for CodeLlama: codellama
No pipeline available for CodeLlama: codellama
No pipeline available for CodeLlama: codellama
No pipeline available for CodeLlama: codellama
No pipeline available for CodeLlama: codellama
No pipeline available for CodeLlama: codellama
No pipeline available for CodeLlama: codellama
No pipeline available for CodeLlama: codellama
2025-10-09 22:57:54,679 - job_codellama_database_1760065069 - INFO - Task suggest_fix_fewshot: 50/91 commits processed
No pipeline available for CodeLlama: codellama
No pipeline available for CodeLlama: codellama
No pipeline available for CodeLlama: codellama
No pipeline available for CodeLlama: codellama
No pipeline available for CodeLlama: codellama
No pipeline available for CodeLlama: codellama
No pipeline available for CodeLlama: codellama
No pipeline available for CodeLlama: codellama
No pipeline available for CodeLlama: codellama
No pipeline available for CodeLlama: codellama
2025-10-09 22:57:54,769 - job_codellama_database_1760065069 - INFO - Task suggest_fix_fewshot: 60/91 commits processed
No pipeline available for CodeLlama: codellama
No pipeline available for CodeLlama: codellama
No pipeline available for CodeLlama: codellama
No pipeline available for CodeLlama: codellama
No pipeline available for CodeLlama: codellama
No pipeline available for CodeLlama: codellama
No pipeline available for CodeLlama: codellama
No pipeline available for CodeLlama: codellama
No pipeline available for CodeLlama: codellama
No pipeline available for CodeLlama: codellama
2025-10-09 22:57:54,849 - job_codellama_database_1760065069 - INFO - Task suggest_fix_fewshot: 70/91 commits processed
No pipeline available for CodeLlama: codellama
No pipeline available for CodeLlama: codellama
No pipeline available for CodeLlama: codellama
No pipeline available for CodeLlama: codellama
No pipeline available for CodeLlama: codellama
No pipeline available for CodeLlama: codellama
No pipeline available for CodeLlama: codellama
No pipeline available for CodeLlama: codellama
No pipeline available for CodeLlama: codellama
No pipeline available for CodeLlama: codellama
2025-10-09 22:57:54,927 - job_codellama_database_1760065069 - INFO - Task suggest_fix_fewshot: 80/91 commits processed
No pipeline available for CodeLlama: codellama
No pipeline available for CodeLlama: codellama
No pipeline available for CodeLlama: codellama
No pipeline available for CodeLlama: codellama
No pipeline available for CodeLlama: codellama
No pipeline available for CodeLlama: codellama
No pipeline available for CodeLlama: codellama
No pipeline available for CodeLlama: codellama
No pipeline available for CodeLlama: codellama
No pipeline available for CodeLlama: codellama
2025-10-09 22:57:55,005 - job_codellama_database_1760065069 - INFO - Task suggest_fix_fewshot: 90/91 commits processed
No pipeline available for CodeLlama: codellama
2025-10-09 22:57:55,008 - job_codellama_database_1760065069 - INFO - Completed task: suggest_fix_fewshot
2025-10-09 22:57:55,009 - job_codellama_database_1760065069 - INFO - Starting task: rank_cwe
2025-10-09 22:57:55,066 - job_codellama_database_1760065069 - INFO - No incomplete commits for task rank_cwe
2025-10-09 22:57:55,067 - job_codellama_database_1760065069 - INFO - Job completed successfully
Failed to initialize pipeline, trying manual loading: You cannot use both `pipeline(... dtype=..., model_kwargs={"dtype":...})` as those arguments might conflict, use only one.)
Loading checkpoint shards:   0%|          | 0/2 [00:00<?, ?it/s]Loading checkpoint shards:  50%|█████     | 1/2 [00:02<00:02,  2.16s/it]Loading checkpoint shards: 100%|██████████| 2/2 [00:02<00:00,  1.35s/it]Loading checkpoint shards: 100%|██████████| 2/2 [00:02<00:00,  1.47s/it]
Failed to initialize pipeline, trying manual loading: You cannot use both `pipeline(... dtype=..., model_kwargs={"dtype":...})` as those arguments might conflict, use only one.)
Loading checkpoint shards:   0%|          | 0/2 [00:00<?, ?it/s]Loading checkpoint shards:  50%|█████     | 1/2 [00:02<00:02,  2.15s/it]Loading checkpoint shards: 100%|██████████| 2/2 [00:02<00:00,  1.34s/it]Loading checkpoint shards: 100%|██████████| 2/2 [00:02<00:00,  1.46s/it]
2025-10-09 22:58:03,379 - job_codellama_database_leakagefree_1760065079 - INFO - Starting task: is_vulnerable_vuln
2025-10-09 22:58:03,392 - job_codellama_database_leakagefree_1760065079 - INFO - No incomplete commits for task is_vulnerable_vuln
2025-10-09 22:58:03,394 - job_codellama_database_leakagefree_1760065079 - INFO - Starting task: is_vulnerable_patch
2025-10-09 22:58:03,406 - job_codellama_database_leakagefree_1760065079 - INFO - No incomplete commits for task is_vulnerable_patch
2025-10-09 22:58:03,408 - job_codellama_database_leakagefree_1760065079 - INFO - Starting task: is_vulnerable_vuln_cve_cwe
2025-10-09 22:58:03,420 - job_codellama_database_leakagefree_1760065079 - INFO - No incomplete commits for task is_vulnerable_vuln_cve_cwe
2025-10-09 22:58:03,421 - job_codellama_database_leakagefree_1760065079 - INFO - Starting task: is_vulnerable_patch_cve_cwe
2025-10-09 22:58:03,432 - job_codellama_database_leakagefree_1760065079 - INFO - No incomplete commits for task is_vulnerable_patch_cve_cwe
2025-10-09 22:58:03,433 - job_codellama_database_leakagefree_1760065079 - INFO - Starting task: suggest_fix
No pipeline available for CodeLlama: codellama
No pipeline available for CodeLlama: codellama
No pipeline available for CodeLlama: codellama
No pipeline available for CodeLlama: codellama
No pipeline available for CodeLlama: codellama
No pipeline available for CodeLlama: codellama
No pipeline available for CodeLlama: codellama
No pipeline available for CodeLlama: codellama
No pipeline available for CodeLlama: codellama
2025-10-09 22:58:03,487 - job_codellama_database_leakagefree_1760065079 - INFO - Completed task: suggest_fix
2025-10-09 22:58:03,488 - job_codellama_database_leakagefree_1760065079 - INFO - Starting task: suggest_fix_fewshot
No pipeline available for CodeLlama: codellama
No pipeline available for CodeLlama: codellama
No pipeline available for CodeLlama: codellama
No pipeline available for CodeLlama: codellama
No pipeline available for CodeLlama: codellama
No pipeline available for CodeLlama: codellama
No pipeline available for CodeLlama: codellama
No pipeline available for CodeLlama: codellama
No pipeline available for CodeLlama: codellama
No pipeline available for CodeLlama: codellama
2025-10-09 22:58:03,582 - job_codellama_database_leakagefree_1760065079 - INFO - Task suggest_fix_fewshot: 10/25 commits processed
No pipeline available for CodeLlama: codellama
No pipeline available for CodeLlama: codellama
No pipeline available for CodeLlama: codellama
No pipeline available for CodeLlama: codellama
No pipeline available for CodeLlama: codellama
No pipeline available for CodeLlama: codellama
No pipeline available for CodeLlama: codellama
No pipeline available for CodeLlama: codellama
No pipeline available for CodeLlama: codellama
No pipeline available for CodeLlama: codellama
2025-10-09 22:58:03,667 - job_codellama_database_leakagefree_1760065079 - INFO - Task suggest_fix_fewshot: 20/25 commits processed
No pipeline available for CodeLlama: codellama
No pipeline available for CodeLlama: codellama
No pipeline available for CodeLlama: codellama
No pipeline available for CodeLlama: codellama
No pipeline available for CodeLlama: codellama
2025-10-09 22:58:03,690 - job_codellama_database_leakagefree_1760065079 - INFO - Completed task: suggest_fix_fewshot
2025-10-09 22:58:03,692 - job_codellama_database_leakagefree_1760065079 - INFO - Starting task: rank_cwe
No pipeline available for CodeLlama: codellama
2025-10-09 22:58:03,715 - job_codellama_database_leakagefree_1760065079 - INFO - Completed task: rank_cwe
2025-10-09 22:58:03,716 - job_codellama_database_leakagefree_1760065079 - INFO - Job completed successfully
Evaluation completed on both databases:
  database.sqlite: Job codellama_database_1760065069 - Status: completed
  database_leakagefree.sqlite: Job codellama_database_leakagefree_1760065079 - Status: completed
