`torch_dtype` is deprecated! Use `dtype` instead!
`torch_dtype` is deprecated! Use `dtype` instead!
Failed to initialize pipeline, trying manual loading: You cannot use both `pipeline(... dtype=..., model_kwargs={"dtype":...})` as those arguments might conflict, use only one.)
Failed to initialize model: 'torch_dtype'
Starting evaluation with model: codellama
Running evaluation on both databases...
2025-10-09 23:03:04,561 - main - ERROR - Error executing command: 'torch_dtype'
Traceback (most recent call last):
  File "/users/azibaeir/Research/VulnLLMEval-SANER/models/llm_manager.py", line 558, in _initialize_huggingface_model
    self.pipeline = pipeline(**pipeline_kwargs)
  File "/users/azibaeir/miniconda/envs/llmserver/lib/python3.9/site-packages/transformers/pipelines/__init__.py", line 1013, in pipeline
    raise ValueError(
ValueError: You cannot use both `pipeline(... dtype=..., model_kwargs={"dtype":...})` as those arguments might conflict, use only one.)

During handling of the above exception, another exception occurred:

Traceback (most recent call last):
  File "/users/azibaeir/Research/VulnLLMEval-SANER/main.py", line 162, in main
    handle_evaluate_command(args)
  File "/users/azibaeir/Research/VulnLLMEval-SANER/main.py", line 199, in handle_evaluate_command
    results = run_evaluation_on_both_databases(
  File "/users/azibaeir/Research/VulnLLMEval-SANER/evaluation/advanced_evaluator.py", line 621, in run_evaluation_on_both_databases
    evaluator = AdvancedEvaluator(
  File "/users/azibaeir/Research/VulnLLMEval-SANER/evaluation/advanced_evaluator.py", line 86, in __init__
    self.manager = LLMManager(
  File "/users/azibaeir/Research/VulnLLMEval-SANER/models/llm_manager.py", line 385, in __init__
    self._initialize_model()
  File "/users/azibaeir/Research/VulnLLMEval-SANER/models/llm_manager.py", line 467, in _initialize_model
    self._initialize_huggingface_model()
  File "/users/azibaeir/Research/VulnLLMEval-SANER/models/llm_manager.py", line 610, in _initialize_huggingface_model
    self.model = AutoModelForCausalLM.from_pretrained(
KeyError: 'torch_dtype'
Error: 'torch_dtype'
