Traceback (most recent call last):
srun: error: str-gpu26: task 0: Exited with exit code 1
srun: Terminating StepId=9474005.0
  File "/users/azibaeir/Research/VulnLLMEval-SANER/main.py", line 22, in <module>
    from evaluation.advanced_evaluator import (
  File "/users/azibaeir/Research/VulnLLMEval-SANER/evaluation/advanced_evaluator.py", line 11, in <module>
    from utils.database import Database
  File "/users/azibaeir/Research/VulnLLMEval-SANER/utils/database.py", line 4, in <module>
    import pandas as pd
ModuleNotFoundError: No module named 'pandas'
Traceback (most recent call last):
srun: error: str-gpu26: task 0: Exited with exit code 1
srun: Terminating StepId=9474005.1
  File "/users/azibaeir/Research/VulnLLMEval-SANER/main.py", line 22, in <module>
    from evaluation.advanced_evaluator import (
  File "/users/azibaeir/Research/VulnLLMEval-SANER/evaluation/advanced_evaluator.py", line 11, in <module>
    from utils.database import Database
  File "/users/azibaeir/Research/VulnLLMEval-SANER/utils/database.py", line 4, in <module>
    import pandas as pd
ModuleNotFoundError: No module named 'pandas'
Traceback (most recent call last):
srun: error: str-gpu26: task 0: Exited with exit code 1
srun: Terminating StepId=9474005.2
  File "/users/azibaeir/Research/VulnLLMEval-SANER/main.py", line 22, in <module>
    from evaluation.advanced_evaluator import (
  File "/users/azibaeir/Research/VulnLLMEval-SANER/evaluation/advanced_evaluator.py", line 11, in <module>
    from utils.database import Database
  File "/users/azibaeir/Research/VulnLLMEval-SANER/utils/database.py", line 4, in <module>
    import pandas as pd
ModuleNotFoundError: No module named 'pandas'
Traceback (most recent call last):
srun: error: str-gpu26: task 0: Exited with exit code 1
srun: Terminating StepId=9474005.3
  File "/users/azibaeir/Research/VulnLLMEval-SANER/main.py", line 22, in <module>
    from evaluation.advanced_evaluator import (
  File "/users/azibaeir/Research/VulnLLMEval-SANER/evaluation/advanced_evaluator.py", line 11, in <module>
    from utils.database import Database
  File "/users/azibaeir/Research/VulnLLMEval-SANER/utils/database.py", line 4, in <module>
    import pandas as pd
ModuleNotFoundError: No module named 'pandas'
