WARNING: All log messages before absl::InitializeLog() is called are written to STDERR
E0000 00:00:1759504561.318872  101018 alts_credentials.cc:93] ALTS creds ignored. Not running on GCP and untrusted ALTS is not enabled.
Database error: database is locked
Error ranking CWEs for commit d7a6be58edc01b1c66ecd8fcc91236bfbce0a420: database is locked
Database error: database is locked
Error executing task rank_cwe for commit d7a6be58edc01b1c66ecd8fcc91236bfbce0a420: database is locked
Database error: database is locked
Error ranking CWEs for commit 22c7fa171a02d310e3a3f6ed46a698ca8a0060ed: database is locked
Database error: database is locked
Error executing task rank_cwe for commit 22c7fa171a02d310e3a3f6ed46a698ca8a0060ed: database is locked
Database error: database is locked
Error ranking CWEs for commit 281d464a34f540de166cee74b723e97ac2515ec3: database is locked
Database error: database is locked
Error executing task rank_cwe for commit 281d464a34f540de166cee74b723e97ac2515ec3: database is locked
Database error: database is locked
Error ranking CWEs for commit 6787d916c2cf9850c97a0a3f73e08c43e7d973b1: database is locked
Database error: database is locked
Error executing task rank_cwe for commit 6787d916c2cf9850c97a0a3f73e08c43e7d973b1: database is locked
Database error: database is locked
Error ranking CWEs for commit 7a4b21250bf79eef26543d35bd390448646c536b: database is locked
Database error: database is locked
Error executing task rank_cwe for commit 7a4b21250bf79eef26543d35bd390448646c536b: database is locked
Database error: database is locked
Error ranking CWEs for commit a297d07b9a1e4fb8cda25a4a2363a507d294b7c9: database is locked
Database error: database is locked
Error executing task rank_cwe for commit a297d07b9a1e4fb8cda25a4a2363a507d294b7c9: database is locked
Database error: database is locked
Error ranking CWEs for commit 7c55b78818cfb732680c4a72ab270cc2d2ee3d0f: database is locked
Database error: database is locked
Error executing task rank_cwe for commit 7c55b78818cfb732680c4a72ab270cc2d2ee3d0f: database is locked
Database error: database is locked
Error ranking CWEs for commit a282a2f10539dce2aa619e71e1817570d557fc97: database is locked
Database error: database is locked
Error executing task rank_cwe for commit a282a2f10539dce2aa619e71e1817570d557fc97: database is locked
Database error: database is locked
Error ranking CWEs for commit d3b16034a24a112bb83aeb669ac5b9b01f744bb7: database is locked
Database error: database is locked
Error executing task rank_cwe for commit d3b16034a24a112bb83aeb669ac5b9b01f744bb7: database is locked
Database error: database is locked
Error ranking CWEs for commit 4fbcc1a4cb20fe26ad0225679c536c80f1648221: database is locked
Database error: database is locked
Error executing task rank_cwe for commit 4fbcc1a4cb20fe26ad0225679c536c80f1648221: database is locked
Database error: database is locked
Error ranking CWEs for commit 6788ba8aed4e28e90f72d68a9d794e34eac17295: database is locked
Database error: database is locked
Error executing task rank_cwe for commit 6788ba8aed4e28e90f72d68a9d794e34eac17295: database is locked
Database error: database is locked
Error ranking CWEs for commit 690b2549b19563ec5ad53e5c82f6a944d910086e: database is locked
Database error: database is locked
Error executing task rank_cwe for commit 690b2549b19563ec5ad53e5c82f6a944d910086e: database is locked
Database error: database is locked
Error ranking CWEs for commit 2bfcfd584ff5ccc8bb7acde19b42570414bf880b: database is locked
Database error: database is locked
Error executing task rank_cwe for commit 2bfcfd584ff5ccc8bb7acde19b42570414bf880b: database is locked
Database error: database is locked
Error ranking CWEs for commit 497d370a644d95a9f04271aa92cb96d32e84c770: database is locked
Database error: database is locked
Error executing task rank_cwe for commit 497d370a644d95a9f04271aa92cb96d32e84c770: database is locked
Database error: database is locked
Error ranking CWEs for commit 0ad4b4a2f6357c45fbe444ead1a929a0b4017d03: database is locked
Database error: database is locked
Error executing task rank_cwe for commit 0ad4b4a2f6357c45fbe444ead1a929a0b4017d03: database is locked
Database error: database is locked
Error ranking CWEs for commit 6dc445c1905096b2ed4db1a84570375b4e00cc0f: database is locked
slurmstepd: error: *** JOB 9587325 ON str-gpu31 CANCELLED AT 2025-10-03T11:18:50 ***
