/users/azibaeir/miniconda/envs/llmserver/lib/python3.11/site-packages/transformers/utils/hub.py:110: FutureWarning: Using `TRANSFORMERS_CACHE` is deprecated and will be removed in v5 of Transformers. Use `HF_HOME` instead.
  warnings.warn(
Loading checkpoint shards:   0%|          | 0/3 [00:00<?, ?it/s]Loading checkpoint shards:  33%|███▎      | 1/3 [00:23<00:47, 23.81s/it]Loading checkpoint shards:  67%|██████▋   | 2/3 [00:50<00:25, 25.76s/it]Loading checkpoint shards: 100%|██████████| 3/3 [01:14<00:00, 24.69s/it]Loading checkpoint shards: 100%|██████████| 3/3 [01:14<00:00, 24.78s/it]
Device set to use cuda:0
Could not extract any CWE identifiers from: _trans_chain_bound(trans)) {
				pr_warn_once("nftables ruleset with unbound chain\n");
				return -
No CWEs extracted, storing empty list for commit 005e528c242b19b8131f300dcd4e730e89992acb: _trans_chain_bound(trans)) {
				pr_warn_once("nftables ruleset with unbound chain\n");
				return -
Could not extract any CWE identifiers from: , NO references, NO examples, NO links, NO code snippets, NO screenshots, NO screenshots, NO screens
No CWEs extracted, storing empty list for commit e9f57ebcba563e0cd532926cab83c92bb4d79360: , NO references, NO examples, NO links, NO code snippets, NO screenshots, NO screenshots, NO screens
Could not extract any CWE identifiers from: _JOURNAL_CHECKSUM)
		set_opt(sb, JOURNAL_CHECKSUM);

	if (sbi->s_mount_opt & EXT4_MOUNT_JOURNAL_DATA
No CWEs extracted, storing empty list for commit 82939d7999dfc1f1998c4b1c12e2f19edbdff272: _JOURNAL_CHECKSUM)
		set_opt(sb, JOURNAL_CHECKSUM);

	if (sbi->s_mount_opt & EXT4_MOUNT_JOURNAL_DATA
Could not extract any CWE identifiers from: 	rsp->DialectRevision = cpu_to_le16(conn->dialect_rev);
	rsp->SecurityMode = cpu_to_le16(conn->sec_m
No CWEs extracted, storing empty list for commit 8828003759391029fc45c15ac346622cdae19b6d: 	rsp->DialectRevision = cpu_to_le16(conn->dialect_rev);
	rsp->SecurityMode = cpu_to_le16(conn->sec_m
Could not extract any CWE identifiers from: gfs2_set_dops(inode);
		break;
	case S_IFLNK:
		ip->i_diskflags |= (dip->i_diskflags & GFS2_DIF_INHE
No CWEs extracted, storing empty list for commit 34816d20f173a90389c8a7e641166d8ea9dce70a: gfs2_set_dops(inode);
		break;
	case S_IFLNK:
		ip->i_diskflags |= (dip->i_diskflags & GFS2_DIF_INHE
Could not extract any CWE identifiers from: }

		queue->tx.req_prod = idx;

		if (frag_overflow) {
			struct skb_shared_info *shinfo = skb_shinf
No CWEs extracted, storing empty list for commit ad7f402ae4f466647c3a669b8a6f3e5d4271c84a: }

		queue->tx.req_prod = idx;

		if (frag_overflow) {
			struct skb_shared_info *shinfo = skb_shinf
/users/azibaeir/miniconda/envs/llmserver/lib/python3.11/site-packages/transformers/utils/hub.py:110: FutureWarning: Using `TRANSFORMERS_CACHE` is deprecated and will be removed in v5 of Transformers. Use `HF_HOME` instead.
  warnings.warn(
Loading checkpoint shards:   0%|          | 0/3 [00:00<?, ?it/s]Loading checkpoint shards:  33%|███▎      | 1/3 [00:06<00:12,  6.32s/it]Loading checkpoint shards:  67%|██████▋   | 2/3 [00:12<00:06,  6.17s/it]Loading checkpoint shards: 100%|██████████| 3/3 [00:17<00:00,  5.89s/it]Loading checkpoint shards: 100%|██████████| 3/3 [00:17<00:00,  5.98s/it]
Device set to use cuda:0
/users/azibaeir/miniconda/envs/llmserver/lib/python3.11/site-packages/transformers/utils/hub.py:110: FutureWarning: Using `TRANSFORMERS_CACHE` is deprecated and will be removed in v5 of Transformers. Use `HF_HOME` instead.
  warnings.warn(
Loading checkpoint shards:   0%|          | 0/3 [00:00<?, ?it/s]Loading checkpoint shards:  33%|███▎      | 1/3 [00:03<00:07,  3.66s/it]Loading checkpoint shards:  67%|██████▋   | 2/3 [00:07<00:03,  3.72s/it]Loading checkpoint shards: 100%|██████████| 3/3 [00:10<00:00,  3.53s/it]Loading checkpoint shards: 100%|██████████| 3/3 [00:10<00:00,  3.58s/it]
Device set to use cuda:0
Could not extract any CWE identifiers from: _trans_chain_bound(trans)) {
				pr_warn_once("nftables ruleset with unbound chain\n");
				return -
No CWEs extracted, storing empty list for commit 005e528c242b19b8131f300dcd4e730e89992acb: _trans_chain_bound(trans)) {
				pr_warn_once("nftables ruleset with unbound chain\n");
				return -
Could not extract any CWE identifiers from: 

	inode->i_mode = mode;
	ntfs_get_wsl_perm(inode);
	mode = inode->i_mode;

	if (is_dir) {
		ni->ni_
No CWEs extracted, storing empty list for commit 98bea253aa28ad8be2ce565a9ca21beb4a9419e5: 

	inode->i_mode = mode;
	ntfs_get_wsl_perm(inode);
	mode = inode->i_mode;

	if (is_dir) {
		ni->ni_
Could not extract any CWE identifiers from: _JOURNAL_CHECKSUM) {
		if (!ext4_has_feature_metadata_csum(sb)) {
			ext4_msg(sb, KERN_ERR, "Can't m
No CWEs extracted, storing empty list for commit 82939d7999dfc1f1998c4b1c12e2f19edbdff272: _JOURNAL_CHECKSUM) {
		if (!ext4_has_feature_metadata_csum(sb)) {
			ext4_msg(sb, KERN_ERR, "Can't m
Could not extract any CWE identifiers from: 	if (rc)
		goto err_out;

	rsp->DialectRevision = cpu_to_le16(conn->dialect_rev);
	rsp->SecurityMode
No CWEs extracted, storing empty list for commit 8828003759391029fc45c15ac346622cdae19b6d: 	if (rc)
		goto err_out;

	rsp->DialectRevision = cpu_to_le16(conn->dialect_rev);
	rsp->SecurityMode
Could not extract any CWE identifiers from: gfs2_set_dir_aops(inode);
		break;
	case S_IFLNK:
		gfs2_set_symlink_aops(inode);
		break;
	default:
No CWEs extracted, storing empty list for commit 34816d20f173a90389c8a7e641166d8ea9dce70a: gfs2_set_dir_aops(inode);
		break;
	case S_IFLNK:
		gfs2_set_symlink_aops(inode);
		break;
	default:
/users/azibaeir/miniconda/envs/llmserver/lib/python3.11/site-packages/transformers/utils/hub.py:110: FutureWarning: Using `TRANSFORMERS_CACHE` is deprecated and will be removed in v5 of Transformers. Use `HF_HOME` instead.
  warnings.warn(
Loading checkpoint shards:   0%|          | 0/3 [00:00<?, ?it/s]Loading checkpoint shards:  33%|███▎      | 1/3 [00:06<00:12,  6.21s/it]Loading checkpoint shards:  67%|██████▋   | 2/3 [00:12<00:05,  5.97s/it]Loading checkpoint shards: 100%|██████████| 3/3 [00:17<00:00,  5.82s/it]Loading checkpoint shards: 100%|██████████| 3/3 [00:17<00:00,  5.89s/it]
Device set to use cuda:0
