Job ID:        19674508
Node:          str-gpu11
CUDA devices:  0,1
Started:       Mon May 25 06:04:49 PM EDT 2026
Mon May 25 18:04:49 2026       
+-----------------------------------------------------------------------------------------+
| NVIDIA-SMI 570.195.03             Driver Version: 570.195.03     CUDA Version: 12.8     |
|-----------------------------------------+------------------------+----------------------+
| GPU  Name                 Persistence-M | Bus-Id          Disp.A | Volatile Uncorr. ECC |
| Fan  Temp   Perf          Pwr:Usage/Cap |           Memory-Usage | GPU-Util  Compute M. |
|                                         |                        |               MIG M. |
|=========================================+========================+======================|
|   0  NVIDIA A100-PCIE-40GB          On  |   00000000:01:00.0 Off |                    0 |
| N/A   29C    P0             33W /  250W |       0MiB /  40960MiB |      0%      Default |
|                                         |                        |             Disabled |
+-----------------------------------------+------------------------+----------------------+
|   1  NVIDIA A100-PCIE-40GB          On  |   00000000:41:00.0 Off |                    0 |
| N/A   29C    P0             32W /  250W |       0MiB /  40960MiB |      0%      Default |
|                                         |                        |             Disabled |
+-----------------------------------------+------------------------+----------------------+
                                                                                         
+-----------------------------------------------------------------------------------------+
| Processes:                                                                              |
|  GPU   GI   CI              PID   Type   Process name                        GPU Memory |
|        ID   ID                                                               Usage      |
|=========================================================================================|
|  No running processes found                                                             |
+-----------------------------------------------------------------------------------------+


=================== qwen3_coder  T=0.1  database  (rank_cwe only) ===================
Started: Mon May 25 06:04:50 PM EDT 2026
Starting evaluation with model: qwen3_coder
Running evaluation on database.sqlite...
Evaluation completed (direct execution)
Finished: Mon May 25 06:32:10 PM EDT 2026

=================== qwen3_coder  T=0.1  database_leakagefree  (rank_cwe only) ===================
Started: Mon May 25 06:32:10 PM EDT 2026
Starting evaluation with model: qwen3_coder
Running evaluation on database_leakagefree.sqlite...
Evaluation completed (direct execution)
Finished: Mon May 25 06:42:13 PM EDT 2026

=================== qwen3_coder  T=0.1  database  (rank_cwe only) ===================
Started: Mon May 25 06:42:13 PM EDT 2026
Starting evaluation with model: qwen3_coder
Running evaluation on database.sqlite...
Evaluation completed (direct execution)
Finished: Mon May 25 07:06:38 PM EDT 2026

=================== qwen3_coder  T=0.1  database_leakagefree  (rank_cwe only) ===================
Started: Mon May 25 07:06:38 PM EDT 2026
Starting evaluation with model: qwen3_coder
Running evaluation on database_leakagefree.sqlite...
Evaluation completed (direct execution)
Finished: Mon May 25 07:16:17 PM EDT 2026

All CWE runs done: Mon May 25 07:16:17 PM EDT 2026
