/users/azibaeir/miniconda/envs/llmserver/lib/python3.11/site-packages/transformers/utils/hub.py:110: FutureWarning: Using `TRANSFORMERS_CACHE` is deprecated and will be removed in v5 of Transformers. Use `HF_HOME` instead.
  warnings.warn(
Loading checkpoint shards:   0%|          | 0/3 [00:00<?, ?it/s]Loading checkpoint shards:  33%|███▎      | 1/3 [00:24<00:49, 24.88s/it]Loading checkpoint shards:  67%|██████▋   | 2/3 [00:49<00:24, 24.54s/it]Loading checkpoint shards: 100%|██████████| 3/3 [01:12<00:00, 23.77s/it]Loading checkpoint shards: 100%|██████████| 3/3 [01:12<00:00, 24.01s/it]
Device set to use cuda:0
Could not extract any CWE identifiers from: hard_links = names;
		err = mi_write(ni->mi, ino);
		if (err)
			goto out;
	}

	if (is_root) {
		ino
No CWEs extracted, storing empty list for commit 98bea253aa28ad8be2ce565a9ca21beb4a9419e5: hard_links = names;
		err = mi_write(ni->mi, ino);
		if (err)
			goto out;
	}

	if (is_root) {
		ino
Could not extract any CWE identifiers from: startdev) == -EAGAIN) {

			dasd_sfree_request(cqr, startdev);
			return ERR_PTR(-EAGAIN);
		}
		ida
No CWEs extracted, storing empty list for commit 7db4042336580dfd75cb5faa82c12cd51098c90b: startdev) == -EAGAIN) {

			dasd_sfree_request(cqr, startdev);
			return ERR_PTR(-EAGAIN);
		}
		ida
Could not extract any CWE identifiers from: OR_TO),
                .max_pdu_size = cpu_to_le16(chan->mps),
                .txwin_size = cpu_to
No CWEs extracted, storing empty list for commit af3d5d1c87664a4f150fcf3534c6567cb19909b0: OR_TO),
                .max_pdu_size = cpu_to_le16(chan->mps),
                .txwin_size = cpu_to
Could not extract any CWE identifiers from: imm = BPF_CAST_CALL(ops->map_push_elem) -
					    __bpf_call_base;
				continue;
			case BPF_FUNC_m
No CWEs extracted, storing empty list for commit 9b00f1b78809309163dda2d044d9e94a3c0248a3: imm = BPF_CAST_CALL(ops->map_push_elem) -
					    __bpf_call_base;
				continue;
			case BPF_FUNC_m
/users/azibaeir/miniconda/envs/llmserver/lib/python3.11/site-packages/transformers/utils/hub.py:110: FutureWarning: Using `TRANSFORMERS_CACHE` is deprecated and will be removed in v5 of Transformers. Use `HF_HOME` instead.
  warnings.warn(
Loading checkpoint shards:   0%|          | 0/3 [00:00<?, ?it/s]Loading checkpoint shards:  33%|███▎      | 1/3 [00:00<00:01,  1.25it/s]Loading checkpoint shards:  67%|██████▋   | 2/3 [00:01<00:00,  1.26it/s]Loading checkpoint shards: 100%|██████████| 3/3 [00:02<00:00,  1.33it/s]Loading checkpoint shards: 100%|██████████| 3/3 [00:02<00:00,  1.31it/s]
Device set to use cuda:0
/users/azibaeir/miniconda/envs/llmserver/lib/python3.11/site-packages/transformers/utils/hub.py:110: FutureWarning: Using `TRANSFORMERS_CACHE` is deprecated and will be removed in v5 of Transformers. Use `HF_HOME` instead.
  warnings.warn(
Loading checkpoint shards:   0%|          | 0/3 [00:00<?, ?it/s]Loading checkpoint shards:  33%|███▎      | 1/3 [00:00<00:01,  1.25it/s]Loading checkpoint shards:  67%|██████▋   | 2/3 [00:01<00:00,  1.26it/s]Loading checkpoint shards: 100%|██████████| 3/3 [00:02<00:00,  1.33it/s]Loading checkpoint shards: 100%|██████████| 3/3 [00:02<00:00,  1.31it/s]
Device set to use cuda:0
Could not extract any CWE identifiers from: hard_links = names;
		err = mi_write(ni->mi, ino);
		if (err)
			goto out;
	}

	if (is_root) {
		ino
No CWEs extracted, storing empty list for commit 98bea253aa28ad8be2ce565a9ca21beb4a9419e5: hard_links = names;
		err = mi_write(ni->mi, ino);
		if (err)
			goto out;
	}

	if (is_root) {
		ino
Could not extract any CWE identifiers from: OR_TO),
                .max_pdu_size = cpu_to_le16(chan->mps),
                .txwin_size = cpu_to
No CWEs extracted, storing empty list for commit af3d5d1c87664a4f150fcf3534c6567cb19909b0: OR_TO),
                .max_pdu_size = cpu_to_le16(chan->mps),
                .txwin_size = cpu_to
Could not extract any CWE identifiers from: imm = BPF_CAST_CALL(ops->map_push_elem) -
					    __bpf_call_base;
				continue;
			case BPF_FUNC_m
No CWEs extracted, storing empty list for commit 9b00f1b78809309163dda2d044d9e94a3c0248a3: imm = BPF_CAST_CALL(ops->map_push_elem) -
					    __bpf_call_base;
				continue;
			case BPF_FUNC_m
/users/azibaeir/miniconda/envs/llmserver/lib/python3.11/site-packages/transformers/utils/hub.py:110: FutureWarning: Using `TRANSFORMERS_CACHE` is deprecated and will be removed in v5 of Transformers. Use `HF_HOME` instead.
  warnings.warn(
Loading checkpoint shards:   0%|          | 0/3 [00:00<?, ?it/s]Loading checkpoint shards:  33%|███▎      | 1/3 [00:00<00:01,  1.28it/s]Loading checkpoint shards:  67%|██████▋   | 2/3 [00:01<00:00,  1.30it/s]Loading checkpoint shards: 100%|██████████| 3/3 [00:02<00:00,  1.36it/s]Loading checkpoint shards: 100%|██████████| 3/3 [00:02<00:00,  1.34it/s]
Device set to use cuda:0
