Job ID:        15914229
Node:          str-gpu27
CUDA devices:  0
Started:       Tue May  5 11:05:07 PM EDT 2026
Tue May  5 23:05:07 2026       
+-----------------------------------------------------------------------------------------+
| NVIDIA-SMI 570.195.03             Driver Version: 570.195.03     CUDA Version: 12.8     |
|-----------------------------------------+------------------------+----------------------+
| GPU  Name                 Persistence-M | Bus-Id          Disp.A | Volatile Uncorr. ECC |
| Fan  Temp   Perf          Pwr:Usage/Cap |           Memory-Usage | GPU-Util  Compute M. |
|                                         |                        |               MIG M. |
|=========================================+========================+======================|
|   0  NVIDIA L40S                    On  |   00000000:CA:00.0 Off |                    0 |
| N/A   34C    P0            158W /  350W |       0MiB /  46068MiB |     50%      Default |
|                                         |                        |                  N/A |
+-----------------------------------------+------------------------+----------------------+
                                                                                         
+-----------------------------------------------------------------------------------------+
| Processes:                                                                              |
|  GPU   GI   CI              PID   Type   Process name                        GPU Memory |
|        ID   ID                                                               Usage      |
|=========================================================================================|
|  No running processes found                                                             |
+-----------------------------------------------------------------------------------------+

[main] loaded 30 samples from /users/azibaeir/Research/LLMKernelBench/results/output/database_llama_database.sqlite
[loader] loading bigcode/starcoder2-7b
[gen] 1/30 sample=147 label=unparseable chars=563 elapsed=6.5s
[gen] 2/30 sample=392 label=1 chars=1106 elapsed=12.5s
[gen] 3/30 sample=134 label=1 chars=896 elapsed=18.5s
[gen] 4/30 sample=247 label=unparseable chars=615 elapsed=24.5s
[gen] 5/30 sample=5 label=0 chars=602 elapsed=30.5s
[gen] 6/30 sample=323 label=0 chars=597 elapsed=36.6s
[gen] 7/30 sample=366 label=0 chars=581 elapsed=42.7s
[gen] 8/30 sample=280 label=0 chars=584 elapsed=48.7s
[gen] 9/30 sample=9 label=0 chars=585 elapsed=54.8s
[gen] 10/30 sample=161 label=unparseable chars=577 elapsed=60.9s
[gen] 11/30 sample=294 label=0 chars=578 elapsed=67.0s
[gen] 12/30 sample=64 label=unparseable chars=572 elapsed=73.1s
[gen] 13/30 sample=403 label=unparseable chars=528 elapsed=79.2s
[gen] 14/30 sample=316 label=unparseable chars=568 elapsed=85.2s
[gen] 15/30 sample=260 label=unparseable chars=883 elapsed=92.2s
[gen] 16/30 sample=325 label=0 chars=579 elapsed=98.3s
[gen] 17/30 sample=110 label=1 chars=1131 elapsed=104.9s
[gen] 18/30 sample=159 label=1 chars=941 elapsed=110.9s
[gen] 19/30 sample=282 label=1 chars=843 elapsed=117.6s
[gen] 20/30 sample=369 label=1 chars=804 elapsed=124.3s
[gen] 21/30 sample=285 label=1 chars=881 elapsed=130.7s
[gen] 22/30 sample=290 label=unparseable chars=587 elapsed=136.9s
[gen] 23/30 sample=354 label=1 chars=820 elapsed=143.5s
[gen] 24/30 sample=95 label=unparseable chars=584 elapsed=149.6s
[gen] 25/30 sample=84 label=1 chars=783 elapsed=155.6s
[gen] 26/30 sample=35 label=1 chars=629 elapsed=161.9s
[gen] 27/30 sample=158 label=0 chars=584 elapsed=167.9s
[gen] 28/30 sample=82 label=unparseable chars=606 elapsed=174.1s
[gen] 29/30 sample=202 label=0 chars=579 elapsed=180.1s
[gen] 30/30 sample=102 label=1 chars=684 elapsed=186.6s
[done] wrote /users/azibaeir/Research/LLMKernelBench/results/refusal_taxonomy/starcoder.jsonl

Finished:      Tue May  5 11:09:01 PM EDT 2026
