Starting evaluation with model: devign_ft
Running evaluation on both databases...
Loading checkpoint shards:   0%|          | 0/3 [00:00<?, ?it/s]Loading checkpoint shards:  33%|███▎      | 1/3 [00:02<00:04,  2.49s/it]Loading checkpoint shards:  67%|██████▋   | 2/3 [00:05<00:02,  2.65s/it]Loading checkpoint shards: 100%|██████████| 3/3 [00:05<00:00,  1.77s/it]
Device set to use cuda:0
Loading checkpoint shards:   0%|          | 0/3 [00:00<?, ?it/s]Loading checkpoint shards: 100%|██████████| 3/3 [00:00<00:00, 62.91it/s]
Device set to use cuda:0
2025-11-24 12:23:35,549 - job_devign_ft_database_1764005013 - INFO - Starting task: is_vulnerable_vuln
The following generation flags are not valid and may be ignored: ['temperature', 'top_p', 'top_k']. Set `TRANSFORMERS_VERBOSITY=info` for more details.
2025-11-24 12:24:48,371 - job_devign_ft_database_1764005013 - INFO - Task is_vulnerable_vuln: 10/314 commits processed
2025-11-24 12:25:57,231 - job_devign_ft_database_1764005013 - INFO - Task is_vulnerable_vuln: 20/314 commits processed
2025-11-24 12:27:05,552 - job_devign_ft_database_1764005013 - INFO - Task is_vulnerable_vuln: 30/314 commits processed
2025-11-24 12:28:14,255 - job_devign_ft_database_1764005013 - INFO - Task is_vulnerable_vuln: 40/314 commits processed
2025-11-24 12:29:22,454 - job_devign_ft_database_1764005013 - INFO - Task is_vulnerable_vuln: 50/314 commits processed
2025-11-24 12:30:31,012 - job_devign_ft_database_1764005013 - INFO - Task is_vulnerable_vuln: 60/314 commits processed
2025-11-24 12:31:32,545 - job_devign_ft_database_1764005013 - INFO - Task is_vulnerable_vuln: 70/314 commits processed
2025-11-24 12:32:37,426 - job_devign_ft_database_1764005013 - INFO - Task is_vulnerable_vuln: 80/314 commits processed
2025-11-24 12:33:46,004 - job_devign_ft_database_1764005013 - INFO - Task is_vulnerable_vuln: 90/314 commits processed
2025-11-24 12:34:52,967 - job_devign_ft_database_1764005013 - INFO - Task is_vulnerable_vuln: 100/314 commits processed
2025-11-24 12:35:58,261 - job_devign_ft_database_1764005013 - INFO - Task is_vulnerable_vuln: 110/314 commits processed
2025-11-24 12:37:06,333 - job_devign_ft_database_1764005013 - INFO - Task is_vulnerable_vuln: 120/314 commits processed
2025-11-24 12:38:14,455 - job_devign_ft_database_1764005013 - INFO - Task is_vulnerable_vuln: 130/314 commits processed
2025-11-24 12:39:22,356 - job_devign_ft_database_1764005013 - INFO - Task is_vulnerable_vuln: 140/314 commits processed
2025-11-24 12:40:30,855 - job_devign_ft_database_1764005013 - INFO - Task is_vulnerable_vuln: 150/314 commits processed
2025-11-24 12:41:38,601 - job_devign_ft_database_1764005013 - INFO - Task is_vulnerable_vuln: 160/314 commits processed
2025-11-24 12:42:47,353 - job_devign_ft_database_1764005013 - INFO - Task is_vulnerable_vuln: 170/314 commits processed
2025-11-24 12:43:49,121 - job_devign_ft_database_1764005013 - INFO - Task is_vulnerable_vuln: 180/314 commits processed
2025-11-24 12:44:50,774 - job_devign_ft_database_1764005013 - INFO - Task is_vulnerable_vuln: 190/314 commits processed
2025-11-24 12:45:52,490 - job_devign_ft_database_1764005013 - INFO - Task is_vulnerable_vuln: 200/314 commits processed
2025-11-24 12:46:58,242 - job_devign_ft_database_1764005013 - INFO - Task is_vulnerable_vuln: 210/314 commits processed
2025-11-24 12:48:03,494 - job_devign_ft_database_1764005013 - INFO - Task is_vulnerable_vuln: 220/314 commits processed
2025-11-24 12:49:13,876 - job_devign_ft_database_1764005013 - INFO - Task is_vulnerable_vuln: 230/314 commits processed
2025-11-24 12:50:00,330 - job_devign_ft_database_1764005013 - INFO - Task is_vulnerable_vuln: 240/314 commits processed
2025-11-24 12:51:08,698 - job_devign_ft_database_1764005013 - INFO - Task is_vulnerable_vuln: 250/314 commits processed
2025-11-24 12:52:13,050 - job_devign_ft_database_1764005013 - INFO - Task is_vulnerable_vuln: 260/314 commits processed
2025-11-24 12:53:17,534 - job_devign_ft_database_1764005013 - INFO - Task is_vulnerable_vuln: 270/314 commits processed
2025-11-24 12:54:26,031 - job_devign_ft_database_1764005013 - INFO - Task is_vulnerable_vuln: 280/314 commits processed
2025-11-24 12:55:34,636 - job_devign_ft_database_1764005013 - INFO - Task is_vulnerable_vuln: 290/314 commits processed
2025-11-24 12:56:47,921 - job_devign_ft_database_1764005013 - INFO - Task is_vulnerable_vuln: 300/314 commits processed
2025-11-24 12:57:53,415 - job_devign_ft_database_1764005013 - INFO - Task is_vulnerable_vuln: 310/314 commits processed
2025-11-24 12:58:20,915 - job_devign_ft_database_1764005013 - INFO - Completed task: is_vulnerable_vuln
2025-11-24 12:58:20,918 - job_devign_ft_database_1764005013 - INFO - Starting task: is_vulnerable_patch
2025-11-24 12:59:27,926 - job_devign_ft_database_1764005013 - INFO - Task is_vulnerable_patch: 10/314 commits processed
2025-11-24 13:00:36,410 - job_devign_ft_database_1764005013 - INFO - Task is_vulnerable_patch: 20/314 commits processed
2025-11-24 13:01:44,573 - job_devign_ft_database_1764005013 - INFO - Task is_vulnerable_patch: 30/314 commits processed
2025-11-24 13:02:53,093 - job_devign_ft_database_1764005013 - INFO - Task is_vulnerable_patch: 40/314 commits processed
2025-11-24 13:04:01,268 - job_devign_ft_database_1764005013 - INFO - Task is_vulnerable_patch: 50/314 commits processed
2025-11-24 13:05:12,486 - job_devign_ft_database_1764005013 - INFO - Task is_vulnerable_patch: 60/314 commits processed
2025-11-24 13:06:14,079 - job_devign_ft_database_1764005013 - INFO - Task is_vulnerable_patch: 70/314 commits processed
2025-11-24 13:07:20,464 - job_devign_ft_database_1764005013 - INFO - Task is_vulnerable_patch: 80/314 commits processed
2025-11-24 13:08:28,770 - job_devign_ft_database_1764005013 - INFO - Task is_vulnerable_patch: 90/314 commits processed
2025-11-24 13:09:37,059 - job_devign_ft_database_1764005013 - INFO - Task is_vulnerable_patch: 100/314 commits processed
2025-11-24 13:10:45,612 - job_devign_ft_database_1764005013 - INFO - Task is_vulnerable_patch: 110/314 commits processed
2025-11-24 13:11:53,945 - job_devign_ft_database_1764005013 - INFO - Task is_vulnerable_patch: 120/314 commits processed
2025-11-24 13:12:59,993 - job_devign_ft_database_1764005013 - INFO - Task is_vulnerable_patch: 130/314 commits processed
2025-11-24 13:14:06,057 - job_devign_ft_database_1764005013 - INFO - Task is_vulnerable_patch: 140/314 commits processed
2025-11-24 13:15:14,532 - job_devign_ft_database_1764005013 - INFO - Task is_vulnerable_patch: 150/314 commits processed
2025-11-24 13:16:20,304 - job_devign_ft_database_1764005013 - INFO - Task is_vulnerable_patch: 160/314 commits processed
2025-11-24 13:17:24,732 - job_devign_ft_database_1764005013 - INFO - Task is_vulnerable_patch: 170/314 commits processed
2025-11-24 13:18:22,722 - job_devign_ft_database_1764005013 - INFO - Task is_vulnerable_patch: 180/314 commits processed
2025-11-24 13:19:20,994 - job_devign_ft_database_1764005013 - INFO - Task is_vulnerable_patch: 190/314 commits processed
2025-11-24 13:20:23,014 - job_devign_ft_database_1764005013 - INFO - Task is_vulnerable_patch: 200/314 commits processed
2025-11-24 13:21:30,833 - job_devign_ft_database_1764005013 - INFO - Task is_vulnerable_patch: 210/314 commits processed
2025-11-24 13:22:32,084 - job_devign_ft_database_1764005013 - INFO - Task is_vulnerable_patch: 220/314 commits processed
2025-11-24 13:23:40,680 - job_devign_ft_database_1764005013 - INFO - Task is_vulnerable_patch: 230/314 commits processed
2025-11-24 13:24:35,810 - job_devign_ft_database_1764005013 - INFO - Task is_vulnerable_patch: 240/314 commits processed
2025-11-24 13:25:44,356 - job_devign_ft_database_1764005013 - INFO - Task is_vulnerable_patch: 250/314 commits processed
2025-11-24 13:26:53,156 - job_devign_ft_database_1764005013 - INFO - Task is_vulnerable_patch: 260/314 commits processed
2025-11-24 13:28:01,706 - job_devign_ft_database_1764005013 - INFO - Task is_vulnerable_patch: 270/314 commits processed
2025-11-24 13:29:11,218 - job_devign_ft_database_1764005013 - INFO - Task is_vulnerable_patch: 280/314 commits processed
2025-11-24 13:30:19,076 - job_devign_ft_database_1764005013 - INFO - Task is_vulnerable_patch: 290/314 commits processed
2025-11-24 13:31:24,772 - job_devign_ft_database_1764005013 - INFO - Task is_vulnerable_patch: 300/314 commits processed
2025-11-24 13:32:30,727 - job_devign_ft_database_1764005013 - INFO - Task is_vulnerable_patch: 310/314 commits processed
2025-11-24 13:32:58,148 - job_devign_ft_database_1764005013 - INFO - Completed task: is_vulnerable_patch
2025-11-24 13:32:58,150 - job_devign_ft_database_1764005013 - INFO - Starting task: is_vulnerable_vuln_cve_cwe
2025-11-24 13:34:02,889 - job_devign_ft_database_1764005013 - INFO - Task is_vulnerable_vuln_cve_cwe: 10/314 commits processed
2025-11-24 13:35:09,780 - job_devign_ft_database_1764005013 - INFO - Task is_vulnerable_vuln_cve_cwe: 20/314 commits processed
2025-11-24 13:36:18,503 - job_devign_ft_database_1764005013 - INFO - Task is_vulnerable_vuln_cve_cwe: 30/314 commits processed
2025-11-24 13:37:27,385 - job_devign_ft_database_1764005013 - INFO - Task is_vulnerable_vuln_cve_cwe: 40/314 commits processed
2025-11-24 13:38:34,272 - job_devign_ft_database_1764005013 - INFO - Task is_vulnerable_vuln_cve_cwe: 50/314 commits processed
2025-11-24 13:39:39,743 - job_devign_ft_database_1764005013 - INFO - Task is_vulnerable_vuln_cve_cwe: 60/314 commits processed
2025-11-24 13:40:44,812 - job_devign_ft_database_1764005013 - INFO - Task is_vulnerable_vuln_cve_cwe: 70/314 commits processed
2025-11-24 13:41:45,764 - job_devign_ft_database_1764005013 - INFO - Task is_vulnerable_vuln_cve_cwe: 80/314 commits processed
2025-11-24 13:42:50,322 - job_devign_ft_database_1764005013 - INFO - Task is_vulnerable_vuln_cve_cwe: 90/314 commits processed
2025-11-24 13:43:58,868 - job_devign_ft_database_1764005013 - INFO - Task is_vulnerable_vuln_cve_cwe: 100/314 commits processed
2025-11-24 13:45:07,152 - job_devign_ft_database_1764005013 - INFO - Task is_vulnerable_vuln_cve_cwe: 110/314 commits processed
2025-11-24 13:46:15,696 - job_devign_ft_database_1764005013 - INFO - Task is_vulnerable_vuln_cve_cwe: 120/314 commits processed
2025-11-24 13:47:22,156 - job_devign_ft_database_1764005013 - INFO - Task is_vulnerable_vuln_cve_cwe: 130/314 commits processed
2025-11-24 13:48:29,692 - job_devign_ft_database_1764005013 - INFO - Task is_vulnerable_vuln_cve_cwe: 140/314 commits processed
2025-11-24 13:49:37,957 - job_devign_ft_database_1764005013 - INFO - Task is_vulnerable_vuln_cve_cwe: 150/314 commits processed
2025-11-24 13:50:44,631 - job_devign_ft_database_1764005013 - INFO - Task is_vulnerable_vuln_cve_cwe: 160/314 commits processed
2025-11-24 13:52:17,963 - job_devign_ft_database_1764005013 - INFO - Task is_vulnerable_vuln_cve_cwe: 170/314 commits processed
2025-11-24 13:53:27,771 - job_devign_ft_database_1764005013 - INFO - Task is_vulnerable_vuln_cve_cwe: 180/314 commits processed
2025-11-24 13:54:33,483 - job_devign_ft_database_1764005013 - INFO - Task is_vulnerable_vuln_cve_cwe: 190/314 commits processed
2025-11-24 13:55:39,250 - job_devign_ft_database_1764005013 - INFO - Task is_vulnerable_vuln_cve_cwe: 200/314 commits processed
2025-11-24 13:56:47,566 - job_devign_ft_database_1764005013 - INFO - Task is_vulnerable_vuln_cve_cwe: 210/314 commits processed
2025-11-24 13:57:56,240 - job_devign_ft_database_1764005013 - INFO - Task is_vulnerable_vuln_cve_cwe: 220/314 commits processed
2025-11-24 13:59:04,138 - job_devign_ft_database_1764005013 - INFO - Task is_vulnerable_vuln_cve_cwe: 230/314 commits processed
2025-11-24 14:00:12,767 - job_devign_ft_database_1764005013 - INFO - Task is_vulnerable_vuln_cve_cwe: 240/314 commits processed
2025-11-24 14:01:29,934 - job_devign_ft_database_1764005013 - INFO - Task is_vulnerable_vuln_cve_cwe: 250/314 commits processed
2025-11-24 14:02:36,165 - job_devign_ft_database_1764005013 - INFO - Task is_vulnerable_vuln_cve_cwe: 260/314 commits processed
2025-11-24 14:03:45,179 - job_devign_ft_database_1764005013 - INFO - Task is_vulnerable_vuln_cve_cwe: 270/314 commits processed
2025-11-24 14:04:49,244 - job_devign_ft_database_1764005013 - INFO - Task is_vulnerable_vuln_cve_cwe: 280/314 commits processed
2025-11-24 14:05:58,016 - job_devign_ft_database_1764005013 - INFO - Task is_vulnerable_vuln_cve_cwe: 290/314 commits processed
2025-11-24 14:07:06,733 - job_devign_ft_database_1764005013 - INFO - Task is_vulnerable_vuln_cve_cwe: 300/314 commits processed
2025-11-24 14:08:14,860 - job_devign_ft_database_1764005013 - INFO - Task is_vulnerable_vuln_cve_cwe: 310/314 commits processed
2025-11-24 14:08:40,665 - job_devign_ft_database_1764005013 - INFO - Completed task: is_vulnerable_vuln_cve_cwe
2025-11-24 14:08:40,668 - job_devign_ft_database_1764005013 - INFO - Starting task: is_vulnerable_patch_cve_cwe
2025-11-24 14:09:47,127 - job_devign_ft_database_1764005013 - INFO - Task is_vulnerable_patch_cve_cwe: 10/314 commits processed
2025-11-24 14:10:48,373 - job_devign_ft_database_1764005013 - INFO - Task is_vulnerable_patch_cve_cwe: 20/314 commits processed
2025-11-24 14:11:55,255 - job_devign_ft_database_1764005013 - INFO - Task is_vulnerable_patch_cve_cwe: 30/314 commits processed
2025-11-24 14:13:00,538 - job_devign_ft_database_1764005013 - INFO - Task is_vulnerable_patch_cve_cwe: 40/314 commits processed
2025-11-24 14:14:09,407 - job_devign_ft_database_1764005013 - INFO - Task is_vulnerable_patch_cve_cwe: 50/314 commits processed
2025-11-24 14:15:18,367 - job_devign_ft_database_1764005013 - INFO - Task is_vulnerable_patch_cve_cwe: 60/314 commits processed
2025-11-24 14:16:27,085 - job_devign_ft_database_1764005013 - INFO - Task is_vulnerable_patch_cve_cwe: 70/314 commits processed
2025-11-24 14:17:35,612 - job_devign_ft_database_1764005013 - INFO - Task is_vulnerable_patch_cve_cwe: 80/314 commits processed
2025-11-24 14:18:44,332 - job_devign_ft_database_1764005013 - INFO - Task is_vulnerable_patch_cve_cwe: 90/314 commits processed
2025-11-24 14:19:53,197 - job_devign_ft_database_1764005013 - INFO - Task is_vulnerable_patch_cve_cwe: 100/314 commits processed
2025-11-24 14:21:01,740 - job_devign_ft_database_1764005013 - INFO - Task is_vulnerable_patch_cve_cwe: 110/314 commits processed
2025-11-24 14:22:10,448 - job_devign_ft_database_1764005013 - INFO - Task is_vulnerable_patch_cve_cwe: 120/314 commits processed
2025-11-24 14:23:18,756 - job_devign_ft_database_1764005013 - INFO - Task is_vulnerable_patch_cve_cwe: 130/314 commits processed
2025-11-24 14:24:23,346 - job_devign_ft_database_1764005013 - INFO - Task is_vulnerable_patch_cve_cwe: 140/314 commits processed
2025-11-24 14:25:30,709 - job_devign_ft_database_1764005013 - INFO - Task is_vulnerable_patch_cve_cwe: 150/314 commits processed
2025-11-24 14:26:39,416 - job_devign_ft_database_1764005013 - INFO - Task is_vulnerable_patch_cve_cwe: 160/314 commits processed
2025-11-24 14:27:48,336 - job_devign_ft_database_1764005013 - INFO - Task is_vulnerable_patch_cve_cwe: 170/314 commits processed
2025-11-24 14:28:57,293 - job_devign_ft_database_1764005013 - INFO - Task is_vulnerable_patch_cve_cwe: 180/314 commits processed
2025-11-24 14:30:02,429 - job_devign_ft_database_1764005013 - INFO - Task is_vulnerable_patch_cve_cwe: 190/314 commits processed
2025-11-24 14:31:11,101 - job_devign_ft_database_1764005013 - INFO - Task is_vulnerable_patch_cve_cwe: 200/314 commits processed
2025-11-24 14:32:19,846 - job_devign_ft_database_1764005013 - INFO - Task is_vulnerable_patch_cve_cwe: 210/314 commits processed
2025-11-24 14:33:28,864 - job_devign_ft_database_1764005013 - INFO - Task is_vulnerable_patch_cve_cwe: 220/314 commits processed
2025-11-24 14:34:37,760 - job_devign_ft_database_1764005013 - INFO - Task is_vulnerable_patch_cve_cwe: 230/314 commits processed
2025-11-24 14:35:46,763 - job_devign_ft_database_1764005013 - INFO - Task is_vulnerable_patch_cve_cwe: 240/314 commits processed
2025-11-24 14:36:55,169 - job_devign_ft_database_1764005013 - INFO - Task is_vulnerable_patch_cve_cwe: 250/314 commits processed
2025-11-24 14:38:03,984 - job_devign_ft_database_1764005013 - INFO - Task is_vulnerable_patch_cve_cwe: 260/314 commits processed
2025-11-24 14:39:12,369 - job_devign_ft_database_1764005013 - INFO - Task is_vulnerable_patch_cve_cwe: 270/314 commits processed
2025-11-24 14:40:17,774 - job_devign_ft_database_1764005013 - INFO - Task is_vulnerable_patch_cve_cwe: 280/314 commits processed
2025-11-24 14:41:26,480 - job_devign_ft_database_1764005013 - INFO - Task is_vulnerable_patch_cve_cwe: 290/314 commits processed
2025-11-24 14:42:36,072 - job_devign_ft_database_1764005013 - INFO - Task is_vulnerable_patch_cve_cwe: 300/314 commits processed
2025-11-24 14:43:44,891 - job_devign_ft_database_1764005013 - INFO - Task is_vulnerable_patch_cve_cwe: 310/314 commits processed
2025-11-24 14:44:08,442 - job_devign_ft_database_1764005013 - INFO - Completed task: is_vulnerable_patch_cve_cwe
2025-11-24 14:44:08,445 - job_devign_ft_database_1764005013 - INFO - Starting task: suggest_fix
2025-11-24 14:45:17,130 - job_devign_ft_database_1764005013 - INFO - Task suggest_fix: 10/314 commits processed
2025-11-24 14:46:26,215 - job_devign_ft_database_1764005013 - INFO - Task suggest_fix: 20/314 commits processed
2025-11-24 14:47:34,988 - job_devign_ft_database_1764005013 - INFO - Task suggest_fix: 30/314 commits processed
2025-11-24 14:48:43,992 - job_devign_ft_database_1764005013 - INFO - Task suggest_fix: 40/314 commits processed
2025-11-24 14:49:56,114 - job_devign_ft_database_1764005013 - INFO - Task suggest_fix: 50/314 commits processed
2025-11-24 14:51:05,254 - job_devign_ft_database_1764005013 - INFO - Task suggest_fix: 60/314 commits processed
2025-11-24 14:52:13,920 - job_devign_ft_database_1764005013 - INFO - Task suggest_fix: 70/314 commits processed
2025-11-24 14:53:22,495 - job_devign_ft_database_1764005013 - INFO - Task suggest_fix: 80/314 commits processed
2025-11-24 14:54:31,326 - job_devign_ft_database_1764005013 - INFO - Task suggest_fix: 90/314 commits processed
2025-11-24 14:55:40,210 - job_devign_ft_database_1764005013 - INFO - Task suggest_fix: 100/314 commits processed
2025-11-24 14:56:49,932 - job_devign_ft_database_1764005013 - INFO - Task suggest_fix: 110/314 commits processed
2025-11-24 14:58:00,508 - job_devign_ft_database_1764005013 - INFO - Task suggest_fix: 120/314 commits processed
2025-11-24 14:59:09,230 - job_devign_ft_database_1764005013 - INFO - Task suggest_fix: 130/314 commits processed
2025-11-24 15:00:17,678 - job_devign_ft_database_1764005013 - INFO - Task suggest_fix: 140/314 commits processed
2025-11-24 15:01:26,118 - job_devign_ft_database_1764005013 - INFO - Task suggest_fix: 150/314 commits processed
2025-11-24 15:02:35,224 - job_devign_ft_database_1764005013 - INFO - Task suggest_fix: 160/314 commits processed
2025-11-24 15:03:44,097 - job_devign_ft_database_1764005013 - INFO - Task suggest_fix: 170/314 commits processed
2025-11-24 15:04:53,319 - job_devign_ft_database_1764005013 - INFO - Task suggest_fix: 180/314 commits processed
2025-11-24 15:06:01,785 - job_devign_ft_database_1764005013 - INFO - Task suggest_fix: 190/314 commits processed
2025-11-24 15:07:10,689 - job_devign_ft_database_1764005013 - INFO - Task suggest_fix: 200/314 commits processed
2025-11-24 15:08:18,941 - job_devign_ft_database_1764005013 - INFO - Task suggest_fix: 210/314 commits processed
2025-11-24 15:09:27,868 - job_devign_ft_database_1764005013 - INFO - Task suggest_fix: 220/314 commits processed
2025-11-24 15:10:36,682 - job_devign_ft_database_1764005013 - INFO - Task suggest_fix: 230/314 commits processed
2025-11-24 15:11:45,431 - job_devign_ft_database_1764005013 - INFO - Task suggest_fix: 240/314 commits processed
2025-11-24 15:12:56,099 - job_devign_ft_database_1764005013 - INFO - Task suggest_fix: 250/314 commits processed
2025-11-24 15:14:04,938 - job_devign_ft_database_1764005013 - INFO - Task suggest_fix: 260/314 commits processed
2025-11-24 15:15:13,949 - job_devign_ft_database_1764005013 - INFO - Task suggest_fix: 270/314 commits processed
2025-11-24 15:16:22,443 - job_devign_ft_database_1764005013 - INFO - Task suggest_fix: 280/314 commits processed
2025-11-24 15:17:31,346 - job_devign_ft_database_1764005013 - INFO - Task suggest_fix: 290/314 commits processed
2025-11-24 15:18:40,024 - job_devign_ft_database_1764005013 - INFO - Task suggest_fix: 300/314 commits processed
2025-11-24 15:19:48,894 - job_devign_ft_database_1764005013 - INFO - Task suggest_fix: 310/314 commits processed
2025-11-24 15:20:16,228 - job_devign_ft_database_1764005013 - INFO - Completed task: suggest_fix
2025-11-24 15:20:16,232 - job_devign_ft_database_1764005013 - INFO - Starting task: suggest_fix_fewshot
2025-11-24 15:21:26,163 - job_devign_ft_database_1764005013 - INFO - Task suggest_fix_fewshot: 10/314 commits processed
2025-11-24 15:22:38,751 - job_devign_ft_database_1764005013 - INFO - Task suggest_fix_fewshot: 20/314 commits processed
2025-11-24 15:23:47,746 - job_devign_ft_database_1764005013 - INFO - Task suggest_fix_fewshot: 30/314 commits processed
slurmstepd: error: *** JOB 13674308 ON str-gpu26 CANCELLED AT 2025-11-24T15:24:23 ***
