`torch_dtype` is deprecated! Use `dtype` instead!
Starting evaluation with model: megavul_ft
Running evaluation on both databases...
Loading checkpoint shards:   0%|          | 0/3 [00:00<?, ?it/s]Loading checkpoint shards:  33%|███▎      | 1/3 [00:04<00:08,  4.01s/it]Loading checkpoint shards:  67%|██████▋   | 2/3 [00:08<00:04,  4.16s/it]Loading checkpoint shards: 100%|██████████| 3/3 [00:08<00:00,  2.33s/it]Loading checkpoint shards: 100%|██████████| 3/3 [00:08<00:00,  2.81s/it]
Loading checkpoint shards:   0%|          | 0/3 [00:00<?, ?it/s]Loading checkpoint shards:  33%|███▎      | 1/3 [00:00<00:00,  3.23it/s]Loading checkpoint shards:  67%|██████▋   | 2/3 [00:00<00:00,  3.27it/s]Loading checkpoint shards: 100%|██████████| 3/3 [00:00<00:00,  4.83it/s]
2025-11-28 18:09:34,033 - job_megavul_ft_database_1764371371 - INFO - Starting task: is_vulnerable_vuln
The following generation flags are not valid and may be ignored: ['temperature', 'top_p', 'top_k']. Set `TRANSFORMERS_VERBOSITY=info` for more details.
2025-11-28 18:10:54,446 - job_megavul_ft_database_1764371371 - INFO - Task is_vulnerable_vuln: 10/314 commits processed
2025-11-28 18:12:10,939 - job_megavul_ft_database_1764371371 - INFO - Task is_vulnerable_vuln: 20/314 commits processed
2025-11-28 18:13:27,233 - job_megavul_ft_database_1764371371 - INFO - Task is_vulnerable_vuln: 30/314 commits processed
2025-11-28 18:14:38,589 - job_megavul_ft_database_1764371371 - INFO - Task is_vulnerable_vuln: 40/314 commits processed
2025-11-28 18:15:54,678 - job_megavul_ft_database_1764371371 - INFO - Task is_vulnerable_vuln: 50/314 commits processed
2025-11-28 18:17:11,290 - job_megavul_ft_database_1764371371 - INFO - Task is_vulnerable_vuln: 60/314 commits processed
2025-11-28 18:18:20,355 - job_megavul_ft_database_1764371371 - INFO - Task is_vulnerable_vuln: 70/314 commits processed
2025-11-28 18:19:36,593 - job_megavul_ft_database_1764371371 - INFO - Task is_vulnerable_vuln: 80/314 commits processed
2025-11-28 18:20:52,791 - job_megavul_ft_database_1764371371 - INFO - Task is_vulnerable_vuln: 90/314 commits processed
2025-11-28 18:22:09,086 - job_megavul_ft_database_1764371371 - INFO - Task is_vulnerable_vuln: 100/314 commits processed
2025-11-28 18:23:25,830 - job_megavul_ft_database_1764371371 - INFO - Task is_vulnerable_vuln: 110/314 commits processed
2025-11-28 18:24:41,895 - job_megavul_ft_database_1764371371 - INFO - Task is_vulnerable_vuln: 120/314 commits processed
2025-11-28 18:25:58,434 - job_megavul_ft_database_1764371371 - INFO - Task is_vulnerable_vuln: 130/314 commits processed
2025-11-28 18:27:14,647 - job_megavul_ft_database_1764371371 - INFO - Task is_vulnerable_vuln: 140/314 commits processed
2025-11-28 18:28:30,817 - job_megavul_ft_database_1764371371 - INFO - Task is_vulnerable_vuln: 150/314 commits processed
2025-11-28 18:29:47,631 - job_megavul_ft_database_1764371371 - INFO - Task is_vulnerable_vuln: 160/314 commits processed
2025-11-28 18:31:03,897 - job_megavul_ft_database_1764371371 - INFO - Task is_vulnerable_vuln: 170/314 commits processed
2025-11-28 18:32:12,562 - job_megavul_ft_database_1764371371 - INFO - Task is_vulnerable_vuln: 180/314 commits processed
2025-11-28 18:33:21,292 - job_megavul_ft_database_1764371371 - INFO - Task is_vulnerable_vuln: 190/314 commits processed
2025-11-28 18:34:24,200 - job_megavul_ft_database_1764371371 - INFO - Task is_vulnerable_vuln: 200/314 commits processed
2025-11-28 18:35:40,322 - job_megavul_ft_database_1764371371 - INFO - Task is_vulnerable_vuln: 210/314 commits processed
2025-11-28 18:36:56,915 - job_megavul_ft_database_1764371371 - INFO - Task is_vulnerable_vuln: 220/314 commits processed
2025-11-28 18:38:13,376 - job_megavul_ft_database_1764371371 - INFO - Task is_vulnerable_vuln: 230/314 commits processed
2025-11-28 18:39:14,749 - job_megavul_ft_database_1764371371 - INFO - Task is_vulnerable_vuln: 240/314 commits processed
2025-11-28 18:40:30,921 - job_megavul_ft_database_1764371371 - INFO - Task is_vulnerable_vuln: 250/314 commits processed
2025-11-28 18:41:47,369 - job_megavul_ft_database_1764371371 - INFO - Task is_vulnerable_vuln: 260/314 commits processed
2025-11-28 18:43:03,987 - job_megavul_ft_database_1764371371 - INFO - Task is_vulnerable_vuln: 270/314 commits processed
2025-11-28 18:44:20,294 - job_megavul_ft_database_1764371371 - INFO - Task is_vulnerable_vuln: 280/314 commits processed
2025-11-28 18:45:36,895 - job_megavul_ft_database_1764371371 - INFO - Task is_vulnerable_vuln: 290/314 commits processed
2025-11-28 18:46:53,708 - job_megavul_ft_database_1764371371 - INFO - Task is_vulnerable_vuln: 300/314 commits processed
2025-11-28 18:48:10,208 - job_megavul_ft_database_1764371371 - INFO - Task is_vulnerable_vuln: 310/314 commits processed
2025-11-28 18:48:36,986 - job_megavul_ft_database_1764371371 - INFO - Completed task: is_vulnerable_vuln
2025-11-28 18:48:36,988 - job_megavul_ft_database_1764371371 - INFO - Starting task: is_vulnerable_patch
2025-11-28 18:49:53,218 - job_megavul_ft_database_1764371371 - INFO - Task is_vulnerable_patch: 10/314 commits processed
2025-11-28 18:51:05,631 - job_megavul_ft_database_1764371371 - INFO - Task is_vulnerable_patch: 20/314 commits processed
2025-11-28 18:52:22,186 - job_megavul_ft_database_1764371371 - INFO - Task is_vulnerable_patch: 30/314 commits processed
2025-11-28 18:53:34,110 - job_megavul_ft_database_1764371371 - INFO - Task is_vulnerable_patch: 40/314 commits processed
2025-11-28 18:54:50,373 - job_megavul_ft_database_1764371371 - INFO - Task is_vulnerable_patch: 50/314 commits processed
2025-11-28 18:56:06,961 - job_megavul_ft_database_1764371371 - INFO - Task is_vulnerable_patch: 60/314 commits processed
2025-11-28 18:57:15,746 - job_megavul_ft_database_1764371371 - INFO - Task is_vulnerable_patch: 70/314 commits processed
2025-11-28 18:58:32,013 - job_megavul_ft_database_1764371371 - INFO - Task is_vulnerable_patch: 80/314 commits processed
2025-11-28 18:59:48,501 - job_megavul_ft_database_1764371371 - INFO - Task is_vulnerable_patch: 90/314 commits processed
2025-11-28 19:01:05,002 - job_megavul_ft_database_1764371371 - INFO - Task is_vulnerable_patch: 100/314 commits processed
2025-11-28 19:02:21,795 - job_megavul_ft_database_1764371371 - INFO - Task is_vulnerable_patch: 110/314 commits processed
2025-11-28 19:03:38,169 - job_megavul_ft_database_1764371371 - INFO - Task is_vulnerable_patch: 120/314 commits processed
2025-11-28 19:04:54,511 - job_megavul_ft_database_1764371371 - INFO - Task is_vulnerable_patch: 130/314 commits processed
2025-11-28 19:06:10,631 - job_megavul_ft_database_1764371371 - INFO - Task is_vulnerable_patch: 140/314 commits processed
2025-11-28 19:07:27,099 - job_megavul_ft_database_1764371371 - INFO - Task is_vulnerable_patch: 150/314 commits processed
2025-11-28 19:08:43,139 - job_megavul_ft_database_1764371371 - INFO - Task is_vulnerable_patch: 160/314 commits processed
2025-11-28 19:10:00,483 - job_megavul_ft_database_1764371371 - INFO - Task is_vulnerable_patch: 170/314 commits processed
2025-11-28 19:11:10,476 - job_megavul_ft_database_1764371371 - INFO - Task is_vulnerable_patch: 180/314 commits processed
2025-11-28 19:12:19,044 - job_megavul_ft_database_1764371371 - INFO - Task is_vulnerable_patch: 190/314 commits processed
2025-11-28 19:13:21,853 - job_megavul_ft_database_1764371371 - INFO - Task is_vulnerable_patch: 200/314 commits processed
2025-11-28 19:14:38,002 - job_megavul_ft_database_1764371371 - INFO - Task is_vulnerable_patch: 210/314 commits processed
2025-11-28 19:15:54,405 - job_megavul_ft_database_1764371371 - INFO - Task is_vulnerable_patch: 220/314 commits processed
2025-11-28 19:17:10,910 - job_megavul_ft_database_1764371371 - INFO - Task is_vulnerable_patch: 230/314 commits processed
2025-11-28 19:18:12,061 - job_megavul_ft_database_1764371371 - INFO - Task is_vulnerable_patch: 240/314 commits processed
2025-11-28 19:19:28,738 - job_megavul_ft_database_1764371371 - INFO - Task is_vulnerable_patch: 250/314 commits processed
2025-11-28 19:20:45,338 - job_megavul_ft_database_1764371371 - INFO - Task is_vulnerable_patch: 260/314 commits processed
2025-11-28 19:22:01,764 - job_megavul_ft_database_1764371371 - INFO - Task is_vulnerable_patch: 270/314 commits processed
2025-11-28 19:23:18,181 - job_megavul_ft_database_1764371371 - INFO - Task is_vulnerable_patch: 280/314 commits processed
2025-11-28 19:24:34,450 - job_megavul_ft_database_1764371371 - INFO - Task is_vulnerable_patch: 290/314 commits processed
2025-11-28 19:25:50,941 - job_megavul_ft_database_1764371371 - INFO - Task is_vulnerable_patch: 300/314 commits processed
2025-11-28 19:27:07,411 - job_megavul_ft_database_1764371371 - INFO - Task is_vulnerable_patch: 310/314 commits processed
2025-11-28 19:27:37,730 - job_megavul_ft_database_1764371371 - INFO - Completed task: is_vulnerable_patch
2025-11-28 19:27:37,733 - job_megavul_ft_database_1764371371 - INFO - Starting task: is_vulnerable_vuln_cve_cwe
2025-11-28 19:28:53,993 - job_megavul_ft_database_1764371371 - INFO - Task is_vulnerable_vuln_cve_cwe: 10/314 commits processed
2025-11-28 19:30:11,065 - job_megavul_ft_database_1764371371 - INFO - Task is_vulnerable_vuln_cve_cwe: 20/314 commits processed
2025-11-28 19:31:27,447 - job_megavul_ft_database_1764371371 - INFO - Task is_vulnerable_vuln_cve_cwe: 30/314 commits processed
2025-11-28 19:32:44,137 - job_megavul_ft_database_1764371371 - INFO - Task is_vulnerable_vuln_cve_cwe: 40/314 commits processed
2025-11-28 19:34:00,110 - job_megavul_ft_database_1764371371 - INFO - Task is_vulnerable_vuln_cve_cwe: 50/314 commits processed
2025-11-28 19:35:16,624 - job_megavul_ft_database_1764371371 - INFO - Task is_vulnerable_vuln_cve_cwe: 60/314 commits processed
2025-11-28 19:36:33,179 - job_megavul_ft_database_1764371371 - INFO - Task is_vulnerable_vuln_cve_cwe: 70/314 commits processed
2025-11-28 19:37:49,109 - job_megavul_ft_database_1764371371 - INFO - Task is_vulnerable_vuln_cve_cwe: 80/314 commits processed
2025-11-28 19:39:05,176 - job_megavul_ft_database_1764371371 - INFO - Task is_vulnerable_vuln_cve_cwe: 90/314 commits processed
2025-11-28 19:40:21,262 - job_megavul_ft_database_1764371371 - INFO - Task is_vulnerable_vuln_cve_cwe: 100/314 commits processed
2025-11-28 19:41:37,384 - job_megavul_ft_database_1764371371 - INFO - Task is_vulnerable_vuln_cve_cwe: 110/314 commits processed
2025-11-28 19:42:53,582 - job_megavul_ft_database_1764371371 - INFO - Task is_vulnerable_vuln_cve_cwe: 120/314 commits processed
2025-11-28 19:44:09,503 - job_megavul_ft_database_1764371371 - INFO - Task is_vulnerable_vuln_cve_cwe: 130/314 commits processed
2025-11-28 19:45:22,897 - job_megavul_ft_database_1764371371 - INFO - Task is_vulnerable_vuln_cve_cwe: 140/314 commits processed
2025-11-28 19:46:38,737 - job_megavul_ft_database_1764371371 - INFO - Task is_vulnerable_vuln_cve_cwe: 150/314 commits processed
2025-11-28 19:47:54,767 - job_megavul_ft_database_1764371371 - INFO - Task is_vulnerable_vuln_cve_cwe: 160/314 commits processed
2025-11-28 19:49:11,093 - job_megavul_ft_database_1764371371 - INFO - Task is_vulnerable_vuln_cve_cwe: 170/314 commits processed
2025-11-28 19:50:27,171 - job_megavul_ft_database_1764371371 - INFO - Task is_vulnerable_vuln_cve_cwe: 180/314 commits processed
2025-11-28 19:51:43,809 - job_megavul_ft_database_1764371371 - INFO - Task is_vulnerable_vuln_cve_cwe: 190/314 commits processed
2025-11-28 19:53:00,007 - job_megavul_ft_database_1764371371 - INFO - Task is_vulnerable_vuln_cve_cwe: 200/314 commits processed
2025-11-28 19:54:15,886 - job_megavul_ft_database_1764371371 - INFO - Task is_vulnerable_vuln_cve_cwe: 210/314 commits processed
2025-11-28 19:55:32,269 - job_megavul_ft_database_1764371371 - INFO - Task is_vulnerable_vuln_cve_cwe: 220/314 commits processed
2025-11-28 19:56:49,057 - job_megavul_ft_database_1764371371 - INFO - Task is_vulnerable_vuln_cve_cwe: 230/314 commits processed
2025-11-28 19:58:05,570 - job_megavul_ft_database_1764371371 - INFO - Task is_vulnerable_vuln_cve_cwe: 240/314 commits processed
2025-11-28 19:59:21,375 - job_megavul_ft_database_1764371371 - INFO - Task is_vulnerable_vuln_cve_cwe: 250/314 commits processed
2025-11-28 20:00:37,372 - job_megavul_ft_database_1764371371 - INFO - Task is_vulnerable_vuln_cve_cwe: 260/314 commits processed
2025-11-28 20:01:53,927 - job_megavul_ft_database_1764371371 - INFO - Task is_vulnerable_vuln_cve_cwe: 270/314 commits processed
2025-11-28 20:03:09,696 - job_megavul_ft_database_1764371371 - INFO - Task is_vulnerable_vuln_cve_cwe: 280/314 commits processed
2025-11-28 20:04:25,802 - job_megavul_ft_database_1764371371 - INFO - Task is_vulnerable_vuln_cve_cwe: 290/314 commits processed
2025-11-28 20:05:41,646 - job_megavul_ft_database_1764371371 - INFO - Task is_vulnerable_vuln_cve_cwe: 300/314 commits processed
2025-11-28 20:06:57,667 - job_megavul_ft_database_1764371371 - INFO - Task is_vulnerable_vuln_cve_cwe: 310/314 commits processed
2025-11-28 20:07:28,083 - job_megavul_ft_database_1764371371 - INFO - Completed task: is_vulnerable_vuln_cve_cwe
2025-11-28 20:07:28,085 - job_megavul_ft_database_1764371371 - INFO - Starting task: is_vulnerable_patch_cve_cwe
2025-11-28 20:08:45,029 - job_megavul_ft_database_1764371371 - INFO - Task is_vulnerable_patch_cve_cwe: 10/314 commits processed
2025-11-28 20:10:01,128 - job_megavul_ft_database_1764371371 - INFO - Task is_vulnerable_patch_cve_cwe: 20/314 commits processed
2025-11-28 20:11:17,719 - job_megavul_ft_database_1764371371 - INFO - Task is_vulnerable_patch_cve_cwe: 30/314 commits processed
2025-11-28 20:12:33,708 - job_megavul_ft_database_1764371371 - INFO - Task is_vulnerable_patch_cve_cwe: 40/314 commits processed
2025-11-28 20:13:49,682 - job_megavul_ft_database_1764371371 - INFO - Task is_vulnerable_patch_cve_cwe: 50/314 commits processed
2025-11-28 20:15:05,817 - job_megavul_ft_database_1764371371 - INFO - Task is_vulnerable_patch_cve_cwe: 60/314 commits processed
2025-11-28 20:16:21,802 - job_megavul_ft_database_1764371371 - INFO - Task is_vulnerable_patch_cve_cwe: 70/314 commits processed
2025-11-28 20:17:37,604 - job_megavul_ft_database_1764371371 - INFO - Task is_vulnerable_patch_cve_cwe: 80/314 commits processed
2025-11-28 20:18:53,675 - job_megavul_ft_database_1764371371 - INFO - Task is_vulnerable_patch_cve_cwe: 90/314 commits processed
2025-11-28 20:20:09,953 - job_megavul_ft_database_1764371371 - INFO - Task is_vulnerable_patch_cve_cwe: 100/314 commits processed
2025-11-28 20:21:26,470 - job_megavul_ft_database_1764371371 - INFO - Task is_vulnerable_patch_cve_cwe: 110/314 commits processed
2025-11-28 20:22:42,516 - job_megavul_ft_database_1764371371 - INFO - Task is_vulnerable_patch_cve_cwe: 120/314 commits processed
2025-11-28 20:23:58,502 - job_megavul_ft_database_1764371371 - INFO - Task is_vulnerable_patch_cve_cwe: 130/314 commits processed
2025-11-28 20:25:14,645 - job_megavul_ft_database_1764371371 - INFO - Task is_vulnerable_patch_cve_cwe: 140/314 commits processed
2025-11-28 20:26:30,748 - job_megavul_ft_database_1764371371 - INFO - Task is_vulnerable_patch_cve_cwe: 150/314 commits processed
2025-11-28 20:27:46,716 - job_megavul_ft_database_1764371371 - INFO - Task is_vulnerable_patch_cve_cwe: 160/314 commits processed
2025-11-28 20:29:03,019 - job_megavul_ft_database_1764371371 - INFO - Task is_vulnerable_patch_cve_cwe: 170/314 commits processed
2025-11-28 20:30:18,936 - job_megavul_ft_database_1764371371 - INFO - Task is_vulnerable_patch_cve_cwe: 180/314 commits processed
2025-11-28 20:31:35,334 - job_megavul_ft_database_1764371371 - INFO - Task is_vulnerable_patch_cve_cwe: 190/314 commits processed
2025-11-28 20:32:51,576 - job_megavul_ft_database_1764371371 - INFO - Task is_vulnerable_patch_cve_cwe: 200/314 commits processed
2025-11-28 20:34:07,352 - job_megavul_ft_database_1764371371 - INFO - Task is_vulnerable_patch_cve_cwe: 210/314 commits processed
2025-11-28 20:35:23,879 - job_megavul_ft_database_1764371371 - INFO - Task is_vulnerable_patch_cve_cwe: 220/314 commits processed
2025-11-28 20:36:39,883 - job_megavul_ft_database_1764371371 - INFO - Task is_vulnerable_patch_cve_cwe: 230/314 commits processed
2025-11-28 20:37:54,915 - job_megavul_ft_database_1764371371 - INFO - Task is_vulnerable_patch_cve_cwe: 240/314 commits processed
2025-11-28 20:39:10,919 - job_megavul_ft_database_1764371371 - INFO - Task is_vulnerable_patch_cve_cwe: 250/314 commits processed
2025-11-28 20:40:26,947 - job_megavul_ft_database_1764371371 - INFO - Task is_vulnerable_patch_cve_cwe: 260/314 commits processed
2025-11-28 20:41:43,613 - job_megavul_ft_database_1764371371 - INFO - Task is_vulnerable_patch_cve_cwe: 270/314 commits processed
2025-11-28 20:42:59,343 - job_megavul_ft_database_1764371371 - INFO - Task is_vulnerable_patch_cve_cwe: 280/314 commits processed
2025-11-28 20:44:12,034 - job_megavul_ft_database_1764371371 - INFO - Task is_vulnerable_patch_cve_cwe: 290/314 commits processed
2025-11-28 20:45:28,154 - job_megavul_ft_database_1764371371 - INFO - Task is_vulnerable_patch_cve_cwe: 300/314 commits processed
2025-11-28 20:46:44,095 - job_megavul_ft_database_1764371371 - INFO - Task is_vulnerable_patch_cve_cwe: 310/314 commits processed
2025-11-28 20:47:14,397 - job_megavul_ft_database_1764371371 - INFO - Completed task: is_vulnerable_patch_cve_cwe
2025-11-28 20:47:14,401 - job_megavul_ft_database_1764371371 - INFO - Starting task: suggest_fix
2025-11-28 20:48:30,548 - job_megavul_ft_database_1764371371 - INFO - Task suggest_fix: 10/314 commits processed
2025-11-28 20:49:46,772 - job_megavul_ft_database_1764371371 - INFO - Task suggest_fix: 20/314 commits processed
2025-11-28 20:51:03,081 - job_megavul_ft_database_1764371371 - INFO - Task suggest_fix: 30/314 commits processed
2025-11-28 20:52:19,093 - job_megavul_ft_database_1764371371 - INFO - Task suggest_fix: 40/314 commits processed
2025-11-28 20:53:34,878 - job_megavul_ft_database_1764371371 - INFO - Task suggest_fix: 50/314 commits processed
2025-11-28 20:54:51,116 - job_megavul_ft_database_1764371371 - INFO - Task suggest_fix: 60/314 commits processed
2025-11-28 20:56:06,981 - job_megavul_ft_database_1764371371 - INFO - Task suggest_fix: 70/314 commits processed
2025-11-28 20:57:22,886 - job_megavul_ft_database_1764371371 - INFO - Task suggest_fix: 80/314 commits processed
2025-11-28 20:58:38,591 - job_megavul_ft_database_1764371371 - INFO - Task suggest_fix: 90/314 commits processed
2025-11-28 20:59:54,673 - job_megavul_ft_database_1764371371 - INFO - Task suggest_fix: 100/314 commits processed
2025-11-28 21:01:10,798 - job_megavul_ft_database_1764371371 - INFO - Task suggest_fix: 110/314 commits processed
2025-11-28 21:02:26,616 - job_megavul_ft_database_1764371371 - INFO - Task suggest_fix: 120/314 commits processed
2025-11-28 21:03:42,602 - job_megavul_ft_database_1764371371 - INFO - Task suggest_fix: 130/314 commits processed
2025-11-28 21:04:58,396 - job_megavul_ft_database_1764371371 - INFO - Task suggest_fix: 140/314 commits processed
2025-11-28 21:06:14,244 - job_megavul_ft_database_1764371371 - INFO - Task suggest_fix: 150/314 commits processed
2025-11-28 21:07:30,366 - job_megavul_ft_database_1764371371 - INFO - Task suggest_fix: 160/314 commits processed
2025-11-28 21:08:46,445 - job_megavul_ft_database_1764371371 - INFO - Task suggest_fix: 170/314 commits processed
2025-11-28 21:10:02,947 - job_megavul_ft_database_1764371371 - INFO - Task suggest_fix: 180/314 commits processed
2025-11-28 21:11:19,106 - job_megavul_ft_database_1764371371 - INFO - Task suggest_fix: 190/314 commits processed
2025-11-28 21:12:35,415 - job_megavul_ft_database_1764371371 - INFO - Task suggest_fix: 200/314 commits processed
2025-11-28 21:13:51,434 - job_megavul_ft_database_1764371371 - INFO - Task suggest_fix: 210/314 commits processed
2025-11-28 21:15:07,493 - job_megavul_ft_database_1764371371 - INFO - Task suggest_fix: 220/314 commits processed
2025-11-28 21:16:23,919 - job_megavul_ft_database_1764371371 - INFO - Task suggest_fix: 230/314 commits processed
2025-11-28 21:17:39,791 - job_megavul_ft_database_1764371371 - INFO - Task suggest_fix: 240/314 commits processed
2025-11-28 21:18:55,879 - job_megavul_ft_database_1764371371 - INFO - Task suggest_fix: 250/314 commits processed
2025-11-28 21:20:11,967 - job_megavul_ft_database_1764371371 - INFO - Task suggest_fix: 260/314 commits processed
2025-11-28 21:21:27,980 - job_megavul_ft_database_1764371371 - INFO - Task suggest_fix: 270/314 commits processed
2025-11-28 21:22:43,967 - job_megavul_ft_database_1764371371 - INFO - Task suggest_fix: 280/314 commits processed
2025-11-28 21:23:59,934 - job_megavul_ft_database_1764371371 - INFO - Task suggest_fix: 290/314 commits processed
2025-11-28 21:25:15,836 - job_megavul_ft_database_1764371371 - INFO - Task suggest_fix: 300/314 commits processed
2025-11-28 21:26:31,947 - job_megavul_ft_database_1764371371 - INFO - Task suggest_fix: 310/314 commits processed
2025-11-28 21:27:02,199 - job_megavul_ft_database_1764371371 - INFO - Completed task: suggest_fix
2025-11-28 21:27:02,202 - job_megavul_ft_database_1764371371 - INFO - Starting task: suggest_fix_fewshot
2025-11-28 21:28:18,312 - job_megavul_ft_database_1764371371 - INFO - Task suggest_fix_fewshot: 10/314 commits processed
2025-11-28 21:29:34,758 - job_megavul_ft_database_1764371371 - INFO - Task suggest_fix_fewshot: 20/314 commits processed
2025-11-28 21:30:51,060 - job_megavul_ft_database_1764371371 - INFO - Task suggest_fix_fewshot: 30/314 commits processed
2025-11-28 21:32:07,659 - job_megavul_ft_database_1764371371 - INFO - Task suggest_fix_fewshot: 40/314 commits processed
2025-11-28 21:33:23,704 - job_megavul_ft_database_1764371371 - INFO - Task suggest_fix_fewshot: 50/314 commits processed
2025-11-28 21:34:40,143 - job_megavul_ft_database_1764371371 - INFO - Task suggest_fix_fewshot: 60/314 commits processed
2025-11-28 21:35:56,593 - job_megavul_ft_database_1764371371 - INFO - Task suggest_fix_fewshot: 70/314 commits processed
2025-11-28 21:37:12,592 - job_megavul_ft_database_1764371371 - INFO - Task suggest_fix_fewshot: 80/314 commits processed
2025-11-28 21:38:29,013 - job_megavul_ft_database_1764371371 - INFO - Task suggest_fix_fewshot: 90/314 commits processed
2025-11-28 21:39:45,171 - job_megavul_ft_database_1764371371 - INFO - Task suggest_fix_fewshot: 100/314 commits processed
2025-11-28 21:41:01,571 - job_megavul_ft_database_1764371371 - INFO - Task suggest_fix_fewshot: 110/314 commits processed
2025-11-28 21:42:17,699 - job_megavul_ft_database_1764371371 - INFO - Task suggest_fix_fewshot: 120/314 commits processed
2025-11-28 21:43:33,605 - job_megavul_ft_database_1764371371 - INFO - Task suggest_fix_fewshot: 130/314 commits processed
2025-11-28 21:44:49,834 - job_megavul_ft_database_1764371371 - INFO - Task suggest_fix_fewshot: 140/314 commits processed
2025-11-28 21:46:05,921 - job_megavul_ft_database_1764371371 - INFO - Task suggest_fix_fewshot: 150/314 commits processed
2025-11-28 21:47:22,397 - job_megavul_ft_database_1764371371 - INFO - Task suggest_fix_fewshot: 160/314 commits processed
2025-11-28 21:48:38,406 - job_megavul_ft_database_1764371371 - INFO - Task suggest_fix_fewshot: 170/314 commits processed
2025-11-28 21:49:54,520 - job_megavul_ft_database_1764371371 - INFO - Task suggest_fix_fewshot: 180/314 commits processed
2025-11-28 21:51:10,970 - job_megavul_ft_database_1764371371 - INFO - Task suggest_fix_fewshot: 190/314 commits processed
2025-11-28 21:52:27,573 - job_megavul_ft_database_1764371371 - INFO - Task suggest_fix_fewshot: 200/314 commits processed
2025-11-28 21:53:43,799 - job_megavul_ft_database_1764371371 - INFO - Task suggest_fix_fewshot: 210/314 commits processed
2025-11-28 21:55:00,038 - job_megavul_ft_database_1764371371 - INFO - Task suggest_fix_fewshot: 220/314 commits processed
2025-11-28 21:56:16,178 - job_megavul_ft_database_1764371371 - INFO - Task suggest_fix_fewshot: 230/314 commits processed
2025-11-28 21:57:32,483 - job_megavul_ft_database_1764371371 - INFO - Task suggest_fix_fewshot: 240/314 commits processed
2025-11-28 21:58:48,563 - job_megavul_ft_database_1764371371 - INFO - Task suggest_fix_fewshot: 250/314 commits processed
2025-11-28 22:00:04,991 - job_megavul_ft_database_1764371371 - INFO - Task suggest_fix_fewshot: 260/314 commits processed
2025-11-28 22:01:21,172 - job_megavul_ft_database_1764371371 - INFO - Task suggest_fix_fewshot: 270/314 commits processed
2025-11-28 22:02:37,739 - job_megavul_ft_database_1764371371 - INFO - Task suggest_fix_fewshot: 280/314 commits processed
2025-11-28 22:03:54,081 - job_megavul_ft_database_1764371371 - INFO - Task suggest_fix_fewshot: 290/314 commits processed
2025-11-28 22:05:10,217 - job_megavul_ft_database_1764371371 - INFO - Task suggest_fix_fewshot: 300/314 commits processed
2025-11-28 22:06:26,507 - job_megavul_ft_database_1764371371 - INFO - Task suggest_fix_fewshot: 310/314 commits processed
2025-11-28 22:06:56,779 - job_megavul_ft_database_1764371371 - INFO - Completed task: suggest_fix_fewshot
2025-11-28 22:06:56,783 - job_megavul_ft_database_1764371371 - INFO - Starting task: rank_cwe
2025-11-28 22:08:12,617 - job_megavul_ft_database_1764371371 - INFO - Task rank_cwe: 10/314 commits processed
2025-11-28 22:09:29,002 - job_megavul_ft_database_1764371371 - INFO - Task rank_cwe: 20/314 commits processed
2025-11-28 22:10:45,039 - job_megavul_ft_database_1764371371 - INFO - Task rank_cwe: 30/314 commits processed
2025-11-28 22:12:01,107 - job_megavul_ft_database_1764371371 - INFO - Task rank_cwe: 40/314 commits processed
2025-11-28 22:13:17,213 - job_megavul_ft_database_1764371371 - INFO - Task rank_cwe: 50/314 commits processed
Could not extract any CWE identifiers from: 	goto e_inval;

		if (sk->sk_type == SOCK_RAW)
			break;

		if (sk->sk_protocol == IPPROTO_UDP ||
		
No CWEs extracted, storing empty list for commit 3c52c6bb831f6335c176a0fc7214e26f43adbd11: 	goto e_inval;

		if (sk->sk_type == SOCK_RAW)
			break;

		if (sk->sk_protocol == IPPROTO_UDP ||
		
Could not extract any CWE identifiers from: pid);
		return_error = BR_FAILED_REPLY;
		return_error_param = -ENOMEM;
		return_error_line = __LINE
No CWEs extracted, storing empty list for commit 4df153652cc46545722879415937582028c18af5: pid);
		return_error = BR_FAILED_REPLY;
		return_error_param = -ENOMEM;
		return_error_line = __LINE
2025-11-28 22:14:33,322 - job_megavul_ft_database_1764371371 - INFO - Task rank_cwe: 60/314 commits processed
2025-11-28 22:15:49,447 - job_megavul_ft_database_1764371371 - INFO - Task rank_cwe: 70/314 commits processed
2025-11-28 22:17:05,124 - job_megavul_ft_database_1764371371 - INFO - Task rank_cwe: 80/314 commits processed
2025-11-28 22:18:20,913 - job_megavul_ft_database_1764371371 - INFO - Task rank_cwe: 90/314 commits processed
Could not extract any CWE identifiers from: _valid = le64_to_cpu(attr->nres.valid_size);
		ni->ni_flags |= NI_FLAG_DIR;
		goto next_attr;

	case
No CWEs extracted, storing empty list for commit 98bea253aa28ad8be2ce565a9ca21beb4a9419e5: _valid = le64_to_cpu(attr->nres.valid_size);
		ni->ni_flags |= NI_FLAG_DIR;
		goto next_attr;

	case
2025-11-28 22:19:37,114 - job_megavul_ft_database_1764371371 - INFO - Task rank_cwe: 100/314 commits processed
Could not extract any CWE identifiers from: _uuids(sb);
	c->nr_sets		= meta_sets(sb);
	c->nr_sets_max		= meta_sets_max(sb);
	c->nr_sets_max		= m
No CWEs extracted, storing empty list for commit 3a861560ccb35f2a4f0a4b8207fa7c2a35fc7f31: _uuids(sb);
	c->nr_sets		= meta_sets(sb);
	c->nr_sets_max		= meta_sets_max(sb);
	c->nr_sets_max		= m
Could not extract any CWE identifiers from: 		if (!pf->vsi[v])
			continue;

		ice_vsi_free_q_vectors(pf->vsi[v]);
		ice_vsi_free_tx_rings(pf->v
No CWEs extracted, storing empty list for commit 2a5dc090b92cfa5270e20056074241c6db5c9cdd: 		if (!pf->vsi[v])
			continue;

		ice_vsi_free_q_vectors(pf->vsi[v]);
		ice_vsi_free_tx_rings(pf->v
Could not extract any CWE identifiers from: asd_free_request(cqr);
	return ERR_PTR(rc);
}
// File path: drivers/s390/block/dasd_eckd.h
struct da
No CWEs extracted, storing empty list for commit 7db4042336580dfd75cb5faa82c12cd51098c90b: asd_free_request(cqr);
	return ERR_PTR(rc);
}
// File path: drivers/s390/block/dasd_eckd.h
struct da
2025-11-28 22:20:53,056 - job_megavul_ft_database_1764371371 - INFO - Task rank_cwe: 110/314 commits processed
2025-11-28 22:22:09,127 - job_megavul_ft_database_1764371371 - INFO - Task rank_cwe: 120/314 commits processed
2025-11-28 22:23:24,933 - job_megavul_ft_database_1764371371 - INFO - Task rank_cwe: 130/314 commits processed
2025-11-28 22:24:40,751 - job_megavul_ft_database_1764371371 - INFO - Task rank_cwe: 140/314 commits processed
2025-11-28 22:25:56,707 - job_megavul_ft_database_1764371371 - INFO - Task rank_cwe: 150/314 commits processed
Could not extract any CWE identifiers from: _LD | BPF_W | BPF_ABS:
		case BPF_LD | BPF_W | BPF_IND:
		case BPF_LD | BPF_W | BPF_MEM:
		case BPF_
No CWEs extracted, storing empty list for commit f5e81d1117501546b7be050c5fbafa6efd2c722c: _LD | BPF_W | BPF_ABS:
		case BPF_LD | BPF_W | BPF_IND:
		case BPF_LD | BPF_W | BPF_MEM:
		case BPF_
2025-11-28 22:27:12,654 - job_megavul_ft_database_1764371371 - INFO - Task rank_cwe: 160/314 commits processed
Could not extract any CWE identifiers from: entry_ops;

	sb->s_fs_info = ufs;
	sb->s_op = &ovl_fsops;
	sb->s_xattr = &ovl_xattr_ops;
	sb->s_xatt
No CWEs extracted, storing empty list for commit e9f57ebcba563e0cd532926cab83c92bb4d79360: entry_ops;

	sb->s_fs_info = ufs;
	sb->s_op = &ovl_fsops;
	sb->s_xattr = &ovl_xattr_ops;
	sb->s_xatt
Could not extract any CWE identifiers from:  "R%d pointer arithmetic with bitwise ops prohibited\n",
			dst);
		return -EACCES;
	case BPF_LSH:
	
No CWEs extracted, storing empty list for commit 979d63d50c0c0f7bc537bf821e056cc9fe5abd38:  "R%d pointer arithmetic with bitwise ops prohibited\n",
			dst);
		return -EACCES;
	case BPF_LSH:
	
2025-11-28 22:28:28,836 - job_megavul_ft_database_1764371371 - INFO - Task rank_cwe: 170/314 commits processed
2025-11-28 22:29:44,698 - job_megavul_ft_database_1764371371 - INFO - Task rank_cwe: 180/314 commits processed
2025-11-28 22:31:00,773 - job_megavul_ft_database_1764371371 - INFO - Task rank_cwe: 190/314 commits processed
2025-11-28 22:32:17,145 - job_megavul_ft_database_1764371371 - INFO - Task rank_cwe: 200/314 commits processed
2025-11-28 22:33:32,953 - job_megavul_ft_database_1764371371 - INFO - Task rank_cwe: 210/314 commits processed
2025-11-28 22:34:49,864 - job_megavul_ft_database_1764371371 - INFO - Task rank_cwe: 220/314 commits processed
2025-11-28 22:36:05,802 - job_megavul_ft_database_1764371371 - INFO - Task rank_cwe: 230/314 commits processed
2025-11-28 22:37:21,643 - job_megavul_ft_database_1764371371 - INFO - Task rank_cwe: 240/314 commits processed
Could not extract any CWE identifiers from:  ip->i_no_formal_ino != no_formal_ino) {
		error = -ESTALE;
		goto fail;
	}

	if (error)
		goto fail
No CWEs extracted, storing empty list for commit 34816d20f173a90389c8a7e641166d8ea9dce70a:  ip->i_no_formal_ino != no_formal_ino) {
		error = -ESTALE;
		goto fail;
	}

	if (error)
		goto fail
2025-11-28 22:38:37,549 - job_megavul_ft_database_1764371371 - INFO - Task rank_cwe: 250/314 commits processed
Could not extract any CWE identifiers from: utting_down)
			mod_timer(&dev->check_pres_timer, jiffies +
				  msecs_to_jiffies(NFC_CHECK_PRES_FR
No CWEs extracted, storing empty list for commit da5c0f119203ad9728920456a0f52a6d850c01cd: utting_down)
			mod_timer(&dev->check_pres_timer, jiffies +
				  msecs_to_jiffies(NFC_CHECK_PRES_FR
2025-11-28 22:39:53,487 - job_megavul_ft_database_1764371371 - INFO - Task rank_cwe: 260/314 commits processed
2025-11-28 22:41:09,715 - job_megavul_ft_database_1764371371 - INFO - Task rank_cwe: 270/314 commits processed
Could not extract any CWE identifiers from: dp_exception(vi->dev, xdp_prog, act);
			if (unlikely(xdp_page != page))
				put_page(xdp_page);
			
No CWEs extracted, storing empty list for commit ad993a95c508417acdeb15244109e009e50d8758: dp_exception(vi->dev, xdp_prog, act);
			if (unlikely(xdp_page != page))
				put_page(xdp_page);
			
2025-11-28 22:42:25,415 - job_megavul_ft_database_1764371371 - INFO - Task rank_cwe: 280/314 commits processed
2025-11-28 22:43:41,279 - job_megavul_ft_database_1764371371 - INFO - Task rank_cwe: 290/314 commits processed
2025-11-28 22:44:57,362 - job_megavul_ft_database_1764371371 - INFO - Task rank_cwe: 300/314 commits processed
2025-11-28 22:46:13,237 - job_megavul_ft_database_1764371371 - INFO - Task rank_cwe: 310/314 commits processed
2025-11-28 22:46:43,478 - job_megavul_ft_database_1764371371 - INFO - Completed task: rank_cwe
2025-11-28 22:46:43,482 - job_megavul_ft_database_1764371371 - INFO - Job completed successfully
Loading checkpoint shards:   0%|          | 0/3 [00:00<?, ?it/s]Loading checkpoint shards:  33%|███▎      | 1/3 [00:00<00:00,  3.37it/s]Loading checkpoint shards:  67%|██████▋   | 2/3 [00:00<00:00,  3.48it/s]Loading checkpoint shards: 100%|██████████| 3/3 [00:00<00:00,  5.13it/s]
Loading checkpoint shards:   0%|          | 0/3 [00:00<?, ?it/s]Loading checkpoint shards:  33%|███▎      | 1/3 [00:00<00:00,  3.39it/s]Loading checkpoint shards:  67%|██████▋   | 2/3 [00:00<00:00,  3.44it/s]Loading checkpoint shards: 100%|██████████| 3/3 [00:00<00:00,  5.09it/s]
2025-11-28 22:46:48,511 - job_megavul_ft_database_leakagefree_1764388006 - INFO - Starting task: is_vulnerable_vuln
2025-11-28 22:48:03,447 - job_megavul_ft_database_leakagefree_1764388006 - INFO - Task is_vulnerable_vuln: 10/103 commits processed
2025-11-28 22:49:18,456 - job_megavul_ft_database_leakagefree_1764388006 - INFO - Task is_vulnerable_vuln: 20/103 commits processed
2025-11-28 22:50:33,640 - job_megavul_ft_database_leakagefree_1764388006 - INFO - Task is_vulnerable_vuln: 30/103 commits processed
2025-11-28 22:51:49,384 - job_megavul_ft_database_leakagefree_1764388006 - INFO - Task is_vulnerable_vuln: 40/103 commits processed
2025-11-28 22:53:05,297 - job_megavul_ft_database_leakagefree_1764388006 - INFO - Task is_vulnerable_vuln: 50/103 commits processed
2025-11-28 22:54:21,228 - job_megavul_ft_database_leakagefree_1764388006 - INFO - Task is_vulnerable_vuln: 60/103 commits processed
2025-11-28 22:55:36,474 - job_megavul_ft_database_leakagefree_1764388006 - INFO - Task is_vulnerable_vuln: 70/103 commits processed
2025-11-28 22:56:51,644 - job_megavul_ft_database_leakagefree_1764388006 - INFO - Task is_vulnerable_vuln: 80/103 commits processed
2025-11-28 22:58:06,850 - job_megavul_ft_database_leakagefree_1764388006 - INFO - Task is_vulnerable_vuln: 90/103 commits processed
2025-11-28 22:59:22,143 - job_megavul_ft_database_leakagefree_1764388006 - INFO - Task is_vulnerable_vuln: 100/103 commits processed
2025-11-28 22:59:44,674 - job_megavul_ft_database_leakagefree_1764388006 - INFO - Completed task: is_vulnerable_vuln
2025-11-28 22:59:44,676 - job_megavul_ft_database_leakagefree_1764388006 - INFO - Starting task: is_vulnerable_patch
2025-11-28 23:00:59,863 - job_megavul_ft_database_leakagefree_1764388006 - INFO - Task is_vulnerable_patch: 10/103 commits processed
2025-11-28 23:02:15,053 - job_megavul_ft_database_leakagefree_1764388006 - INFO - Task is_vulnerable_patch: 20/103 commits processed
2025-11-28 23:03:30,078 - job_megavul_ft_database_leakagefree_1764388006 - INFO - Task is_vulnerable_patch: 30/103 commits processed
2025-11-28 23:04:44,950 - job_megavul_ft_database_leakagefree_1764388006 - INFO - Task is_vulnerable_patch: 40/103 commits processed
2025-11-28 23:06:00,169 - job_megavul_ft_database_leakagefree_1764388006 - INFO - Task is_vulnerable_patch: 50/103 commits processed
2025-11-28 23:07:15,148 - job_megavul_ft_database_leakagefree_1764388006 - INFO - Task is_vulnerable_patch: 60/103 commits processed
2025-11-28 23:08:30,080 - job_megavul_ft_database_leakagefree_1764388006 - INFO - Task is_vulnerable_patch: 70/103 commits processed
2025-11-28 23:09:45,161 - job_megavul_ft_database_leakagefree_1764388006 - INFO - Task is_vulnerable_patch: 80/103 commits processed
2025-11-28 23:11:00,049 - job_megavul_ft_database_leakagefree_1764388006 - INFO - Task is_vulnerable_patch: 90/103 commits processed
2025-11-28 23:12:15,350 - job_megavul_ft_database_leakagefree_1764388006 - INFO - Task is_vulnerable_patch: 100/103 commits processed
2025-11-28 23:12:37,908 - job_megavul_ft_database_leakagefree_1764388006 - INFO - Completed task: is_vulnerable_patch
2025-11-28 23:12:37,911 - job_megavul_ft_database_leakagefree_1764388006 - INFO - Starting task: is_vulnerable_vuln_cve_cwe
2025-11-28 23:13:53,054 - job_megavul_ft_database_leakagefree_1764388006 - INFO - Task is_vulnerable_vuln_cve_cwe: 10/103 commits processed
2025-11-28 23:15:08,392 - job_megavul_ft_database_leakagefree_1764388006 - INFO - Task is_vulnerable_vuln_cve_cwe: 20/103 commits processed
2025-11-28 23:16:20,273 - job_megavul_ft_database_leakagefree_1764388006 - INFO - Task is_vulnerable_vuln_cve_cwe: 30/103 commits processed
2025-11-28 23:17:35,227 - job_megavul_ft_database_leakagefree_1764388006 - INFO - Task is_vulnerable_vuln_cve_cwe: 40/103 commits processed
2025-11-28 23:18:50,602 - job_megavul_ft_database_leakagefree_1764388006 - INFO - Task is_vulnerable_vuln_cve_cwe: 50/103 commits processed
2025-11-28 23:20:05,824 - job_megavul_ft_database_leakagefree_1764388006 - INFO - Task is_vulnerable_vuln_cve_cwe: 60/103 commits processed
2025-11-28 23:21:20,864 - job_megavul_ft_database_leakagefree_1764388006 - INFO - Task is_vulnerable_vuln_cve_cwe: 70/103 commits processed
2025-11-28 23:22:35,974 - job_megavul_ft_database_leakagefree_1764388006 - INFO - Task is_vulnerable_vuln_cve_cwe: 80/103 commits processed
2025-11-28 23:23:51,232 - job_megavul_ft_database_leakagefree_1764388006 - INFO - Task is_vulnerable_vuln_cve_cwe: 90/103 commits processed
2025-11-28 23:25:06,398 - job_megavul_ft_database_leakagefree_1764388006 - INFO - Task is_vulnerable_vuln_cve_cwe: 100/103 commits processed
2025-11-28 23:25:28,850 - job_megavul_ft_database_leakagefree_1764388006 - INFO - Completed task: is_vulnerable_vuln_cve_cwe
2025-11-28 23:25:28,898 - job_megavul_ft_database_leakagefree_1764388006 - INFO - Starting task: is_vulnerable_patch_cve_cwe
2025-11-28 23:26:40,967 - job_megavul_ft_database_leakagefree_1764388006 - INFO - Task is_vulnerable_patch_cve_cwe: 10/103 commits processed
2025-11-28 23:27:56,193 - job_megavul_ft_database_leakagefree_1764388006 - INFO - Task is_vulnerable_patch_cve_cwe: 20/103 commits processed
2025-11-28 23:29:11,239 - job_megavul_ft_database_leakagefree_1764388006 - INFO - Task is_vulnerable_patch_cve_cwe: 30/103 commits processed
2025-11-28 23:30:22,562 - job_megavul_ft_database_leakagefree_1764388006 - INFO - Task is_vulnerable_patch_cve_cwe: 40/103 commits processed
2025-11-28 23:31:37,941 - job_megavul_ft_database_leakagefree_1764388006 - INFO - Task is_vulnerable_patch_cve_cwe: 50/103 commits processed
2025-11-28 23:32:52,908 - job_megavul_ft_database_leakagefree_1764388006 - INFO - Task is_vulnerable_patch_cve_cwe: 60/103 commits processed
2025-11-28 23:34:08,045 - job_megavul_ft_database_leakagefree_1764388006 - INFO - Task is_vulnerable_patch_cve_cwe: 70/103 commits processed
2025-11-28 23:35:23,008 - job_megavul_ft_database_leakagefree_1764388006 - INFO - Task is_vulnerable_patch_cve_cwe: 80/103 commits processed
2025-11-28 23:36:38,194 - job_megavul_ft_database_leakagefree_1764388006 - INFO - Task is_vulnerable_patch_cve_cwe: 90/103 commits processed
2025-11-28 23:37:53,414 - job_megavul_ft_database_leakagefree_1764388006 - INFO - Task is_vulnerable_patch_cve_cwe: 100/103 commits processed
2025-11-28 23:38:15,936 - job_megavul_ft_database_leakagefree_1764388006 - INFO - Completed task: is_vulnerable_patch_cve_cwe
2025-11-28 23:38:15,938 - job_megavul_ft_database_leakagefree_1764388006 - INFO - Starting task: suggest_fix
2025-11-28 23:39:31,168 - job_megavul_ft_database_leakagefree_1764388006 - INFO - Task suggest_fix: 10/103 commits processed
2025-11-28 23:40:47,266 - job_megavul_ft_database_leakagefree_1764388006 - INFO - Task suggest_fix: 20/103 commits processed
2025-11-28 23:42:02,391 - job_megavul_ft_database_leakagefree_1764388006 - INFO - Task suggest_fix: 30/103 commits processed
2025-11-28 23:43:18,254 - job_megavul_ft_database_leakagefree_1764388006 - INFO - Task suggest_fix: 40/103 commits processed
2025-11-28 23:44:33,656 - job_megavul_ft_database_leakagefree_1764388006 - INFO - Task suggest_fix: 50/103 commits processed
2025-11-28 23:45:48,866 - job_megavul_ft_database_leakagefree_1764388006 - INFO - Task suggest_fix: 60/103 commits processed
2025-11-28 23:47:03,990 - job_megavul_ft_database_leakagefree_1764388006 - INFO - Task suggest_fix: 70/103 commits processed
2025-11-28 23:48:19,178 - job_megavul_ft_database_leakagefree_1764388006 - INFO - Task suggest_fix: 80/103 commits processed
2025-11-28 23:49:34,398 - job_megavul_ft_database_leakagefree_1764388006 - INFO - Task suggest_fix: 90/103 commits processed
2025-11-28 23:50:49,530 - job_megavul_ft_database_leakagefree_1764388006 - INFO - Task suggest_fix: 100/103 commits processed
2025-11-28 23:51:12,059 - job_megavul_ft_database_leakagefree_1764388006 - INFO - Completed task: suggest_fix
2025-11-28 23:51:12,061 - job_megavul_ft_database_leakagefree_1764388006 - INFO - Starting task: suggest_fix_fewshot
2025-11-28 23:52:27,697 - job_megavul_ft_database_leakagefree_1764388006 - INFO - Task suggest_fix_fewshot: 10/103 commits processed
2025-11-28 23:53:43,282 - job_megavul_ft_database_leakagefree_1764388006 - INFO - Task suggest_fix_fewshot: 20/103 commits processed
2025-11-28 23:54:58,941 - job_megavul_ft_database_leakagefree_1764388006 - INFO - Task suggest_fix_fewshot: 30/103 commits processed
2025-11-28 23:56:14,756 - job_megavul_ft_database_leakagefree_1764388006 - INFO - Task suggest_fix_fewshot: 40/103 commits processed
2025-11-28 23:57:30,697 - job_megavul_ft_database_leakagefree_1764388006 - INFO - Task suggest_fix_fewshot: 50/103 commits processed
2025-11-28 23:58:46,459 - job_megavul_ft_database_leakagefree_1764388006 - INFO - Task suggest_fix_fewshot: 60/103 commits processed
2025-11-29 00:00:02,109 - job_megavul_ft_database_leakagefree_1764388006 - INFO - Task suggest_fix_fewshot: 70/103 commits processed
2025-11-29 00:01:18,129 - job_megavul_ft_database_leakagefree_1764388006 - INFO - Task suggest_fix_fewshot: 80/103 commits processed
2025-11-29 00:02:33,750 - job_megavul_ft_database_leakagefree_1764388006 - INFO - Task suggest_fix_fewshot: 90/103 commits processed
2025-11-29 00:03:49,710 - job_megavul_ft_database_leakagefree_1764388006 - INFO - Task suggest_fix_fewshot: 100/103 commits processed
2025-11-29 00:04:12,413 - job_megavul_ft_database_leakagefree_1764388006 - INFO - Completed task: suggest_fix_fewshot
2025-11-29 00:04:12,416 - job_megavul_ft_database_leakagefree_1764388006 - INFO - Starting task: rank_cwe
2025-11-29 00:05:27,720 - job_megavul_ft_database_leakagefree_1764388006 - INFO - Task rank_cwe: 10/103 commits processed
2025-11-29 00:06:43,009 - job_megavul_ft_database_leakagefree_1764388006 - INFO - Task rank_cwe: 20/103 commits processed
2025-11-29 00:07:58,342 - job_megavul_ft_database_leakagefree_1764388006 - INFO - Task rank_cwe: 30/103 commits processed
2025-11-29 00:09:13,296 - job_megavul_ft_database_leakagefree_1764388006 - INFO - Task rank_cwe: 40/103 commits processed
2025-11-29 00:10:28,796 - job_megavul_ft_database_leakagefree_1764388006 - INFO - Task rank_cwe: 50/103 commits processed
2025-11-29 00:11:43,944 - job_megavul_ft_database_leakagefree_1764388006 - INFO - Task rank_cwe: 60/103 commits processed
2025-11-29 00:12:59,084 - job_megavul_ft_database_leakagefree_1764388006 - INFO - Task rank_cwe: 70/103 commits processed
2025-11-29 00:14:14,152 - job_megavul_ft_database_leakagefree_1764388006 - INFO - Task rank_cwe: 80/103 commits processed
2025-11-29 00:15:29,130 - job_megavul_ft_database_leakagefree_1764388006 - INFO - Task rank_cwe: 90/103 commits processed
2025-11-29 00:16:44,369 - job_megavul_ft_database_leakagefree_1764388006 - INFO - Task rank_cwe: 100/103 commits processed
2025-11-29 00:17:07,008 - job_megavul_ft_database_leakagefree_1764388006 - INFO - Completed task: rank_cwe
2025-11-29 00:17:07,010 - job_megavul_ft_database_leakagefree_1764388006 - INFO - Job completed successfully
Evaluation completed on both databases:
  database.sqlite: Job megavul_ft_database_1764371371 - Status: completed
  database_leakagefree.sqlite: Job megavul_ft_database_leakagefree_1764388006 - Status: completed
