`torch_dtype` is deprecated! Use `dtype` instead!
Starting evaluation with model: devign_ft
Running evaluation on both databases...
Loading checkpoint shards:   0%|          | 0/3 [00:00<?, ?it/s]Loading checkpoint shards:  33%|███▎      | 1/3 [00:03<00:06,  3.27s/it]Loading checkpoint shards:  67%|██████▋   | 2/3 [00:06<00:03,  3.31s/it]Loading checkpoint shards: 100%|██████████| 3/3 [00:06<00:00,  2.23s/it]
Loading checkpoint shards:   0%|          | 0/3 [00:00<?, ?it/s]Loading checkpoint shards:  33%|███▎      | 1/3 [00:00<00:00,  3.66it/s]Loading checkpoint shards:  67%|██████▋   | 2/3 [00:00<00:00,  3.43it/s]Loading checkpoint shards: 100%|██████████| 3/3 [00:00<00:00,  5.11it/s]
2025-11-27 00:33:57,853 - job_devign_ft_database_1764221635 - INFO - Starting task: is_vulnerable_vuln
The following generation flags are not valid and may be ignored: ['temperature', 'top_p', 'top_k']. Set `TRANSFORMERS_VERBOSITY=info` for more details.
2025-11-27 00:35:03,863 - job_devign_ft_database_1764221635 - INFO - Task is_vulnerable_vuln: 10/314 commits processed
2025-11-27 00:36:08,938 - job_devign_ft_database_1764221635 - INFO - Task is_vulnerable_vuln: 20/314 commits processed
2025-11-27 00:37:14,306 - job_devign_ft_database_1764221635 - INFO - Task is_vulnerable_vuln: 30/314 commits processed
2025-11-27 00:38:19,283 - job_devign_ft_database_1764221635 - INFO - Task is_vulnerable_vuln: 40/314 commits processed
2025-11-27 00:39:24,185 - job_devign_ft_database_1764221635 - INFO - Task is_vulnerable_vuln: 50/314 commits processed
2025-11-27 00:40:29,170 - job_devign_ft_database_1764221635 - INFO - Task is_vulnerable_vuln: 60/314 commits processed
2025-11-27 00:41:27,619 - job_devign_ft_database_1764221635 - INFO - Task is_vulnerable_vuln: 70/314 commits processed
2025-11-27 00:42:32,192 - job_devign_ft_database_1764221635 - INFO - Task is_vulnerable_vuln: 80/314 commits processed
2025-11-27 00:43:36,868 - job_devign_ft_database_1764221635 - INFO - Task is_vulnerable_vuln: 90/314 commits processed
2025-11-27 00:44:42,028 - job_devign_ft_database_1764221635 - INFO - Task is_vulnerable_vuln: 100/314 commits processed
2025-11-27 00:45:47,107 - job_devign_ft_database_1764221635 - INFO - Task is_vulnerable_vuln: 110/314 commits processed
2025-11-27 00:46:49,989 - job_devign_ft_database_1764221635 - INFO - Task is_vulnerable_vuln: 120/314 commits processed
2025-11-27 00:47:55,057 - job_devign_ft_database_1764221635 - INFO - Task is_vulnerable_vuln: 130/314 commits processed
2025-11-27 00:49:00,020 - job_devign_ft_database_1764221635 - INFO - Task is_vulnerable_vuln: 140/314 commits processed
2025-11-27 00:50:04,933 - job_devign_ft_database_1764221635 - INFO - Task is_vulnerable_vuln: 150/314 commits processed
2025-11-27 00:51:10,078 - job_devign_ft_database_1764221635 - INFO - Task is_vulnerable_vuln: 160/314 commits processed
2025-11-27 00:52:16,483 - job_devign_ft_database_1764221635 - INFO - Task is_vulnerable_vuln: 170/314 commits processed
2025-11-27 00:53:11,299 - job_devign_ft_database_1764221635 - INFO - Task is_vulnerable_vuln: 180/314 commits processed
2025-11-27 00:54:09,742 - job_devign_ft_database_1764221635 - INFO - Task is_vulnerable_vuln: 190/314 commits processed
2025-11-27 00:55:09,015 - job_devign_ft_database_1764221635 - INFO - Task is_vulnerable_vuln: 200/314 commits processed
2025-11-27 00:56:13,799 - job_devign_ft_database_1764221635 - INFO - Task is_vulnerable_vuln: 210/314 commits processed
2025-11-27 00:57:19,268 - job_devign_ft_database_1764221635 - INFO - Task is_vulnerable_vuln: 220/314 commits processed
2025-11-27 00:58:24,321 - job_devign_ft_database_1764221635 - INFO - Task is_vulnerable_vuln: 230/314 commits processed
2025-11-27 00:59:16,458 - job_devign_ft_database_1764221635 - INFO - Task is_vulnerable_vuln: 240/314 commits processed
2025-11-27 01:00:21,472 - job_devign_ft_database_1764221635 - INFO - Task is_vulnerable_vuln: 250/314 commits processed
2025-11-27 01:01:24,107 - job_devign_ft_database_1764221635 - INFO - Task is_vulnerable_vuln: 260/314 commits processed
2025-11-27 01:02:29,374 - job_devign_ft_database_1764221635 - INFO - Task is_vulnerable_vuln: 270/314 commits processed
2025-11-27 01:03:34,309 - job_devign_ft_database_1764221635 - INFO - Task is_vulnerable_vuln: 280/314 commits processed
2025-11-27 01:04:39,550 - job_devign_ft_database_1764221635 - INFO - Task is_vulnerable_vuln: 290/314 commits processed
2025-11-27 01:05:41,457 - job_devign_ft_database_1764221635 - INFO - Task is_vulnerable_vuln: 300/314 commits processed
2025-11-27 01:06:46,756 - job_devign_ft_database_1764221635 - INFO - Task is_vulnerable_vuln: 310/314 commits processed
2025-11-27 01:07:11,379 - job_devign_ft_database_1764221635 - INFO - Completed task: is_vulnerable_vuln
2025-11-27 01:07:11,382 - job_devign_ft_database_1764221635 - INFO - Starting task: is_vulnerable_patch
2025-11-27 01:08:16,439 - job_devign_ft_database_1764221635 - INFO - Task is_vulnerable_patch: 10/314 commits processed
2025-11-27 01:09:21,597 - job_devign_ft_database_1764221635 - INFO - Task is_vulnerable_patch: 20/314 commits processed
2025-11-27 01:10:26,725 - job_devign_ft_database_1764221635 - INFO - Task is_vulnerable_patch: 30/314 commits processed
2025-11-27 01:11:28,855 - job_devign_ft_database_1764221635 - INFO - Task is_vulnerable_patch: 40/314 commits processed
2025-11-27 01:12:33,737 - job_devign_ft_database_1764221635 - INFO - Task is_vulnerable_patch: 50/314 commits processed
2025-11-27 01:13:39,093 - job_devign_ft_database_1764221635 - INFO - Task is_vulnerable_patch: 60/314 commits processed
2025-11-27 01:14:37,993 - job_devign_ft_database_1764221635 - INFO - Task is_vulnerable_patch: 70/314 commits processed
2025-11-27 01:15:43,038 - job_devign_ft_database_1764221635 - INFO - Task is_vulnerable_patch: 80/314 commits processed
2025-11-27 01:16:47,974 - job_devign_ft_database_1764221635 - INFO - Task is_vulnerable_patch: 90/314 commits processed
2025-11-27 01:17:51,721 - job_devign_ft_database_1764221635 - INFO - Task is_vulnerable_patch: 100/314 commits processed
2025-11-27 01:18:56,923 - job_devign_ft_database_1764221635 - INFO - Task is_vulnerable_patch: 110/314 commits processed
2025-11-27 01:20:02,147 - job_devign_ft_database_1764221635 - INFO - Task is_vulnerable_patch: 120/314 commits processed
2025-11-27 01:21:07,356 - job_devign_ft_database_1764221635 - INFO - Task is_vulnerable_patch: 130/314 commits processed
2025-11-27 01:22:12,428 - job_devign_ft_database_1764221635 - INFO - Task is_vulnerable_patch: 140/314 commits processed
2025-11-27 01:23:15,195 - job_devign_ft_database_1764221635 - INFO - Task is_vulnerable_patch: 150/314 commits processed
2025-11-27 01:24:20,374 - job_devign_ft_database_1764221635 - INFO - Task is_vulnerable_patch: 160/314 commits processed
2025-11-27 01:25:27,066 - job_devign_ft_database_1764221635 - INFO - Task is_vulnerable_patch: 170/314 commits processed
2025-11-27 01:26:27,220 - job_devign_ft_database_1764221635 - INFO - Task is_vulnerable_patch: 180/314 commits processed
2025-11-27 01:27:24,016 - job_devign_ft_database_1764221635 - INFO - Task is_vulnerable_patch: 190/314 commits processed
2025-11-27 01:28:23,011 - job_devign_ft_database_1764221635 - INFO - Task is_vulnerable_patch: 200/314 commits processed
2025-11-27 01:29:28,044 - job_devign_ft_database_1764221635 - INFO - Task is_vulnerable_patch: 210/314 commits processed
2025-11-27 01:30:33,411 - job_devign_ft_database_1764221635 - INFO - Task is_vulnerable_patch: 220/314 commits processed
2025-11-27 01:31:39,205 - job_devign_ft_database_1764221635 - INFO - Task is_vulnerable_patch: 230/314 commits processed
2025-11-27 01:32:29,906 - job_devign_ft_database_1764221635 - INFO - Task is_vulnerable_patch: 240/314 commits processed
2025-11-27 01:33:34,744 - job_devign_ft_database_1764221635 - INFO - Task is_vulnerable_patch: 250/314 commits processed
2025-11-27 01:34:41,234 - job_devign_ft_database_1764221635 - INFO - Task is_vulnerable_patch: 260/314 commits processed
2025-11-27 01:35:47,763 - job_devign_ft_database_1764221635 - INFO - Task is_vulnerable_patch: 270/314 commits processed
2025-11-27 01:36:54,013 - job_devign_ft_database_1764221635 - INFO - Task is_vulnerable_patch: 280/314 commits processed
2025-11-27 01:38:00,536 - job_devign_ft_database_1764221635 - INFO - Task is_vulnerable_patch: 290/314 commits processed
2025-11-27 01:39:06,763 - job_devign_ft_database_1764221635 - INFO - Task is_vulnerable_patch: 300/314 commits processed
2025-11-27 01:40:09,569 - job_devign_ft_database_1764221635 - INFO - Task is_vulnerable_patch: 310/314 commits processed
2025-11-27 01:40:35,807 - job_devign_ft_database_1764221635 - INFO - Completed task: is_vulnerable_patch
2025-11-27 01:40:35,810 - job_devign_ft_database_1764221635 - INFO - Starting task: is_vulnerable_vuln_cve_cwe
2025-11-27 01:41:41,926 - job_devign_ft_database_1764221635 - INFO - Task is_vulnerable_vuln_cve_cwe: 10/314 commits processed
2025-11-27 01:42:48,627 - job_devign_ft_database_1764221635 - INFO - Task is_vulnerable_vuln_cve_cwe: 20/314 commits processed
2025-11-27 01:43:55,327 - job_devign_ft_database_1764221635 - INFO - Task is_vulnerable_vuln_cve_cwe: 30/314 commits processed
2025-11-27 01:45:01,745 - job_devign_ft_database_1764221635 - INFO - Task is_vulnerable_vuln_cve_cwe: 40/314 commits processed
2025-11-27 01:46:07,758 - job_devign_ft_database_1764221635 - INFO - Task is_vulnerable_vuln_cve_cwe: 50/314 commits processed
2025-11-27 01:47:14,380 - job_devign_ft_database_1764221635 - INFO - Task is_vulnerable_vuln_cve_cwe: 60/314 commits processed
2025-11-27 01:48:20,800 - job_devign_ft_database_1764221635 - INFO - Task is_vulnerable_vuln_cve_cwe: 70/314 commits processed
2025-11-27 01:49:26,879 - job_devign_ft_database_1764221635 - INFO - Task is_vulnerable_vuln_cve_cwe: 80/314 commits processed
2025-11-27 01:50:33,008 - job_devign_ft_database_1764221635 - INFO - Task is_vulnerable_vuln_cve_cwe: 90/314 commits processed
2025-11-27 01:51:39,419 - job_devign_ft_database_1764221635 - INFO - Task is_vulnerable_vuln_cve_cwe: 100/314 commits processed
2025-11-27 01:52:45,901 - job_devign_ft_database_1764221635 - INFO - Task is_vulnerable_vuln_cve_cwe: 110/314 commits processed
2025-11-27 01:53:52,306 - job_devign_ft_database_1764221635 - INFO - Task is_vulnerable_vuln_cve_cwe: 120/314 commits processed
2025-11-27 01:54:58,686 - job_devign_ft_database_1764221635 - INFO - Task is_vulnerable_vuln_cve_cwe: 130/314 commits processed
2025-11-27 01:56:01,755 - job_devign_ft_database_1764221635 - INFO - Task is_vulnerable_vuln_cve_cwe: 140/314 commits processed
2025-11-27 01:57:07,969 - job_devign_ft_database_1764221635 - INFO - Task is_vulnerable_vuln_cve_cwe: 150/314 commits processed
2025-11-27 01:58:14,509 - job_devign_ft_database_1764221635 - INFO - Task is_vulnerable_vuln_cve_cwe: 160/314 commits processed
2025-11-27 01:59:20,715 - job_devign_ft_database_1764221635 - INFO - Task is_vulnerable_vuln_cve_cwe: 170/314 commits processed
2025-11-27 02:00:27,398 - job_devign_ft_database_1764221635 - INFO - Task is_vulnerable_vuln_cve_cwe: 180/314 commits processed
2025-11-27 02:01:33,833 - job_devign_ft_database_1764221635 - INFO - Task is_vulnerable_vuln_cve_cwe: 190/314 commits processed
2025-11-27 02:02:40,908 - job_devign_ft_database_1764221635 - INFO - Task is_vulnerable_vuln_cve_cwe: 200/314 commits processed
2025-11-27 02:03:46,857 - job_devign_ft_database_1764221635 - INFO - Task is_vulnerable_vuln_cve_cwe: 210/314 commits processed
2025-11-27 02:04:53,676 - job_devign_ft_database_1764221635 - INFO - Task is_vulnerable_vuln_cve_cwe: 220/314 commits processed
2025-11-27 02:05:59,875 - job_devign_ft_database_1764221635 - INFO - Task is_vulnerable_vuln_cve_cwe: 230/314 commits processed
2025-11-27 02:07:04,339 - job_devign_ft_database_1764221635 - INFO - Task is_vulnerable_vuln_cve_cwe: 240/314 commits processed
2025-11-27 02:08:10,334 - job_devign_ft_database_1764221635 - INFO - Task is_vulnerable_vuln_cve_cwe: 250/314 commits processed
2025-11-27 02:09:16,702 - job_devign_ft_database_1764221635 - INFO - Task is_vulnerable_vuln_cve_cwe: 260/314 commits processed
2025-11-27 02:10:23,076 - job_devign_ft_database_1764221635 - INFO - Task is_vulnerable_vuln_cve_cwe: 270/314 commits processed
2025-11-27 02:11:29,174 - job_devign_ft_database_1764221635 - INFO - Task is_vulnerable_vuln_cve_cwe: 280/314 commits processed
2025-11-27 02:12:35,484 - job_devign_ft_database_1764221635 - INFO - Task is_vulnerable_vuln_cve_cwe: 290/314 commits processed
2025-11-27 02:13:41,304 - job_devign_ft_database_1764221635 - INFO - Task is_vulnerable_vuln_cve_cwe: 300/314 commits processed
2025-11-27 02:14:45,299 - job_devign_ft_database_1764221635 - INFO - Task is_vulnerable_vuln_cve_cwe: 310/314 commits processed
2025-11-27 02:15:11,565 - job_devign_ft_database_1764221635 - INFO - Completed task: is_vulnerable_vuln_cve_cwe
2025-11-27 02:15:11,567 - job_devign_ft_database_1764221635 - INFO - Starting task: is_vulnerable_patch_cve_cwe
2025-11-27 02:16:15,067 - job_devign_ft_database_1764221635 - INFO - Task is_vulnerable_patch_cve_cwe: 10/314 commits processed
2025-11-27 02:17:19,024 - job_devign_ft_database_1764221635 - INFO - Task is_vulnerable_patch_cve_cwe: 20/314 commits processed
2025-11-27 02:18:22,418 - job_devign_ft_database_1764221635 - INFO - Task is_vulnerable_patch_cve_cwe: 30/314 commits processed
2025-11-27 02:19:28,291 - job_devign_ft_database_1764221635 - INFO - Task is_vulnerable_patch_cve_cwe: 40/314 commits processed
2025-11-27 02:20:34,036 - job_devign_ft_database_1764221635 - INFO - Task is_vulnerable_patch_cve_cwe: 50/314 commits processed
2025-11-27 02:21:40,255 - job_devign_ft_database_1764221635 - INFO - Task is_vulnerable_patch_cve_cwe: 60/314 commits processed
2025-11-27 02:22:46,354 - job_devign_ft_database_1764221635 - INFO - Task is_vulnerable_patch_cve_cwe: 70/314 commits processed
2025-11-27 02:23:52,312 - job_devign_ft_database_1764221635 - INFO - Task is_vulnerable_patch_cve_cwe: 80/314 commits processed
2025-11-27 02:24:58,358 - job_devign_ft_database_1764221635 - INFO - Task is_vulnerable_patch_cve_cwe: 90/314 commits processed
2025-11-27 02:26:04,654 - job_devign_ft_database_1764221635 - INFO - Task is_vulnerable_patch_cve_cwe: 100/314 commits processed
2025-11-27 02:27:11,193 - job_devign_ft_database_1764221635 - INFO - Task is_vulnerable_patch_cve_cwe: 110/314 commits processed
2025-11-27 02:28:17,251 - job_devign_ft_database_1764221635 - INFO - Task is_vulnerable_patch_cve_cwe: 120/314 commits processed
2025-11-27 02:29:22,337 - job_devign_ft_database_1764221635 - INFO - Task is_vulnerable_patch_cve_cwe: 130/314 commits processed
2025-11-27 02:30:25,116 - job_devign_ft_database_1764221635 - INFO - Task is_vulnerable_patch_cve_cwe: 140/314 commits processed
2025-11-27 02:31:31,123 - job_devign_ft_database_1764221635 - INFO - Task is_vulnerable_patch_cve_cwe: 150/314 commits processed
2025-11-27 02:32:37,394 - job_devign_ft_database_1764221635 - INFO - Task is_vulnerable_patch_cve_cwe: 160/314 commits processed
2025-11-27 02:33:43,740 - job_devign_ft_database_1764221635 - INFO - Task is_vulnerable_patch_cve_cwe: 170/314 commits processed
2025-11-27 02:34:50,150 - job_devign_ft_database_1764221635 - INFO - Task is_vulnerable_patch_cve_cwe: 180/314 commits processed
2025-11-27 02:35:54,058 - job_devign_ft_database_1764221635 - INFO - Task is_vulnerable_patch_cve_cwe: 190/314 commits processed
2025-11-27 02:37:00,355 - job_devign_ft_database_1764221635 - INFO - Task is_vulnerable_patch_cve_cwe: 200/314 commits processed
2025-11-27 02:38:05,979 - job_devign_ft_database_1764221635 - INFO - Task is_vulnerable_patch_cve_cwe: 210/314 commits processed
2025-11-27 02:39:12,523 - job_devign_ft_database_1764221635 - INFO - Task is_vulnerable_patch_cve_cwe: 220/314 commits processed
2025-11-27 02:40:18,626 - job_devign_ft_database_1764221635 - INFO - Task is_vulnerable_patch_cve_cwe: 230/314 commits processed
2025-11-27 02:41:24,941 - job_devign_ft_database_1764221635 - INFO - Task is_vulnerable_patch_cve_cwe: 240/314 commits processed
2025-11-27 02:42:30,522 - job_devign_ft_database_1764221635 - INFO - Task is_vulnerable_patch_cve_cwe: 250/314 commits processed
2025-11-27 02:43:36,563 - job_devign_ft_database_1764221635 - INFO - Task is_vulnerable_patch_cve_cwe: 260/314 commits processed
2025-11-27 02:44:42,193 - job_devign_ft_database_1764221635 - INFO - Task is_vulnerable_patch_cve_cwe: 270/314 commits processed
2025-11-27 02:45:47,922 - job_devign_ft_database_1764221635 - INFO - Task is_vulnerable_patch_cve_cwe: 280/314 commits processed
2025-11-27 02:46:53,495 - job_devign_ft_database_1764221635 - INFO - Task is_vulnerable_patch_cve_cwe: 290/314 commits processed
2025-11-27 02:47:59,240 - job_devign_ft_database_1764221635 - INFO - Task is_vulnerable_patch_cve_cwe: 300/314 commits processed
2025-11-27 02:49:04,754 - job_devign_ft_database_1764221635 - INFO - Task is_vulnerable_patch_cve_cwe: 310/314 commits processed
2025-11-27 02:49:30,814 - job_devign_ft_database_1764221635 - INFO - Completed task: is_vulnerable_patch_cve_cwe
2025-11-27 02:49:30,817 - job_devign_ft_database_1764221635 - INFO - Starting task: suggest_fix
2025-11-27 02:50:36,404 - job_devign_ft_database_1764221635 - INFO - Task suggest_fix: 10/314 commits processed
2025-11-27 02:51:42,187 - job_devign_ft_database_1764221635 - INFO - Task suggest_fix: 20/314 commits processed
2025-11-27 02:52:48,137 - job_devign_ft_database_1764221635 - INFO - Task suggest_fix: 30/314 commits processed
2025-11-27 02:53:53,667 - job_devign_ft_database_1764221635 - INFO - Task suggest_fix: 40/314 commits processed
2025-11-27 02:54:59,199 - job_devign_ft_database_1764221635 - INFO - Task suggest_fix: 50/314 commits processed
2025-11-27 02:56:05,023 - job_devign_ft_database_1764221635 - INFO - Task suggest_fix: 60/314 commits processed
2025-11-27 02:57:10,805 - job_devign_ft_database_1764221635 - INFO - Task suggest_fix: 70/314 commits processed
2025-11-27 02:58:16,043 - job_devign_ft_database_1764221635 - INFO - Task suggest_fix: 80/314 commits processed
2025-11-27 02:59:21,424 - job_devign_ft_database_1764221635 - INFO - Task suggest_fix: 90/314 commits processed
2025-11-27 03:00:26,838 - job_devign_ft_database_1764221635 - INFO - Task suggest_fix: 100/314 commits processed
2025-11-27 03:01:32,465 - job_devign_ft_database_1764221635 - INFO - Task suggest_fix: 110/314 commits processed
2025-11-27 03:02:37,933 - job_devign_ft_database_1764221635 - INFO - Task suggest_fix: 120/314 commits processed
2025-11-27 03:03:43,547 - job_devign_ft_database_1764221635 - INFO - Task suggest_fix: 130/314 commits processed
2025-11-27 03:04:48,655 - job_devign_ft_database_1764221635 - INFO - Task suggest_fix: 140/314 commits processed
2025-11-27 03:05:54,301 - job_devign_ft_database_1764221635 - INFO - Task suggest_fix: 150/314 commits processed
2025-11-27 03:06:59,949 - job_devign_ft_database_1764221635 - INFO - Task suggest_fix: 160/314 commits processed
2025-11-27 03:08:06,044 - job_devign_ft_database_1764221635 - INFO - Task suggest_fix: 170/314 commits processed
2025-11-27 03:09:11,661 - job_devign_ft_database_1764221635 - INFO - Task suggest_fix: 180/314 commits processed
2025-11-27 03:10:17,426 - job_devign_ft_database_1764221635 - INFO - Task suggest_fix: 190/314 commits processed
2025-11-27 03:11:23,175 - job_devign_ft_database_1764221635 - INFO - Task suggest_fix: 200/314 commits processed
2025-11-27 03:12:28,801 - job_devign_ft_database_1764221635 - INFO - Task suggest_fix: 210/314 commits processed
2025-11-27 03:13:34,434 - job_devign_ft_database_1764221635 - INFO - Task suggest_fix: 220/314 commits processed
2025-11-27 03:14:40,214 - job_devign_ft_database_1764221635 - INFO - Task suggest_fix: 230/314 commits processed
2025-11-27 03:15:46,009 - job_devign_ft_database_1764221635 - INFO - Task suggest_fix: 240/314 commits processed
2025-11-27 03:16:51,750 - job_devign_ft_database_1764221635 - INFO - Task suggest_fix: 250/314 commits processed
2025-11-27 03:17:57,641 - job_devign_ft_database_1764221635 - INFO - Task suggest_fix: 260/314 commits processed
2025-11-27 03:19:03,308 - job_devign_ft_database_1764221635 - INFO - Task suggest_fix: 270/314 commits processed
2025-11-27 03:20:09,155 - job_devign_ft_database_1764221635 - INFO - Task suggest_fix: 280/314 commits processed
2025-11-27 03:21:15,099 - job_devign_ft_database_1764221635 - INFO - Task suggest_fix: 290/314 commits processed
2025-11-27 03:22:21,003 - job_devign_ft_database_1764221635 - INFO - Task suggest_fix: 300/314 commits processed
2025-11-27 03:23:26,744 - job_devign_ft_database_1764221635 - INFO - Task suggest_fix: 310/314 commits processed
2025-11-27 03:23:53,049 - job_devign_ft_database_1764221635 - INFO - Completed task: suggest_fix
2025-11-27 03:23:53,053 - job_devign_ft_database_1764221635 - INFO - Starting task: suggest_fix_fewshot
2025-11-27 03:24:58,923 - job_devign_ft_database_1764221635 - INFO - Task suggest_fix_fewshot: 10/314 commits processed
2025-11-27 03:26:05,510 - job_devign_ft_database_1764221635 - INFO - Task suggest_fix_fewshot: 20/314 commits processed
2025-11-27 03:27:11,553 - job_devign_ft_database_1764221635 - INFO - Task suggest_fix_fewshot: 30/314 commits processed
2025-11-27 03:28:17,960 - job_devign_ft_database_1764221635 - INFO - Task suggest_fix_fewshot: 40/314 commits processed
2025-11-27 03:29:23,624 - job_devign_ft_database_1764221635 - INFO - Task suggest_fix_fewshot: 50/314 commits processed
2025-11-27 03:30:29,823 - job_devign_ft_database_1764221635 - INFO - Task suggest_fix_fewshot: 60/314 commits processed
2025-11-27 03:31:36,031 - job_devign_ft_database_1764221635 - INFO - Task suggest_fix_fewshot: 70/314 commits processed
2025-11-27 03:32:42,136 - job_devign_ft_database_1764221635 - INFO - Task suggest_fix_fewshot: 80/314 commits processed
2025-11-27 03:33:48,182 - job_devign_ft_database_1764221635 - INFO - Task suggest_fix_fewshot: 90/314 commits processed
2025-11-27 03:34:54,208 - job_devign_ft_database_1764221635 - INFO - Task suggest_fix_fewshot: 100/314 commits processed
2025-11-27 03:36:00,632 - job_devign_ft_database_1764221635 - INFO - Task suggest_fix_fewshot: 110/314 commits processed
2025-11-27 03:37:06,616 - job_devign_ft_database_1764221635 - INFO - Task suggest_fix_fewshot: 120/314 commits processed
2025-11-27 03:38:12,798 - job_devign_ft_database_1764221635 - INFO - Task suggest_fix_fewshot: 130/314 commits processed
2025-11-27 03:39:18,890 - job_devign_ft_database_1764221635 - INFO - Task suggest_fix_fewshot: 140/314 commits processed
2025-11-27 03:40:25,156 - job_devign_ft_database_1764221635 - INFO - Task suggest_fix_fewshot: 150/314 commits processed
2025-11-27 03:41:31,250 - job_devign_ft_database_1764221635 - INFO - Task suggest_fix_fewshot: 160/314 commits processed
2025-11-27 03:42:37,540 - job_devign_ft_database_1764221635 - INFO - Task suggest_fix_fewshot: 170/314 commits processed
2025-11-27 03:43:43,740 - job_devign_ft_database_1764221635 - INFO - Task suggest_fix_fewshot: 180/314 commits processed
2025-11-27 03:44:49,999 - job_devign_ft_database_1764221635 - INFO - Task suggest_fix_fewshot: 190/314 commits processed
2025-11-27 03:45:56,322 - job_devign_ft_database_1764221635 - INFO - Task suggest_fix_fewshot: 200/314 commits processed
2025-11-27 03:47:02,417 - job_devign_ft_database_1764221635 - INFO - Task suggest_fix_fewshot: 210/314 commits processed
2025-11-27 03:48:08,653 - job_devign_ft_database_1764221635 - INFO - Task suggest_fix_fewshot: 220/314 commits processed
2025-11-27 03:49:14,788 - job_devign_ft_database_1764221635 - INFO - Task suggest_fix_fewshot: 230/314 commits processed
2025-11-27 03:50:20,881 - job_devign_ft_database_1764221635 - INFO - Task suggest_fix_fewshot: 240/314 commits processed
2025-11-27 03:51:27,037 - job_devign_ft_database_1764221635 - INFO - Task suggest_fix_fewshot: 250/314 commits processed
2025-11-27 03:52:33,273 - job_devign_ft_database_1764221635 - INFO - Task suggest_fix_fewshot: 260/314 commits processed
2025-11-27 03:53:39,676 - job_devign_ft_database_1764221635 - INFO - Task suggest_fix_fewshot: 270/314 commits processed
2025-11-27 03:54:45,647 - job_devign_ft_database_1764221635 - INFO - Task suggest_fix_fewshot: 280/314 commits processed
2025-11-27 03:55:51,889 - job_devign_ft_database_1764221635 - INFO - Task suggest_fix_fewshot: 290/314 commits processed
2025-11-27 03:56:57,808 - job_devign_ft_database_1764221635 - INFO - Task suggest_fix_fewshot: 300/314 commits processed
2025-11-27 03:58:03,950 - job_devign_ft_database_1764221635 - INFO - Task suggest_fix_fewshot: 310/314 commits processed
2025-11-27 03:58:30,226 - job_devign_ft_database_1764221635 - INFO - Completed task: suggest_fix_fewshot
2025-11-27 03:58:30,231 - job_devign_ft_database_1764221635 - INFO - Starting task: rank_cwe
2025-11-27 03:59:35,992 - job_devign_ft_database_1764221635 - INFO - Task rank_cwe: 10/314 commits processed
2025-11-27 04:00:42,114 - job_devign_ft_database_1764221635 - INFO - Task rank_cwe: 20/314 commits processed
2025-11-27 04:01:47,940 - job_devign_ft_database_1764221635 - INFO - Task rank_cwe: 30/314 commits processed
2025-11-27 04:02:53,949 - job_devign_ft_database_1764221635 - INFO - Task rank_cwe: 40/314 commits processed
2025-11-27 04:03:59,502 - job_devign_ft_database_1764221635 - INFO - Task rank_cwe: 50/314 commits processed
2025-11-27 04:05:05,326 - job_devign_ft_database_1764221635 - INFO - Task rank_cwe: 60/314 commits processed
2025-11-27 04:06:11,145 - job_devign_ft_database_1764221635 - INFO - Task rank_cwe: 70/314 commits processed
2025-11-27 04:07:16,759 - job_devign_ft_database_1764221635 - INFO - Task rank_cwe: 80/314 commits processed
2025-11-27 04:08:22,376 - job_devign_ft_database_1764221635 - INFO - Task rank_cwe: 90/314 commits processed
2025-11-27 04:09:28,471 - job_devign_ft_database_1764221635 - INFO - Task rank_cwe: 100/314 commits processed
Could not extract any CWE identifiers from: _uuids(sb);
	c->nr_sets		= sb->nr_sets;
	c->nr_devices		= sb->nr_devices;
	c->nr_devices_max	= sb->n
No CWEs extracted, storing empty list for commit 3a861560ccb35f2a4f0a4b8207fa7c2a35fc7f31: _uuids(sb);
	c->nr_sets		= sb->nr_sets;
	c->nr_devices		= sb->nr_devices;
	c->nr_devices_max	= sb->n
2025-11-27 04:10:34,346 - job_devign_ft_database_1764221635 - INFO - Task rank_cwe: 110/314 commits processed
2025-11-27 04:11:40,028 - job_devign_ft_database_1764221635 - INFO - Task rank_cwe: 120/314 commits processed
2025-11-27 04:12:45,549 - job_devign_ft_database_1764221635 - INFO - Task rank_cwe: 130/314 commits processed
2025-11-27 04:13:50,952 - job_devign_ft_database_1764221635 - INFO - Task rank_cwe: 140/314 commits processed
2025-11-27 04:14:56,270 - job_devign_ft_database_1764221635 - INFO - Task rank_cwe: 150/314 commits processed
Could not extract any CWE identifiers from: _JMP | BPF_JEQ | BPF_K:
		case BPF_JMP | BPF_JEQ | BPF_X:
		case BPF_JMP | BPF_JNE | BPF_K:
		case B
No CWEs extracted, storing empty list for commit f5e81d1117501546b7be050c5fbafa6efd2c722c: _JMP | BPF_JEQ | BPF_K:
		case BPF_JMP | BPF_JEQ | BPF_X:
		case BPF_JMP | BPF_JNE | BPF_K:
		case B
2025-11-27 04:16:02,210 - job_devign_ft_database_1764221635 - INFO - Task rank_cwe: 160/314 commits processed
2025-11-27 04:17:08,128 - job_devign_ft_database_1764221635 - INFO - Task rank_cwe: 170/314 commits processed
Could not extract any CWE identifiers from: 6_to_cpu(es->s_def_resgid));
	sbi->s_def_resuid = le16_to_cpu(es->s_def_resuid);
	sbi->s_def_resgid 
No CWEs extracted, storing empty list for commit 82939d7999dfc1f1998c4b1c12e2f19edbdff272: 6_to_cpu(es->s_def_resgid));
	sbi->s_def_resuid = le16_to_cpu(es->s_def_resuid);
	sbi->s_def_resgid 
2025-11-27 04:18:08,936 - job_devign_ft_database_1764221635 - INFO - Task rank_cwe: 180/314 commits processed
2025-11-27 04:19:14,662 - job_devign_ft_database_1764221635 - INFO - Task rank_cwe: 190/314 commits processed
2025-11-27 04:20:20,968 - job_devign_ft_database_1764221635 - INFO - Task rank_cwe: 200/314 commits processed
2025-11-27 04:21:26,356 - job_devign_ft_database_1764221635 - INFO - Task rank_cwe: 210/314 commits processed
2025-11-27 04:22:32,475 - job_devign_ft_database_1764221635 - INFO - Task rank_cwe: 220/314 commits processed
2025-11-27 04:23:37,997 - job_devign_ft_database_1764221635 - INFO - Task rank_cwe: 230/314 commits processed
2025-11-27 04:24:43,792 - job_devign_ft_database_1764221635 - INFO - Task rank_cwe: 240/314 commits processed
Could not extract any CWE identifiers from: imm == BPF_FUNC_map_lookup_elem_64)) {
			// map_lookup_elem is not allowed in JIT
			// so we need 
No CWEs extracted, storing empty list for commit 9b00f1b78809309163dda2d044d9e94a3c0248a3: imm == BPF_FUNC_map_lookup_elem_64)) {
			// map_lookup_elem is not allowed in JIT
			// so we need 
Could not extract any CWE identifiers from:  ip->i_no_formal_ino != no_formal_ino) {
		error = -ESTALE;
		goto fail;
	}

	if (error)
		goto fail
No CWEs extracted, storing empty list for commit 34816d20f173a90389c8a7e641166d8ea9dce70a:  ip->i_no_formal_ino != no_formal_ino) {
		error = -ESTALE;
		goto fail;
	}

	if (error)
		goto fail
2025-11-27 04:25:49,370 - job_devign_ft_database_1764221635 - INFO - Task rank_cwe: 250/314 commits processed
2025-11-27 04:26:55,237 - job_devign_ft_database_1764221635 - INFO - Task rank_cwe: 260/314 commits processed
2025-11-27 04:28:01,177 - job_devign_ft_database_1764221635 - INFO - Task rank_cwe: 270/314 commits processed
2025-11-27 04:29:06,786 - job_devign_ft_database_1764221635 - INFO - Task rank_cwe: 280/314 commits processed
2025-11-27 04:30:12,622 - job_devign_ft_database_1764221635 - INFO - Task rank_cwe: 290/314 commits processed
2025-11-27 04:31:18,406 - job_devign_ft_database_1764221635 - INFO - Task rank_cwe: 300/314 commits processed
2025-11-27 04:32:24,303 - job_devign_ft_database_1764221635 - INFO - Task rank_cwe: 310/314 commits processed
2025-11-27 04:32:50,447 - job_devign_ft_database_1764221635 - INFO - Completed task: rank_cwe
2025-11-27 04:32:50,451 - job_devign_ft_database_1764221635 - INFO - Job completed successfully
Loading checkpoint shards:   0%|          | 0/3 [00:00<?, ?it/s]Loading checkpoint shards:  33%|███▎      | 1/3 [00:00<00:00,  3.74it/s]Loading checkpoint shards:  67%|██████▋   | 2/3 [00:00<00:00,  3.59it/s]Loading checkpoint shards: 100%|██████████| 3/3 [00:00<00:00,  5.33it/s]
Loading checkpoint shards:   0%|          | 0/3 [00:00<?, ?it/s]Loading checkpoint shards:  33%|███▎      | 1/3 [00:00<00:00,  3.91it/s]Loading checkpoint shards:  67%|██████▋   | 2/3 [00:00<00:00,  3.70it/s]Loading checkpoint shards: 100%|██████████| 3/3 [00:00<00:00,  5.51it/s]
2025-11-27 04:32:55,225 - job_devign_ft_database_leakagefree_1764235973 - INFO - Starting task: is_vulnerable_vuln
2025-11-27 04:34:00,998 - job_devign_ft_database_leakagefree_1764235973 - INFO - Task is_vulnerable_vuln: 10/103 commits processed
2025-11-27 04:35:02,726 - job_devign_ft_database_leakagefree_1764235973 - INFO - Task is_vulnerable_vuln: 20/103 commits processed
2025-11-27 04:36:08,413 - job_devign_ft_database_leakagefree_1764235973 - INFO - Task is_vulnerable_vuln: 30/103 commits processed
2025-11-27 04:37:14,344 - job_devign_ft_database_leakagefree_1764235973 - INFO - Task is_vulnerable_vuln: 40/103 commits processed
2025-11-27 04:38:20,170 - job_devign_ft_database_leakagefree_1764235973 - INFO - Task is_vulnerable_vuln: 50/103 commits processed
2025-11-27 04:39:25,673 - job_devign_ft_database_leakagefree_1764235973 - INFO - Task is_vulnerable_vuln: 60/103 commits processed
2025-11-27 04:40:31,067 - job_devign_ft_database_leakagefree_1764235973 - INFO - Task is_vulnerable_vuln: 70/103 commits processed
2025-11-27 04:41:33,198 - job_devign_ft_database_leakagefree_1764235973 - INFO - Task is_vulnerable_vuln: 80/103 commits processed
2025-11-27 04:42:38,505 - job_devign_ft_database_leakagefree_1764235973 - INFO - Task is_vulnerable_vuln: 90/103 commits processed
2025-11-27 04:43:44,144 - job_devign_ft_database_leakagefree_1764235973 - INFO - Task is_vulnerable_vuln: 100/103 commits processed
2025-11-27 04:44:03,648 - job_devign_ft_database_leakagefree_1764235973 - INFO - Completed task: is_vulnerable_vuln
2025-11-27 04:44:03,650 - job_devign_ft_database_leakagefree_1764235973 - INFO - Starting task: is_vulnerable_patch
2025-11-27 04:45:06,680 - job_devign_ft_database_leakagefree_1764235973 - INFO - Task is_vulnerable_patch: 10/103 commits processed
2025-11-27 04:46:10,101 - job_devign_ft_database_leakagefree_1764235973 - INFO - Task is_vulnerable_patch: 20/103 commits processed
2025-11-27 04:47:13,483 - job_devign_ft_database_leakagefree_1764235973 - INFO - Task is_vulnerable_patch: 30/103 commits processed
2025-11-27 04:48:19,011 - job_devign_ft_database_leakagefree_1764235973 - INFO - Task is_vulnerable_patch: 40/103 commits processed
2025-11-27 04:49:24,651 - job_devign_ft_database_leakagefree_1764235973 - INFO - Task is_vulnerable_patch: 50/103 commits processed
2025-11-27 04:50:29,935 - job_devign_ft_database_leakagefree_1764235973 - INFO - Task is_vulnerable_patch: 60/103 commits processed
2025-11-27 04:51:35,378 - job_devign_ft_database_leakagefree_1764235973 - INFO - Task is_vulnerable_patch: 70/103 commits processed
2025-11-27 04:52:40,955 - job_devign_ft_database_leakagefree_1764235973 - INFO - Task is_vulnerable_patch: 80/103 commits processed
2025-11-27 04:53:46,538 - job_devign_ft_database_leakagefree_1764235973 - INFO - Task is_vulnerable_patch: 90/103 commits processed
2025-11-27 04:54:52,316 - job_devign_ft_database_leakagefree_1764235973 - INFO - Task is_vulnerable_patch: 100/103 commits processed
2025-11-27 04:55:11,813 - job_devign_ft_database_leakagefree_1764235973 - INFO - Completed task: is_vulnerable_patch
2025-11-27 04:55:11,815 - job_devign_ft_database_leakagefree_1764235973 - INFO - Starting task: is_vulnerable_vuln_cve_cwe
2025-11-27 04:56:13,815 - job_devign_ft_database_leakagefree_1764235973 - INFO - Task is_vulnerable_vuln_cve_cwe: 10/103 commits processed
2025-11-27 04:57:19,490 - job_devign_ft_database_leakagefree_1764235973 - INFO - Task is_vulnerable_vuln_cve_cwe: 20/103 commits processed
2025-11-27 04:58:24,921 - job_devign_ft_database_leakagefree_1764235973 - INFO - Task is_vulnerable_vuln_cve_cwe: 30/103 commits processed
2025-11-27 04:59:27,178 - job_devign_ft_database_leakagefree_1764235973 - INFO - Task is_vulnerable_vuln_cve_cwe: 40/103 commits processed
2025-11-27 05:00:32,861 - job_devign_ft_database_leakagefree_1764235973 - INFO - Task is_vulnerable_vuln_cve_cwe: 50/103 commits processed
2025-11-27 05:01:38,567 - job_devign_ft_database_leakagefree_1764235973 - INFO - Task is_vulnerable_vuln_cve_cwe: 60/103 commits processed
2025-11-27 05:02:43,900 - job_devign_ft_database_leakagefree_1764235973 - INFO - Task is_vulnerable_vuln_cve_cwe: 70/103 commits processed
2025-11-27 05:03:49,564 - job_devign_ft_database_leakagefree_1764235973 - INFO - Task is_vulnerable_vuln_cve_cwe: 80/103 commits processed
2025-11-27 05:04:54,882 - job_devign_ft_database_leakagefree_1764235973 - INFO - Task is_vulnerable_vuln_cve_cwe: 90/103 commits processed
2025-11-27 05:06:00,716 - job_devign_ft_database_leakagefree_1764235973 - INFO - Task is_vulnerable_vuln_cve_cwe: 100/103 commits processed
2025-11-27 05:06:20,215 - job_devign_ft_database_leakagefree_1764235973 - INFO - Completed task: is_vulnerable_vuln_cve_cwe
2025-11-27 05:06:20,224 - job_devign_ft_database_leakagefree_1764235973 - INFO - Starting task: is_vulnerable_patch_cve_cwe
2025-11-27 05:07:25,599 - job_devign_ft_database_leakagefree_1764235973 - INFO - Task is_vulnerable_patch_cve_cwe: 10/103 commits processed
2025-11-27 05:08:31,327 - job_devign_ft_database_leakagefree_1764235973 - INFO - Task is_vulnerable_patch_cve_cwe: 20/103 commits processed
2025-11-27 05:09:36,824 - job_devign_ft_database_leakagefree_1764235973 - INFO - Task is_vulnerable_patch_cve_cwe: 30/103 commits processed
2025-11-27 05:10:42,456 - job_devign_ft_database_leakagefree_1764235973 - INFO - Task is_vulnerable_patch_cve_cwe: 40/103 commits processed
2025-11-27 05:11:48,109 - job_devign_ft_database_leakagefree_1764235973 - INFO - Task is_vulnerable_patch_cve_cwe: 50/103 commits processed
2025-11-27 05:12:53,746 - job_devign_ft_database_leakagefree_1764235973 - INFO - Task is_vulnerable_patch_cve_cwe: 60/103 commits processed
2025-11-27 05:13:56,698 - job_devign_ft_database_leakagefree_1764235973 - INFO - Task is_vulnerable_patch_cve_cwe: 70/103 commits processed
2025-11-27 05:15:02,418 - job_devign_ft_database_leakagefree_1764235973 - INFO - Task is_vulnerable_patch_cve_cwe: 80/103 commits processed
2025-11-27 05:16:07,785 - job_devign_ft_database_leakagefree_1764235973 - INFO - Task is_vulnerable_patch_cve_cwe: 90/103 commits processed
2025-11-27 05:17:13,515 - job_devign_ft_database_leakagefree_1764235973 - INFO - Task is_vulnerable_patch_cve_cwe: 100/103 commits processed
2025-11-27 05:17:33,005 - job_devign_ft_database_leakagefree_1764235973 - INFO - Completed task: is_vulnerable_patch_cve_cwe
2025-11-27 05:17:33,007 - job_devign_ft_database_leakagefree_1764235973 - INFO - Starting task: suggest_fix
2025-11-27 05:18:38,433 - job_devign_ft_database_leakagefree_1764235973 - INFO - Task suggest_fix: 10/103 commits processed
2025-11-27 05:19:44,091 - job_devign_ft_database_leakagefree_1764235973 - INFO - Task suggest_fix: 20/103 commits processed
2025-11-27 05:20:49,493 - job_devign_ft_database_leakagefree_1764235973 - INFO - Task suggest_fix: 30/103 commits processed
2025-11-27 05:21:55,142 - job_devign_ft_database_leakagefree_1764235973 - INFO - Task suggest_fix: 40/103 commits processed
2025-11-27 05:23:00,705 - job_devign_ft_database_leakagefree_1764235973 - INFO - Task suggest_fix: 50/103 commits processed
2025-11-27 05:24:06,303 - job_devign_ft_database_leakagefree_1764235973 - INFO - Task suggest_fix: 60/103 commits processed
2025-11-27 05:25:11,661 - job_devign_ft_database_leakagefree_1764235973 - INFO - Task suggest_fix: 70/103 commits processed
2025-11-27 05:26:17,300 - job_devign_ft_database_leakagefree_1764235973 - INFO - Task suggest_fix: 80/103 commits processed
2025-11-27 05:27:22,752 - job_devign_ft_database_leakagefree_1764235973 - INFO - Task suggest_fix: 90/103 commits processed
2025-11-27 05:28:28,503 - job_devign_ft_database_leakagefree_1764235973 - INFO - Task suggest_fix: 100/103 commits processed
2025-11-27 05:28:48,009 - job_devign_ft_database_leakagefree_1764235973 - INFO - Completed task: suggest_fix
2025-11-27 05:28:48,011 - job_devign_ft_database_leakagefree_1764235973 - INFO - Starting task: suggest_fix_fewshot
2025-11-27 05:29:53,615 - job_devign_ft_database_leakagefree_1764235973 - INFO - Task suggest_fix_fewshot: 10/103 commits processed
2025-11-27 05:31:00,982 - job_devign_ft_database_leakagefree_1764235973 - INFO - Task suggest_fix_fewshot: 20/103 commits processed
2025-11-27 05:32:08,189 - job_devign_ft_database_leakagefree_1764235973 - INFO - Task suggest_fix_fewshot: 30/103 commits processed
2025-11-27 05:33:15,610 - job_devign_ft_database_leakagefree_1764235973 - INFO - Task suggest_fix_fewshot: 40/103 commits processed
2025-11-27 05:34:23,063 - job_devign_ft_database_leakagefree_1764235973 - INFO - Task suggest_fix_fewshot: 50/103 commits processed
2025-11-27 05:35:30,634 - job_devign_ft_database_leakagefree_1764235973 - INFO - Task suggest_fix_fewshot: 60/103 commits processed
2025-11-27 05:36:38,405 - job_devign_ft_database_leakagefree_1764235973 - INFO - Task suggest_fix_fewshot: 70/103 commits processed
2025-11-27 05:37:46,600 - job_devign_ft_database_leakagefree_1764235973 - INFO - Task suggest_fix_fewshot: 80/103 commits processed
2025-11-27 05:38:54,642 - job_devign_ft_database_leakagefree_1764235973 - INFO - Task suggest_fix_fewshot: 90/103 commits processed
2025-11-27 05:40:03,029 - job_devign_ft_database_leakagefree_1764235973 - INFO - Task suggest_fix_fewshot: 100/103 commits processed
2025-11-27 05:40:23,366 - job_devign_ft_database_leakagefree_1764235973 - INFO - Completed task: suggest_fix_fewshot
2025-11-27 05:40:23,368 - job_devign_ft_database_leakagefree_1764235973 - INFO - Starting task: rank_cwe
2025-11-27 05:41:31,154 - job_devign_ft_database_leakagefree_1764235973 - INFO - Task rank_cwe: 10/103 commits processed
2025-11-27 05:42:39,137 - job_devign_ft_database_leakagefree_1764235973 - INFO - Task rank_cwe: 20/103 commits processed
2025-11-27 05:43:46,835 - job_devign_ft_database_leakagefree_1764235973 - INFO - Task rank_cwe: 30/103 commits processed
2025-11-27 05:44:54,488 - job_devign_ft_database_leakagefree_1764235973 - INFO - Task rank_cwe: 40/103 commits processed
2025-11-27 05:46:01,337 - job_devign_ft_database_leakagefree_1764235973 - INFO - Task rank_cwe: 50/103 commits processed
2025-11-27 05:47:08,113 - job_devign_ft_database_leakagefree_1764235973 - INFO - Task rank_cwe: 60/103 commits processed
2025-11-27 05:48:14,655 - job_devign_ft_database_leakagefree_1764235973 - INFO - Task rank_cwe: 70/103 commits processed
2025-11-27 05:49:21,325 - job_devign_ft_database_leakagefree_1764235973 - INFO - Task rank_cwe: 80/103 commits processed
2025-11-27 05:50:27,810 - job_devign_ft_database_leakagefree_1764235973 - INFO - Task rank_cwe: 90/103 commits processed
2025-11-27 05:51:34,595 - job_devign_ft_database_leakagefree_1764235973 - INFO - Task rank_cwe: 100/103 commits processed
2025-11-27 05:51:54,427 - job_devign_ft_database_leakagefree_1764235973 - INFO - Completed task: rank_cwe
2025-11-27 05:51:54,429 - job_devign_ft_database_leakagefree_1764235973 - INFO - Job completed successfully
Evaluation completed on both databases:
  database.sqlite: Job devign_ft_database_1764221635 - Status: completed
  database_leakagefree.sqlite: Job devign_ft_database_leakagefree_1764235973 - Status: completed
