`torch_dtype` is deprecated! Use `dtype` instead!
Starting evaluation with model: vdisc_ft
Running evaluation on both databases...
Loading checkpoint shards:   0%|          | 0/3 [00:00<?, ?it/s]Loading checkpoint shards:  33%|███▎      | 1/3 [00:04<00:08,  4.11s/it]Loading checkpoint shards:  67%|██████▋   | 2/3 [00:08<00:04,  4.02s/it]Loading checkpoint shards: 100%|██████████| 3/3 [00:08<00:00,  2.35s/it]Loading checkpoint shards: 100%|██████████| 3/3 [00:08<00:00,  2.81s/it]
Loading checkpoint shards:   0%|          | 0/3 [00:00<?, ?it/s]Loading checkpoint shards:  33%|███▎      | 1/3 [00:00<00:00,  3.75it/s]Loading checkpoint shards:  67%|██████▋   | 2/3 [00:00<00:00,  3.51it/s]Loading checkpoint shards: 100%|██████████| 3/3 [00:00<00:00,  5.23it/s]
2025-11-26 15:33:58,581 - job_vdisc_ft_database_1764189236 - INFO - Starting task: is_vulnerable_vuln
The following generation flags are not valid and may be ignored: ['temperature', 'top_p', 'top_k']. Set `TRANSFORMERS_VERBOSITY=info` for more details.
2025-11-26 15:35:18,930 - job_vdisc_ft_database_1764189236 - INFO - Task is_vulnerable_vuln: 10/314 commits processed
2025-11-26 15:36:35,679 - job_vdisc_ft_database_1764189236 - INFO - Task is_vulnerable_vuln: 20/314 commits processed
2025-11-26 15:37:52,493 - job_vdisc_ft_database_1764189236 - INFO - Task is_vulnerable_vuln: 30/314 commits processed
2025-11-26 15:39:11,439 - job_vdisc_ft_database_1764189236 - INFO - Task is_vulnerable_vuln: 40/314 commits processed
2025-11-26 15:40:29,374 - job_vdisc_ft_database_1764189236 - INFO - Task is_vulnerable_vuln: 50/314 commits processed
2025-11-26 15:41:46,493 - job_vdisc_ft_database_1764189236 - INFO - Task is_vulnerable_vuln: 60/314 commits processed
2025-11-26 15:42:55,410 - job_vdisc_ft_database_1764189236 - INFO - Task is_vulnerable_vuln: 70/314 commits processed
2025-11-26 15:44:12,189 - job_vdisc_ft_database_1764189236 - INFO - Task is_vulnerable_vuln: 80/314 commits processed
2025-11-26 15:45:29,014 - job_vdisc_ft_database_1764189236 - INFO - Task is_vulnerable_vuln: 90/314 commits processed
2025-11-26 15:46:45,858 - job_vdisc_ft_database_1764189236 - INFO - Task is_vulnerable_vuln: 100/314 commits processed
2025-11-26 15:48:04,213 - job_vdisc_ft_database_1764189236 - INFO - Task is_vulnerable_vuln: 110/314 commits processed
2025-11-26 15:49:20,961 - job_vdisc_ft_database_1764189236 - INFO - Task is_vulnerable_vuln: 120/314 commits processed
2025-11-26 15:50:37,599 - job_vdisc_ft_database_1764189236 - INFO - Task is_vulnerable_vuln: 130/314 commits processed
2025-11-26 15:51:54,375 - job_vdisc_ft_database_1764189236 - INFO - Task is_vulnerable_vuln: 140/314 commits processed
2025-11-26 15:53:11,039 - job_vdisc_ft_database_1764189236 - INFO - Task is_vulnerable_vuln: 150/314 commits processed
2025-11-26 15:54:27,997 - job_vdisc_ft_database_1764189236 - INFO - Task is_vulnerable_vuln: 160/314 commits processed
2025-11-26 15:55:45,194 - job_vdisc_ft_database_1764189236 - INFO - Task is_vulnerable_vuln: 170/314 commits processed
2025-11-26 15:56:54,963 - job_vdisc_ft_database_1764189236 - INFO - Task is_vulnerable_vuln: 180/314 commits processed
2025-11-26 15:58:04,084 - job_vdisc_ft_database_1764189236 - INFO - Task is_vulnerable_vuln: 190/314 commits processed
2025-11-26 15:59:09,358 - job_vdisc_ft_database_1764189236 - INFO - Task is_vulnerable_vuln: 200/314 commits processed
2025-11-26 16:00:26,091 - job_vdisc_ft_database_1764189236 - INFO - Task is_vulnerable_vuln: 210/314 commits processed
2025-11-26 16:01:43,346 - job_vdisc_ft_database_1764189236 - INFO - Task is_vulnerable_vuln: 220/314 commits processed
2025-11-26 16:03:00,249 - job_vdisc_ft_database_1764189236 - INFO - Task is_vulnerable_vuln: 230/314 commits processed
2025-11-26 16:04:02,219 - job_vdisc_ft_database_1764189236 - INFO - Task is_vulnerable_vuln: 240/314 commits processed
2025-11-26 16:05:19,135 - job_vdisc_ft_database_1764189236 - INFO - Task is_vulnerable_vuln: 250/314 commits processed
2025-11-26 16:06:31,968 - job_vdisc_ft_database_1764189236 - INFO - Task is_vulnerable_vuln: 260/314 commits processed
slurmstepd: error: *** JOB 13891916 ON str-gpu31 CANCELLED AT 2025-11-26T16:06:52 ***
