Starting evaluation with model: qwen3_4b
Running evaluation on both databases...
Loading checkpoint shards:   0%|          | 0/3 [00:00<?, ?it/s]Loading checkpoint shards: 100%|██████████| 3/3 [00:00<00:00, 66.10it/s]
Device set to use cuda:0
Loading checkpoint shards:   0%|          | 0/3 [00:00<?, ?it/s]Loading checkpoint shards: 100%|██████████| 3/3 [00:00<00:00, 63.01it/s]
Device set to use cuda:0
2025-11-23 03:49:42,847 - job_qwen3_4b_database_1763887780 - INFO - Starting task: is_vulnerable_vuln
2025-11-23 03:52:05,240 - job_qwen3_4b_database_1763887780 - INFO - Task is_vulnerable_vuln: 10/314 commits processed
2025-11-23 03:54:27,192 - job_qwen3_4b_database_1763887780 - INFO - Task is_vulnerable_vuln: 20/314 commits processed
2025-11-23 03:56:48,271 - job_qwen3_4b_database_1763887780 - INFO - Task is_vulnerable_vuln: 30/314 commits processed
2025-11-23 03:59:08,684 - job_qwen3_4b_database_1763887780 - INFO - Task is_vulnerable_vuln: 40/314 commits processed
2025-11-23 04:01:29,469 - job_qwen3_4b_database_1763887780 - INFO - Task is_vulnerable_vuln: 50/314 commits processed
2025-11-23 04:03:50,962 - job_qwen3_4b_database_1763887780 - INFO - Task is_vulnerable_vuln: 60/314 commits processed
2025-11-23 04:05:58,350 - job_qwen3_4b_database_1763887780 - INFO - Task is_vulnerable_vuln: 70/314 commits processed
2025-11-23 04:08:08,279 - job_qwen3_4b_database_1763887780 - INFO - Task is_vulnerable_vuln: 80/314 commits processed
2025-11-23 04:10:28,563 - job_qwen3_4b_database_1763887780 - INFO - Task is_vulnerable_vuln: 90/314 commits processed
2025-11-23 04:12:49,121 - job_qwen3_4b_database_1763887780 - INFO - Task is_vulnerable_vuln: 100/314 commits processed
2025-11-23 04:15:09,822 - job_qwen3_4b_database_1763887780 - INFO - Task is_vulnerable_vuln: 110/314 commits processed
2025-11-23 04:17:19,714 - job_qwen3_4b_database_1763887780 - INFO - Task is_vulnerable_vuln: 120/314 commits processed
2025-11-23 04:19:31,924 - job_qwen3_4b_database_1763887780 - INFO - Task is_vulnerable_vuln: 130/314 commits processed
2025-11-23 04:21:43,048 - job_qwen3_4b_database_1763887780 - INFO - Task is_vulnerable_vuln: 140/314 commits processed
2025-11-23 04:24:03,132 - job_qwen3_4b_database_1763887780 - INFO - Task is_vulnerable_vuln: 150/314 commits processed
2025-11-23 04:26:23,296 - job_qwen3_4b_database_1763887780 - INFO - Task is_vulnerable_vuln: 160/314 commits processed
2025-11-23 04:28:22,220 - job_qwen3_4b_database_1763887780 - INFO - Task is_vulnerable_vuln: 170/314 commits processed
2025-11-23 04:30:18,290 - job_qwen3_4b_database_1763887780 - INFO - Task is_vulnerable_vuln: 180/314 commits processed
2025-11-23 04:32:24,634 - job_qwen3_4b_database_1763887780 - INFO - Task is_vulnerable_vuln: 190/314 commits processed
2025-11-23 04:34:33,619 - job_qwen3_4b_database_1763887780 - INFO - Task is_vulnerable_vuln: 200/314 commits processed
2025-11-23 04:36:40,390 - job_qwen3_4b_database_1763887780 - INFO - Task is_vulnerable_vuln: 210/314 commits processed
2025-11-23 04:39:01,062 - job_qwen3_4b_database_1763887780 - INFO - Task is_vulnerable_vuln: 220/314 commits processed
2025-11-23 04:41:21,597 - job_qwen3_4b_database_1763887780 - INFO - Task is_vulnerable_vuln: 230/314 commits processed
2025-11-23 04:43:13,820 - job_qwen3_4b_database_1763887780 - INFO - Task is_vulnerable_vuln: 240/314 commits processed
2025-11-23 04:45:34,294 - job_qwen3_4b_database_1763887780 - INFO - Task is_vulnerable_vuln: 250/314 commits processed
2025-11-23 04:47:43,427 - job_qwen3_4b_database_1763887780 - INFO - Task is_vulnerable_vuln: 260/314 commits processed
2025-11-23 04:50:04,180 - job_qwen3_4b_database_1763887780 - INFO - Task is_vulnerable_vuln: 270/314 commits processed
2025-11-23 04:52:24,709 - job_qwen3_4b_database_1763887780 - INFO - Task is_vulnerable_vuln: 280/314 commits processed
2025-11-23 04:54:36,357 - job_qwen3_4b_database_1763887780 - INFO - Task is_vulnerable_vuln: 290/314 commits processed
2025-11-23 04:56:45,800 - job_qwen3_4b_database_1763887780 - INFO - Task is_vulnerable_vuln: 300/314 commits processed
2025-11-23 04:58:53,989 - job_qwen3_4b_database_1763887780 - INFO - Task is_vulnerable_vuln: 310/314 commits processed
2025-11-23 04:59:38,104 - job_qwen3_4b_database_1763887780 - INFO - Completed task: is_vulnerable_vuln
2025-11-23 04:59:38,107 - job_qwen3_4b_database_1763887780 - INFO - Starting task: is_vulnerable_patch
2025-11-23 05:01:47,892 - job_qwen3_4b_database_1763887780 - INFO - Task is_vulnerable_patch: 10/314 commits processed
2025-11-23 05:04:08,044 - job_qwen3_4b_database_1763887780 - INFO - Task is_vulnerable_patch: 20/314 commits processed
2025-11-23 05:06:27,898 - job_qwen3_4b_database_1763887780 - INFO - Task is_vulnerable_patch: 30/314 commits processed
2025-11-23 05:08:39,910 - job_qwen3_4b_database_1763887780 - INFO - Task is_vulnerable_patch: 40/314 commits processed
2025-11-23 05:10:59,805 - job_qwen3_4b_database_1763887780 - INFO - Task is_vulnerable_patch: 50/314 commits processed
2025-11-23 05:13:20,681 - job_qwen3_4b_database_1763887780 - INFO - Task is_vulnerable_patch: 60/314 commits processed
2025-11-23 05:15:26,859 - job_qwen3_4b_database_1763887780 - INFO - Task is_vulnerable_patch: 70/314 commits processed
2025-11-23 05:17:46,423 - job_qwen3_4b_database_1763887780 - INFO - Task is_vulnerable_patch: 80/314 commits processed
2025-11-23 05:20:06,401 - job_qwen3_4b_database_1763887780 - INFO - Task is_vulnerable_patch: 90/314 commits processed
2025-11-23 05:22:27,186 - job_qwen3_4b_database_1763887780 - INFO - Task is_vulnerable_patch: 100/314 commits processed
2025-11-23 05:24:48,064 - job_qwen3_4b_database_1763887780 - INFO - Task is_vulnerable_patch: 110/314 commits processed
2025-11-23 05:27:08,509 - job_qwen3_4b_database_1763887780 - INFO - Task is_vulnerable_patch: 120/314 commits processed
2025-11-23 05:29:06,070 - job_qwen3_4b_database_1763887780 - INFO - Task is_vulnerable_patch: 130/314 commits processed
2025-11-23 05:31:15,832 - job_qwen3_4b_database_1763887780 - INFO - Task is_vulnerable_patch: 140/314 commits processed
2025-11-23 05:33:25,084 - job_qwen3_4b_database_1763887780 - INFO - Task is_vulnerable_patch: 150/314 commits processed
2025-11-23 05:35:36,813 - job_qwen3_4b_database_1763887780 - INFO - Task is_vulnerable_patch: 160/314 commits processed
2025-11-23 05:37:47,585 - job_qwen3_4b_database_1763887780 - INFO - Task is_vulnerable_patch: 170/314 commits processed
2025-11-23 05:39:53,930 - job_qwen3_4b_database_1763887780 - INFO - Task is_vulnerable_patch: 180/314 commits processed
2025-11-23 05:42:00,248 - job_qwen3_4b_database_1763887780 - INFO - Task is_vulnerable_patch: 190/314 commits processed
2025-11-23 05:44:07,159 - job_qwen3_4b_database_1763887780 - INFO - Task is_vulnerable_patch: 200/314 commits processed
2025-11-23 05:46:18,125 - job_qwen3_4b_database_1763887780 - INFO - Task is_vulnerable_patch: 210/314 commits processed
2025-11-23 05:48:39,022 - job_qwen3_4b_database_1763887780 - INFO - Task is_vulnerable_patch: 220/314 commits processed
2025-11-23 05:51:02,328 - job_qwen3_4b_database_1763887780 - INFO - Task is_vulnerable_patch: 230/314 commits processed
2025-11-23 05:52:54,453 - job_qwen3_4b_database_1763887780 - INFO - Task is_vulnerable_patch: 240/314 commits processed
2025-11-23 05:55:15,198 - job_qwen3_4b_database_1763887780 - INFO - Task is_vulnerable_patch: 250/314 commits processed
2025-11-23 05:57:35,099 - job_qwen3_4b_database_1763887780 - INFO - Task is_vulnerable_patch: 260/314 commits processed
2025-11-23 05:59:55,786 - job_qwen3_4b_database_1763887780 - INFO - Task is_vulnerable_patch: 270/314 commits processed
2025-11-23 06:02:16,274 - job_qwen3_4b_database_1763887780 - INFO - Task is_vulnerable_patch: 280/314 commits processed
2025-11-23 06:04:28,639 - job_qwen3_4b_database_1763887780 - INFO - Task is_vulnerable_patch: 290/314 commits processed
2025-11-23 06:06:39,089 - job_qwen3_4b_database_1763887780 - INFO - Task is_vulnerable_patch: 300/314 commits processed
2025-11-23 06:08:45,691 - job_qwen3_4b_database_1763887780 - INFO - Task is_vulnerable_patch: 310/314 commits processed
2025-11-23 06:09:41,754 - job_qwen3_4b_database_1763887780 - INFO - Completed task: is_vulnerable_patch
2025-11-23 06:09:41,756 - job_qwen3_4b_database_1763887780 - INFO - Starting task: is_vulnerable_vuln_cve_cwe
2025-11-23 06:12:01,768 - job_qwen3_4b_database_1763887780 - INFO - Task is_vulnerable_vuln_cve_cwe: 10/314 commits processed
2025-11-23 06:14:11,590 - job_qwen3_4b_database_1763887780 - INFO - Task is_vulnerable_vuln_cve_cwe: 20/314 commits processed
2025-11-23 06:16:32,005 - job_qwen3_4b_database_1763887780 - INFO - Task is_vulnerable_vuln_cve_cwe: 30/314 commits processed
2025-11-23 06:18:52,546 - job_qwen3_4b_database_1763887780 - INFO - Task is_vulnerable_vuln_cve_cwe: 40/314 commits processed
2025-11-23 06:21:11,928 - job_qwen3_4b_database_1763887780 - INFO - Task is_vulnerable_vuln_cve_cwe: 50/314 commits processed
2025-11-23 06:23:22,678 - job_qwen3_4b_database_1763887780 - INFO - Task is_vulnerable_vuln_cve_cwe: 60/314 commits processed
2025-11-23 06:25:43,091 - job_qwen3_4b_database_1763887780 - INFO - Task is_vulnerable_vuln_cve_cwe: 70/314 commits processed
2025-11-23 06:27:41,373 - job_qwen3_4b_database_1763887780 - INFO - Task is_vulnerable_vuln_cve_cwe: 80/314 commits processed
2025-11-23 06:29:50,489 - job_qwen3_4b_database_1763887780 - INFO - Task is_vulnerable_vuln_cve_cwe: 90/314 commits processed
2025-11-23 06:32:11,859 - job_qwen3_4b_database_1763887780 - INFO - Task is_vulnerable_vuln_cve_cwe: 100/314 commits processed
2025-11-23 06:34:32,705 - job_qwen3_4b_database_1763887780 - INFO - Task is_vulnerable_vuln_cve_cwe: 110/314 commits processed
2025-11-23 06:36:46,288 - job_qwen3_4b_database_1763887780 - INFO - Task is_vulnerable_vuln_cve_cwe: 120/314 commits processed
2025-11-23 06:39:06,782 - job_qwen3_4b_database_1763887780 - INFO - Task is_vulnerable_vuln_cve_cwe: 130/314 commits processed
2025-11-23 06:41:12,303 - job_qwen3_4b_database_1763887780 - INFO - Task is_vulnerable_vuln_cve_cwe: 140/314 commits processed
2025-11-23 06:43:11,343 - job_qwen3_4b_database_1763887780 - INFO - Task is_vulnerable_vuln_cve_cwe: 150/314 commits processed
2025-11-23 06:45:31,991 - job_qwen3_4b_database_1763887780 - INFO - Task is_vulnerable_vuln_cve_cwe: 160/314 commits processed
2025-11-23 06:47:48,233 - job_qwen3_4b_database_1763887780 - INFO - Task is_vulnerable_vuln_cve_cwe: 170/314 commits processed
2025-11-23 06:50:09,998 - job_qwen3_4b_database_1763887780 - INFO - Task is_vulnerable_vuln_cve_cwe: 180/314 commits processed
2025-11-23 06:52:20,875 - job_qwen3_4b_database_1763887780 - INFO - Task is_vulnerable_vuln_cve_cwe: 190/314 commits processed
2025-11-23 06:54:24,585 - job_qwen3_4b_database_1763887780 - INFO - Task is_vulnerable_vuln_cve_cwe: 200/314 commits processed
2025-11-23 06:56:44,764 - job_qwen3_4b_database_1763887780 - INFO - Task is_vulnerable_vuln_cve_cwe: 210/314 commits processed
2025-11-23 06:59:05,779 - job_qwen3_4b_database_1763887780 - INFO - Task is_vulnerable_vuln_cve_cwe: 220/314 commits processed
2025-11-23 07:01:26,336 - job_qwen3_4b_database_1763887780 - INFO - Task is_vulnerable_vuln_cve_cwe: 230/314 commits processed
2025-11-23 07:03:47,463 - job_qwen3_4b_database_1763887780 - INFO - Task is_vulnerable_vuln_cve_cwe: 240/314 commits processed
2025-11-23 07:05:59,592 - job_qwen3_4b_database_1763887780 - INFO - Task is_vulnerable_vuln_cve_cwe: 250/314 commits processed
2025-11-23 07:08:20,075 - job_qwen3_4b_database_1763887780 - INFO - Task is_vulnerable_vuln_cve_cwe: 260/314 commits processed
2025-11-23 07:10:34,230 - job_qwen3_4b_database_1763887780 - INFO - Task is_vulnerable_vuln_cve_cwe: 270/314 commits processed
2025-11-23 07:12:44,738 - job_qwen3_4b_database_1763887780 - INFO - Task is_vulnerable_vuln_cve_cwe: 280/314 commits processed
2025-11-23 07:15:05,338 - job_qwen3_4b_database_1763887780 - INFO - Task is_vulnerable_vuln_cve_cwe: 290/314 commits processed
2025-11-23 07:17:24,907 - job_qwen3_4b_database_1763887780 - INFO - Task is_vulnerable_vuln_cve_cwe: 300/314 commits processed
2025-11-23 07:19:36,276 - job_qwen3_4b_database_1763887780 - INFO - Task is_vulnerable_vuln_cve_cwe: 310/314 commits processed
2025-11-23 07:20:32,421 - job_qwen3_4b_database_1763887780 - INFO - Completed task: is_vulnerable_vuln_cve_cwe
2025-11-23 07:20:32,424 - job_qwen3_4b_database_1763887780 - INFO - Starting task: is_vulnerable_patch_cve_cwe
2025-11-23 07:22:52,579 - job_qwen3_4b_database_1763887780 - INFO - Task is_vulnerable_patch_cve_cwe: 10/314 commits processed
2025-11-23 07:24:51,773 - job_qwen3_4b_database_1763887780 - INFO - Task is_vulnerable_patch_cve_cwe: 20/314 commits processed
2025-11-23 07:27:03,952 - job_qwen3_4b_database_1763887780 - INFO - Task is_vulnerable_patch_cve_cwe: 30/314 commits processed
2025-11-23 07:29:24,493 - job_qwen3_4b_database_1763887780 - INFO - Task is_vulnerable_patch_cve_cwe: 40/314 commits processed
2025-11-23 07:31:36,463 - job_qwen3_4b_database_1763887780 - INFO - Task is_vulnerable_patch_cve_cwe: 50/314 commits processed
2025-11-23 07:33:57,452 - job_qwen3_4b_database_1763887780 - INFO - Task is_vulnerable_patch_cve_cwe: 60/314 commits processed
2025-11-23 07:36:17,769 - job_qwen3_4b_database_1763887780 - INFO - Task is_vulnerable_patch_cve_cwe: 70/314 commits processed
2025-11-23 07:38:29,795 - job_qwen3_4b_database_1763887780 - INFO - Task is_vulnerable_patch_cve_cwe: 80/314 commits processed
2025-11-23 07:40:39,288 - job_qwen3_4b_database_1763887780 - INFO - Task is_vulnerable_patch_cve_cwe: 90/314 commits processed
2025-11-23 07:42:59,831 - job_qwen3_4b_database_1763887780 - INFO - Task is_vulnerable_patch_cve_cwe: 100/314 commits processed
2025-11-23 07:45:20,451 - job_qwen3_4b_database_1763887780 - INFO - Task is_vulnerable_patch_cve_cwe: 110/314 commits processed
2025-11-23 07:47:41,040 - job_qwen3_4b_database_1763887780 - INFO - Task is_vulnerable_patch_cve_cwe: 120/314 commits processed
2025-11-23 07:50:02,482 - job_qwen3_4b_database_1763887780 - INFO - Task is_vulnerable_patch_cve_cwe: 130/314 commits processed
2025-11-23 07:52:15,276 - job_qwen3_4b_database_1763887780 - INFO - Task is_vulnerable_patch_cve_cwe: 140/314 commits processed
2025-11-23 07:54:19,887 - job_qwen3_4b_database_1763887780 - INFO - Task is_vulnerable_patch_cve_cwe: 150/314 commits processed
2025-11-23 07:56:31,837 - job_qwen3_4b_database_1763887780 - INFO - Task is_vulnerable_patch_cve_cwe: 160/314 commits processed
2025-11-23 07:58:43,384 - job_qwen3_4b_database_1763887780 - INFO - Task is_vulnerable_patch_cve_cwe: 170/314 commits processed
2025-11-23 08:01:04,495 - job_qwen3_4b_database_1763887780 - INFO - Task is_vulnerable_patch_cve_cwe: 180/314 commits processed
2025-11-23 08:03:15,428 - job_qwen3_4b_database_1763887780 - INFO - Task is_vulnerable_patch_cve_cwe: 190/314 commits processed
2025-11-23 08:05:36,436 - job_qwen3_4b_database_1763887780 - INFO - Task is_vulnerable_patch_cve_cwe: 200/314 commits processed
2025-11-23 08:07:56,855 - job_qwen3_4b_database_1763887780 - INFO - Task is_vulnerable_patch_cve_cwe: 210/314 commits processed
2025-11-23 08:10:17,657 - job_qwen3_4b_database_1763887780 - INFO - Task is_vulnerable_patch_cve_cwe: 220/314 commits processed
2025-11-23 08:12:38,170 - job_qwen3_4b_database_1763887780 - INFO - Task is_vulnerable_patch_cve_cwe: 230/314 commits processed
2025-11-23 08:14:58,314 - job_qwen3_4b_database_1763887780 - INFO - Task is_vulnerable_patch_cve_cwe: 240/314 commits processed
2025-11-23 08:17:02,072 - job_qwen3_4b_database_1763887780 - INFO - Task is_vulnerable_patch_cve_cwe: 250/314 commits processed
2025-11-23 08:19:23,809 - job_qwen3_4b_database_1763887780 - INFO - Task is_vulnerable_patch_cve_cwe: 260/314 commits processed
2025-11-23 08:21:38,689 - job_qwen3_4b_database_1763887780 - INFO - Task is_vulnerable_patch_cve_cwe: 270/314 commits processed
2025-11-23 08:23:37,590 - job_qwen3_4b_database_1763887780 - INFO - Task is_vulnerable_patch_cve_cwe: 280/314 commits processed
2025-11-23 08:25:58,108 - job_qwen3_4b_database_1763887780 - INFO - Task is_vulnerable_patch_cve_cwe: 290/314 commits processed
2025-11-23 08:28:12,675 - job_qwen3_4b_database_1763887780 - INFO - Task is_vulnerable_patch_cve_cwe: 300/314 commits processed
2025-11-23 08:30:21,296 - job_qwen3_4b_database_1763887780 - INFO - Task is_vulnerable_patch_cve_cwe: 310/314 commits processed
2025-11-23 08:31:17,388 - job_qwen3_4b_database_1763887780 - INFO - Completed task: is_vulnerable_patch_cve_cwe
2025-11-23 08:31:17,391 - job_qwen3_4b_database_1763887780 - INFO - Starting task: suggest_fix
2025-11-23 08:33:37,329 - job_qwen3_4b_database_1763887780 - INFO - Task suggest_fix: 10/314 commits processed
2025-11-23 08:35:57,465 - job_qwen3_4b_database_1763887780 - INFO - Task suggest_fix: 20/314 commits processed
2025-11-23 08:38:17,633 - job_qwen3_4b_database_1763887780 - INFO - Task suggest_fix: 30/314 commits processed
2025-11-23 08:40:37,771 - job_qwen3_4b_database_1763887780 - INFO - Task suggest_fix: 40/314 commits processed
2025-11-23 08:42:57,598 - job_qwen3_4b_database_1763887780 - INFO - Task suggest_fix: 50/314 commits processed
2025-11-23 08:45:18,540 - job_qwen3_4b_database_1763887780 - INFO - Task suggest_fix: 60/314 commits processed
2025-11-23 08:47:38,961 - job_qwen3_4b_database_1763887780 - INFO - Task suggest_fix: 70/314 commits processed
2025-11-23 08:49:58,887 - job_qwen3_4b_database_1763887780 - INFO - Task suggest_fix: 80/314 commits processed
2025-11-23 08:52:18,572 - job_qwen3_4b_database_1763887780 - INFO - Task suggest_fix: 90/314 commits processed
2025-11-23 08:54:39,196 - job_qwen3_4b_database_1763887780 - INFO - Task suggest_fix: 100/314 commits processed
2025-11-23 08:56:59,462 - job_qwen3_4b_database_1763887780 - INFO - Task suggest_fix: 110/314 commits processed
2025-11-23 08:59:19,687 - job_qwen3_4b_database_1763887780 - INFO - Task suggest_fix: 120/314 commits processed
2025-11-23 09:01:39,306 - job_qwen3_4b_database_1763887780 - INFO - Task suggest_fix: 130/314 commits processed
2025-11-23 09:03:59,368 - job_qwen3_4b_database_1763887780 - INFO - Task suggest_fix: 140/314 commits processed
2025-11-23 09:06:19,225 - job_qwen3_4b_database_1763887780 - INFO - Task suggest_fix: 150/314 commits processed
2025-11-23 09:08:39,927 - job_qwen3_4b_database_1763887780 - INFO - Task suggest_fix: 160/314 commits processed
2025-11-23 09:11:00,652 - job_qwen3_4b_database_1763887780 - INFO - Task suggest_fix: 170/314 commits processed
2025-11-23 09:13:21,195 - job_qwen3_4b_database_1763887780 - INFO - Task suggest_fix: 180/314 commits processed
2025-11-23 09:15:41,405 - job_qwen3_4b_database_1763887780 - INFO - Task suggest_fix: 190/314 commits processed
2025-11-23 09:18:02,506 - job_qwen3_4b_database_1763887780 - INFO - Task suggest_fix: 200/314 commits processed
2025-11-23 09:20:22,060 - job_qwen3_4b_database_1763887780 - INFO - Task suggest_fix: 210/314 commits processed
2025-11-23 09:22:42,679 - job_qwen3_4b_database_1763887780 - INFO - Task suggest_fix: 220/314 commits processed
2025-11-23 09:25:02,482 - job_qwen3_4b_database_1763887780 - INFO - Task suggest_fix: 230/314 commits processed
2025-11-23 09:27:22,109 - job_qwen3_4b_database_1763887780 - INFO - Task suggest_fix: 240/314 commits processed
2025-11-23 09:29:43,242 - job_qwen3_4b_database_1763887780 - INFO - Task suggest_fix: 250/314 commits processed
2025-11-23 09:32:03,166 - job_qwen3_4b_database_1763887780 - INFO - Task suggest_fix: 260/314 commits processed
2025-11-23 09:34:22,882 - job_qwen3_4b_database_1763887780 - INFO - Task suggest_fix: 270/314 commits processed
2025-11-23 09:36:42,213 - job_qwen3_4b_database_1763887780 - INFO - Task suggest_fix: 280/314 commits processed
2025-11-23 09:39:02,361 - job_qwen3_4b_database_1763887780 - INFO - Task suggest_fix: 290/314 commits processed
2025-11-23 09:41:21,988 - job_qwen3_4b_database_1763887780 - INFO - Task suggest_fix: 300/314 commits processed
2025-11-23 09:43:41,448 - job_qwen3_4b_database_1763887780 - INFO - Task suggest_fix: 310/314 commits processed
2025-11-23 09:44:36,796 - job_qwen3_4b_database_1763887780 - INFO - Completed task: suggest_fix
2025-11-23 09:44:36,800 - job_qwen3_4b_database_1763887780 - INFO - Starting task: suggest_fix_fewshot
2025-11-23 09:46:56,182 - job_qwen3_4b_database_1763887780 - INFO - Task suggest_fix_fewshot: 10/314 commits processed
2025-11-23 09:49:16,191 - job_qwen3_4b_database_1763887780 - INFO - Task suggest_fix_fewshot: 20/314 commits processed
2025-11-23 09:51:36,056 - job_qwen3_4b_database_1763887780 - INFO - Task suggest_fix_fewshot: 30/314 commits processed
2025-11-23 09:53:57,840 - job_qwen3_4b_database_1763887780 - INFO - Task suggest_fix_fewshot: 40/314 commits processed
2025-11-23 09:56:17,011 - job_qwen3_4b_database_1763887780 - INFO - Task suggest_fix_fewshot: 50/314 commits processed
2025-11-23 09:58:37,186 - job_qwen3_4b_database_1763887780 - INFO - Task suggest_fix_fewshot: 60/314 commits processed
2025-11-23 10:00:57,719 - job_qwen3_4b_database_1763887780 - INFO - Task suggest_fix_fewshot: 70/314 commits processed
2025-11-23 10:03:17,051 - job_qwen3_4b_database_1763887780 - INFO - Task suggest_fix_fewshot: 80/314 commits processed
2025-11-23 10:05:37,129 - job_qwen3_4b_database_1763887780 - INFO - Task suggest_fix_fewshot: 90/314 commits processed
2025-11-23 10:07:59,137 - job_qwen3_4b_database_1763887780 - INFO - Task suggest_fix_fewshot: 100/314 commits processed
2025-11-23 10:10:19,592 - job_qwen3_4b_database_1763887780 - INFO - Task suggest_fix_fewshot: 110/314 commits processed
2025-11-23 10:12:39,693 - job_qwen3_4b_database_1763887780 - INFO - Task suggest_fix_fewshot: 120/314 commits processed
2025-11-23 10:14:59,494 - job_qwen3_4b_database_1763887780 - INFO - Task suggest_fix_fewshot: 130/314 commits processed
2025-11-23 10:17:26,807 - job_qwen3_4b_database_1763887780 - INFO - Task suggest_fix_fewshot: 140/314 commits processed
2025-11-23 10:19:46,797 - job_qwen3_4b_database_1763887780 - INFO - Task suggest_fix_fewshot: 150/314 commits processed
2025-11-23 10:22:07,181 - job_qwen3_4b_database_1763887780 - INFO - Task suggest_fix_fewshot: 160/314 commits processed
2025-11-23 10:24:27,871 - job_qwen3_4b_database_1763887780 - INFO - Task suggest_fix_fewshot: 170/314 commits processed
2025-11-23 10:26:54,897 - job_qwen3_4b_database_1763887780 - INFO - Task suggest_fix_fewshot: 180/314 commits processed
2025-11-23 10:29:15,337 - job_qwen3_4b_database_1763887780 - INFO - Task suggest_fix_fewshot: 190/314 commits processed
2025-11-23 10:31:36,502 - job_qwen3_4b_database_1763887780 - INFO - Task suggest_fix_fewshot: 200/314 commits processed
2025-11-23 10:34:01,075 - job_qwen3_4b_database_1763887780 - INFO - Task suggest_fix_fewshot: 210/314 commits processed
2025-11-23 10:36:21,956 - job_qwen3_4b_database_1763887780 - INFO - Task suggest_fix_fewshot: 220/314 commits processed
2025-11-23 10:38:42,105 - job_qwen3_4b_database_1763887780 - INFO - Task suggest_fix_fewshot: 230/314 commits processed
2025-11-23 10:41:02,396 - job_qwen3_4b_database_1763887780 - INFO - Task suggest_fix_fewshot: 240/314 commits processed
2025-11-23 10:43:22,544 - job_qwen3_4b_database_1763887780 - INFO - Task suggest_fix_fewshot: 250/314 commits processed
2025-11-23 10:45:43,369 - job_qwen3_4b_database_1763887780 - INFO - Task suggest_fix_fewshot: 260/314 commits processed
2025-11-23 10:48:04,044 - job_qwen3_4b_database_1763887780 - INFO - Task suggest_fix_fewshot: 270/314 commits processed
2025-11-23 10:50:26,208 - job_qwen3_4b_database_1763887780 - INFO - Task suggest_fix_fewshot: 280/314 commits processed
2025-11-23 10:52:46,439 - job_qwen3_4b_database_1763887780 - INFO - Task suggest_fix_fewshot: 290/314 commits processed
2025-11-23 10:55:06,279 - job_qwen3_4b_database_1763887780 - INFO - Task suggest_fix_fewshot: 300/314 commits processed
2025-11-23 10:57:26,719 - job_qwen3_4b_database_1763887780 - INFO - Task suggest_fix_fewshot: 310/314 commits processed
2025-11-23 10:58:22,544 - job_qwen3_4b_database_1763887780 - INFO - Completed task: suggest_fix_fewshot
2025-11-23 10:58:22,549 - job_qwen3_4b_database_1763887780 - INFO - Starting task: rank_cwe
2025-11-23 11:00:44,412 - job_qwen3_4b_database_1763887780 - INFO - Task rank_cwe: 10/314 commits processed
2025-11-23 11:03:05,896 - job_qwen3_4b_database_1763887780 - INFO - Task rank_cwe: 20/314 commits processed
2025-11-23 11:05:27,967 - job_qwen3_4b_database_1763887780 - INFO - Task rank_cwe: 30/314 commits processed
2025-11-23 11:07:49,675 - job_qwen3_4b_database_1763887780 - INFO - Task rank_cwe: 40/314 commits processed
2025-11-23 11:10:11,274 - job_qwen3_4b_database_1763887780 - INFO - Task rank_cwe: 50/314 commits processed
2025-11-23 11:12:35,718 - job_qwen3_4b_database_1763887780 - INFO - Task rank_cwe: 60/314 commits processed
2025-11-23 11:14:57,855 - job_qwen3_4b_database_1763887780 - INFO - Task rank_cwe: 70/314 commits processed
2025-11-23 11:17:19,400 - job_qwen3_4b_database_1763887780 - INFO - Task rank_cwe: 80/314 commits processed
2025-11-23 11:19:46,141 - job_qwen3_4b_database_1763887780 - INFO - Task rank_cwe: 90/314 commits processed
2025-11-23 11:22:08,192 - job_qwen3_4b_database_1763887780 - INFO - Task rank_cwe: 100/314 commits processed
2025-11-23 11:24:30,457 - job_qwen3_4b_database_1763887780 - INFO - Task rank_cwe: 110/314 commits processed
2025-11-23 11:26:52,588 - job_qwen3_4b_database_1763887780 - INFO - Task rank_cwe: 120/314 commits processed
2025-11-23 11:29:14,325 - job_qwen3_4b_database_1763887780 - INFO - Task rank_cwe: 130/314 commits processed
2025-11-23 11:31:36,127 - job_qwen3_4b_database_1763887780 - INFO - Task rank_cwe: 140/314 commits processed
2025-11-23 11:33:57,860 - job_qwen3_4b_database_1763887780 - INFO - Task rank_cwe: 150/314 commits processed
2025-11-23 11:36:21,731 - job_qwen3_4b_database_1763887780 - INFO - Task rank_cwe: 160/314 commits processed
2025-11-23 11:38:44,286 - job_qwen3_4b_database_1763887780 - INFO - Task rank_cwe: 170/314 commits processed
2025-11-23 11:41:06,863 - job_qwen3_4b_database_1763887780 - INFO - Task rank_cwe: 180/314 commits processed
2025-11-23 11:43:29,129 - job_qwen3_4b_database_1763887780 - INFO - Task rank_cwe: 190/314 commits processed
Could not extract any CWE identifiers from: ;
	struct sctp_af *af;
	int ret;

	if (param.p->type == SCTP_PARAM_HMAC_ALGOS) {
		hmacs = (struct s
No CWEs extracted, storing empty list for commit f9beb95e6a2669fa35e34a6ff52808b181efa20f: ;
	struct sctp_af *af;
	int ret;

	if (param.p->type == SCTP_PARAM_HMAC_ALGOS) {
		hmacs = (struct s
2025-11-23 11:45:52,158 - job_qwen3_4b_database_1763887780 - INFO - Task rank_cwe: 200/314 commits processed
2025-11-23 11:48:13,519 - job_qwen3_4b_database_1763887780 - INFO - Task rank_cwe: 210/314 commits processed
2025-11-23 11:50:35,607 - job_qwen3_4b_database_1763887780 - INFO - Task rank_cwe: 220/314 commits processed
2025-11-23 11:52:59,179 - job_qwen3_4b_database_1763887780 - INFO - Task rank_cwe: 230/314 commits processed
2025-11-23 11:55:21,125 - job_qwen3_4b_database_1763887780 - INFO - Task rank_cwe: 240/314 commits processed
2025-11-23 11:57:43,537 - job_qwen3_4b_database_1763887780 - INFO - Task rank_cwe: 250/314 commits processed
2025-11-23 12:00:05,078 - job_qwen3_4b_database_1763887780 - INFO - Task rank_cwe: 260/314 commits processed
2025-11-23 12:02:27,067 - job_qwen3_4b_database_1763887780 - INFO - Task rank_cwe: 270/314 commits processed
2025-11-23 12:04:48,333 - job_qwen3_4b_database_1763887780 - INFO - Task rank_cwe: 280/314 commits processed
2025-11-23 12:07:09,636 - job_qwen3_4b_database_1763887780 - INFO - Task rank_cwe: 290/314 commits processed
2025-11-23 12:09:31,462 - job_qwen3_4b_database_1763887780 - INFO - Task rank_cwe: 300/314 commits processed
2025-11-23 12:11:59,216 - job_qwen3_4b_database_1763887780 - INFO - Task rank_cwe: 310/314 commits processed
2025-11-23 12:12:55,524 - job_qwen3_4b_database_1763887780 - INFO - Completed task: rank_cwe
2025-11-23 12:12:55,529 - job_qwen3_4b_database_1763887780 - INFO - Job completed successfully
Loading checkpoint shards:   0%|          | 0/3 [00:00<?, ?it/s]Loading checkpoint shards: 100%|██████████| 3/3 [00:00<00:00, 65.45it/s]
Device set to use cuda:0
Loading checkpoint shards:   0%|          | 0/3 [00:00<?, ?it/s]Loading checkpoint shards: 100%|██████████| 3/3 [00:00<00:00, 56.83it/s]
Device set to use cuda:0
2025-11-23 12:13:00,015 - job_qwen3_4b_database_leakagefree_1763917977 - INFO - Starting task: is_vulnerable_vuln
2025-11-23 12:15:20,966 - job_qwen3_4b_database_leakagefree_1763917977 - INFO - Task is_vulnerable_vuln: 10/103 commits processed
2025-11-23 12:17:42,238 - job_qwen3_4b_database_leakagefree_1763917977 - INFO - Task is_vulnerable_vuln: 20/103 commits processed
2025-11-23 12:19:54,791 - job_qwen3_4b_database_leakagefree_1763917977 - INFO - Task is_vulnerable_vuln: 30/103 commits processed
2025-11-23 12:22:11,907 - job_qwen3_4b_database_leakagefree_1763917977 - INFO - Task is_vulnerable_vuln: 40/103 commits processed
2025-11-23 12:24:32,827 - job_qwen3_4b_database_leakagefree_1763917977 - INFO - Task is_vulnerable_vuln: 50/103 commits processed
2025-11-23 12:26:54,182 - job_qwen3_4b_database_leakagefree_1763917977 - INFO - Task is_vulnerable_vuln: 60/103 commits processed
2025-11-23 12:29:15,400 - job_qwen3_4b_database_leakagefree_1763917977 - INFO - Task is_vulnerable_vuln: 70/103 commits processed
2025-11-23 12:31:25,689 - job_qwen3_4b_database_leakagefree_1763917977 - INFO - Task is_vulnerable_vuln: 80/103 commits processed
2025-11-23 12:33:48,105 - job_qwen3_4b_database_leakagefree_1763917977 - INFO - Task is_vulnerable_vuln: 90/103 commits processed
2025-11-23 12:35:59,055 - job_qwen3_4b_database_leakagefree_1763917977 - INFO - Task is_vulnerable_vuln: 100/103 commits processed
2025-11-23 12:36:41,636 - job_qwen3_4b_database_leakagefree_1763917977 - INFO - Completed task: is_vulnerable_vuln
2025-11-23 12:36:41,638 - job_qwen3_4b_database_leakagefree_1763917977 - INFO - Starting task: is_vulnerable_patch
2025-11-23 12:38:52,622 - job_qwen3_4b_database_leakagefree_1763917977 - INFO - Task is_vulnerable_patch: 10/103 commits processed
2025-11-23 12:41:01,235 - job_qwen3_4b_database_leakagefree_1763917977 - INFO - Task is_vulnerable_patch: 20/103 commits processed
2025-11-23 12:43:11,180 - job_qwen3_4b_database_leakagefree_1763917977 - INFO - Task is_vulnerable_patch: 30/103 commits processed
2025-11-23 12:45:32,194 - job_qwen3_4b_database_leakagefree_1763917977 - INFO - Task is_vulnerable_patch: 40/103 commits processed
2025-11-23 12:47:53,025 - job_qwen3_4b_database_leakagefree_1763917977 - INFO - Task is_vulnerable_patch: 50/103 commits processed
2025-11-23 12:50:04,305 - job_qwen3_4b_database_leakagefree_1763917977 - INFO - Task is_vulnerable_patch: 60/103 commits processed
2025-11-23 12:52:24,626 - job_qwen3_4b_database_leakagefree_1763917977 - INFO - Task is_vulnerable_patch: 70/103 commits processed
2025-11-23 12:54:48,660 - job_qwen3_4b_database_leakagefree_1763917977 - INFO - Task is_vulnerable_patch: 80/103 commits processed
2025-11-23 12:57:09,350 - job_qwen3_4b_database_leakagefree_1763917977 - INFO - Task is_vulnerable_patch: 90/103 commits processed
2025-11-23 12:59:30,277 - job_qwen3_4b_database_leakagefree_1763917977 - INFO - Task is_vulnerable_patch: 100/103 commits processed
2025-11-23 13:00:12,429 - job_qwen3_4b_database_leakagefree_1763917977 - INFO - Completed task: is_vulnerable_patch
2025-11-23 13:00:12,432 - job_qwen3_4b_database_leakagefree_1763917977 - INFO - Starting task: is_vulnerable_vuln_cve_cwe
2025-11-23 13:02:33,078 - job_qwen3_4b_database_leakagefree_1763917977 - INFO - Task is_vulnerable_vuln_cve_cwe: 10/103 commits processed
2025-11-23 13:04:43,432 - job_qwen3_4b_database_leakagefree_1763917977 - INFO - Task is_vulnerable_vuln_cve_cwe: 20/103 commits processed
2025-11-23 13:06:53,460 - job_qwen3_4b_database_leakagefree_1763917977 - INFO - Task is_vulnerable_vuln_cve_cwe: 30/103 commits processed
2025-11-23 13:08:46,689 - job_qwen3_4b_database_leakagefree_1763917977 - INFO - Task is_vulnerable_vuln_cve_cwe: 40/103 commits processed
2025-11-23 13:10:57,013 - job_qwen3_4b_database_leakagefree_1763917977 - INFO - Task is_vulnerable_vuln_cve_cwe: 50/103 commits processed
2025-11-23 13:13:17,767 - job_qwen3_4b_database_leakagefree_1763917977 - INFO - Task is_vulnerable_vuln_cve_cwe: 60/103 commits processed
2025-11-23 13:15:19,765 - job_qwen3_4b_database_leakagefree_1763917977 - INFO - Task is_vulnerable_vuln_cve_cwe: 70/103 commits processed
2025-11-23 13:17:30,292 - job_qwen3_4b_database_leakagefree_1763917977 - INFO - Task is_vulnerable_vuln_cve_cwe: 80/103 commits processed
2025-11-23 13:19:50,975 - job_qwen3_4b_database_leakagefree_1763917977 - INFO - Task is_vulnerable_vuln_cve_cwe: 90/103 commits processed
2025-11-23 13:21:51,617 - job_qwen3_4b_database_leakagefree_1763917977 - INFO - Task is_vulnerable_vuln_cve_cwe: 100/103 commits processed
2025-11-23 13:22:33,788 - job_qwen3_4b_database_leakagefree_1763917977 - INFO - Completed task: is_vulnerable_vuln_cve_cwe
2025-11-23 13:22:33,816 - job_qwen3_4b_database_leakagefree_1763917977 - INFO - Starting task: is_vulnerable_patch_cve_cwe
2025-11-23 13:24:54,168 - job_qwen3_4b_database_leakagefree_1763917977 - INFO - Task is_vulnerable_patch_cve_cwe: 10/103 commits processed
2025-11-23 13:27:05,208 - job_qwen3_4b_database_leakagefree_1763917977 - INFO - Task is_vulnerable_patch_cve_cwe: 20/103 commits processed
2025-11-23 13:29:07,251 - job_qwen3_4b_database_leakagefree_1763917977 - INFO - Task is_vulnerable_patch_cve_cwe: 30/103 commits processed
2025-11-23 13:31:16,873 - job_qwen3_4b_database_leakagefree_1763917977 - INFO - Task is_vulnerable_patch_cve_cwe: 40/103 commits processed
2025-11-23 13:33:37,673 - job_qwen3_4b_database_leakagefree_1763917977 - INFO - Task is_vulnerable_patch_cve_cwe: 50/103 commits processed
2025-11-23 13:35:58,853 - job_qwen3_4b_database_leakagefree_1763917977 - INFO - Task is_vulnerable_patch_cve_cwe: 60/103 commits processed
2025-11-23 13:38:19,179 - job_qwen3_4b_database_leakagefree_1763917977 - INFO - Task is_vulnerable_patch_cve_cwe: 70/103 commits processed
2025-11-23 13:40:31,283 - job_qwen3_4b_database_leakagefree_1763917977 - INFO - Task is_vulnerable_patch_cve_cwe: 80/103 commits processed
2025-11-23 13:42:31,893 - job_qwen3_4b_database_leakagefree_1763917977 - INFO - Task is_vulnerable_patch_cve_cwe: 90/103 commits processed
2025-11-23 13:44:54,114 - job_qwen3_4b_database_leakagefree_1763917977 - INFO - Task is_vulnerable_patch_cve_cwe: 100/103 commits processed
2025-11-23 13:45:36,442 - job_qwen3_4b_database_leakagefree_1763917977 - INFO - Completed task: is_vulnerable_patch_cve_cwe
2025-11-23 13:45:36,445 - job_qwen3_4b_database_leakagefree_1763917977 - INFO - Starting task: suggest_fix
2025-11-23 13:47:56,620 - job_qwen3_4b_database_leakagefree_1763917977 - INFO - Task suggest_fix: 10/103 commits processed
2025-11-23 13:50:16,812 - job_qwen3_4b_database_leakagefree_1763917977 - INFO - Task suggest_fix: 20/103 commits processed
2025-11-23 13:52:36,780 - job_qwen3_4b_database_leakagefree_1763917977 - INFO - Task suggest_fix: 30/103 commits processed
2025-11-23 13:54:56,593 - job_qwen3_4b_database_leakagefree_1763917977 - INFO - Task suggest_fix: 40/103 commits processed
2025-11-23 13:57:17,473 - job_qwen3_4b_database_leakagefree_1763917977 - INFO - Task suggest_fix: 50/103 commits processed
2025-11-23 13:59:37,731 - job_qwen3_4b_database_leakagefree_1763917977 - INFO - Task suggest_fix: 60/103 commits processed
2025-11-23 14:01:57,913 - job_qwen3_4b_database_leakagefree_1763917977 - INFO - Task suggest_fix: 70/103 commits processed
2025-11-23 14:04:17,922 - job_qwen3_4b_database_leakagefree_1763917977 - INFO - Task suggest_fix: 80/103 commits processed
2025-11-23 14:06:53,200 - job_qwen3_4b_database_leakagefree_1763917977 - INFO - Task suggest_fix: 90/103 commits processed
2025-11-23 14:09:12,952 - job_qwen3_4b_database_leakagefree_1763917977 - INFO - Task suggest_fix: 100/103 commits processed
2025-11-23 14:09:54,945 - job_qwen3_4b_database_leakagefree_1763917977 - INFO - Completed task: suggest_fix
2025-11-23 14:09:54,948 - job_qwen3_4b_database_leakagefree_1763917977 - INFO - Starting task: suggest_fix_fewshot
2025-11-23 14:12:15,543 - job_qwen3_4b_database_leakagefree_1763917977 - INFO - Task suggest_fix_fewshot: 10/103 commits processed
2025-11-23 14:14:57,727 - job_qwen3_4b_database_leakagefree_1763917977 - INFO - Task suggest_fix_fewshot: 20/103 commits processed
2025-11-23 14:17:18,409 - job_qwen3_4b_database_leakagefree_1763917977 - INFO - Task suggest_fix_fewshot: 30/103 commits processed
2025-11-23 14:19:38,831 - job_qwen3_4b_database_leakagefree_1763917977 - INFO - Task suggest_fix_fewshot: 40/103 commits processed
2025-11-23 14:22:00,233 - job_qwen3_4b_database_leakagefree_1763917977 - INFO - Task suggest_fix_fewshot: 50/103 commits processed
2025-11-23 14:24:29,588 - job_qwen3_4b_database_leakagefree_1763917977 - INFO - Task suggest_fix_fewshot: 60/103 commits processed
2025-11-23 14:26:51,421 - job_qwen3_4b_database_leakagefree_1763917977 - INFO - Task suggest_fix_fewshot: 70/103 commits processed
2025-11-23 14:29:12,531 - job_qwen3_4b_database_leakagefree_1763917977 - INFO - Task suggest_fix_fewshot: 80/103 commits processed
2025-11-23 14:31:49,621 - job_qwen3_4b_database_leakagefree_1763917977 - INFO - Task suggest_fix_fewshot: 90/103 commits processed
2025-11-23 14:34:10,809 - job_qwen3_4b_database_leakagefree_1763917977 - INFO - Task suggest_fix_fewshot: 100/103 commits processed
2025-11-23 14:34:53,107 - job_qwen3_4b_database_leakagefree_1763917977 - INFO - Completed task: suggest_fix_fewshot
2025-11-23 14:34:53,110 - job_qwen3_4b_database_leakagefree_1763917977 - INFO - Starting task: rank_cwe
2025-11-23 14:37:15,171 - job_qwen3_4b_database_leakagefree_1763917977 - INFO - Task rank_cwe: 10/103 commits processed
2025-11-23 14:39:48,783 - job_qwen3_4b_database_leakagefree_1763917977 - INFO - Task rank_cwe: 20/103 commits processed
2025-11-23 14:42:10,860 - job_qwen3_4b_database_leakagefree_1763917977 - INFO - Task rank_cwe: 30/103 commits processed
2025-11-23 14:44:32,664 - job_qwen3_4b_database_leakagefree_1763917977 - INFO - Task rank_cwe: 40/103 commits processed
2025-11-23 14:47:23,515 - job_qwen3_4b_database_leakagefree_1763917977 - INFO - Task rank_cwe: 50/103 commits processed
2025-11-23 14:49:44,986 - job_qwen3_4b_database_leakagefree_1763917977 - INFO - Task rank_cwe: 60/103 commits processed
2025-11-23 14:52:06,096 - job_qwen3_4b_database_leakagefree_1763917977 - INFO - Task rank_cwe: 70/103 commits processed
2025-11-23 14:54:27,479 - job_qwen3_4b_database_leakagefree_1763917977 - INFO - Task rank_cwe: 80/103 commits processed
2025-11-23 14:57:12,157 - job_qwen3_4b_database_leakagefree_1763917977 - INFO - Task rank_cwe: 90/103 commits processed
2025-11-23 14:59:34,082 - job_qwen3_4b_database_leakagefree_1763917977 - INFO - Task rank_cwe: 100/103 commits processed
2025-11-23 15:00:16,472 - job_qwen3_4b_database_leakagefree_1763917977 - INFO - Completed task: rank_cwe
2025-11-23 15:00:16,474 - job_qwen3_4b_database_leakagefree_1763917977 - INFO - Job completed successfully
Evaluation completed on both databases:
  database.sqlite: Job qwen3_4b_database_1763887780 - Status: completed
  database_leakagefree.sqlite: Job qwen3_4b_database_leakagefree_1763917977 - Status: completed
