`torch_dtype` is deprecated! Use `dtype` instead!
Starting evaluation with model: vdisc_ft
Running evaluation on both databases...
Loading checkpoint shards:   0%|          | 0/3 [00:00<?, ?it/s]Loading checkpoint shards:  33%|███▎      | 1/3 [00:00<00:00,  3.68it/s]Loading checkpoint shards:  67%|██████▋   | 2/3 [00:00<00:00,  3.58it/s]Loading checkpoint shards: 100%|██████████| 3/3 [00:00<00:00,  5.29it/s]
Loading checkpoint shards:   0%|          | 0/3 [00:00<?, ?it/s]Loading checkpoint shards:  33%|███▎      | 1/3 [00:00<00:00,  3.81it/s]Loading checkpoint shards:  67%|██████▋   | 2/3 [00:00<00:00,  3.60it/s]Loading checkpoint shards: 100%|██████████| 3/3 [00:00<00:00,  5.33it/s]
2025-11-26 16:10:32,059 - job_vdisc_ft_database_1764191429 - INFO - Starting task: is_vulnerable_vuln
The following generation flags are not valid and may be ignored: ['temperature', 'top_p', 'top_k']. Set `TRANSFORMERS_VERBOSITY=info` for more details.
2025-11-26 16:11:51,195 - job_vdisc_ft_database_1764191429 - INFO - Task is_vulnerable_vuln: 10/314 commits processed
2025-11-26 16:13:09,005 - job_vdisc_ft_database_1764191429 - INFO - Task is_vulnerable_vuln: 20/314 commits processed
2025-11-26 16:14:25,953 - job_vdisc_ft_database_1764191429 - INFO - Task is_vulnerable_vuln: 30/314 commits processed
2025-11-26 16:15:43,301 - job_vdisc_ft_database_1764191429 - INFO - Task is_vulnerable_vuln: 40/314 commits processed
2025-11-26 16:17:00,099 - job_vdisc_ft_database_1764191429 - INFO - Task is_vulnerable_vuln: 50/314 commits processed
2025-11-26 16:18:17,965 - job_vdisc_ft_database_1764191429 - INFO - Task is_vulnerable_vuln: 60/314 commits processed
2025-11-26 16:19:27,067 - job_vdisc_ft_database_1764191429 - INFO - Task is_vulnerable_vuln: 70/314 commits processed
2025-11-26 16:20:44,231 - job_vdisc_ft_database_1764191429 - INFO - Task is_vulnerable_vuln: 80/314 commits processed
2025-11-26 16:22:01,126 - job_vdisc_ft_database_1764191429 - INFO - Task is_vulnerable_vuln: 90/314 commits processed
2025-11-26 16:23:18,055 - job_vdisc_ft_database_1764191429 - INFO - Task is_vulnerable_vuln: 100/314 commits processed
2025-11-26 16:24:35,203 - job_vdisc_ft_database_1764191429 - INFO - Task is_vulnerable_vuln: 110/314 commits processed
2025-11-26 16:25:52,046 - job_vdisc_ft_database_1764191429 - INFO - Task is_vulnerable_vuln: 120/314 commits processed
2025-11-26 16:27:09,078 - job_vdisc_ft_database_1764191429 - INFO - Task is_vulnerable_vuln: 130/314 commits processed
2025-11-26 16:28:26,531 - job_vdisc_ft_database_1764191429 - INFO - Task is_vulnerable_vuln: 140/314 commits processed
2025-11-26 16:29:43,338 - job_vdisc_ft_database_1764191429 - INFO - Task is_vulnerable_vuln: 150/314 commits processed
2025-11-26 16:31:00,364 - job_vdisc_ft_database_1764191429 - INFO - Task is_vulnerable_vuln: 160/314 commits processed
2025-11-26 16:32:17,177 - job_vdisc_ft_database_1764191429 - INFO - Task is_vulnerable_vuln: 170/314 commits processed
2025-11-26 16:33:26,471 - job_vdisc_ft_database_1764191429 - INFO - Task is_vulnerable_vuln: 180/314 commits processed
2025-11-26 16:34:36,199 - job_vdisc_ft_database_1764191429 - INFO - Task is_vulnerable_vuln: 190/314 commits processed
2025-11-26 16:35:45,741 - job_vdisc_ft_database_1764191429 - INFO - Task is_vulnerable_vuln: 200/314 commits processed
2025-11-26 16:37:03,352 - job_vdisc_ft_database_1764191429 - INFO - Task is_vulnerable_vuln: 210/314 commits processed
2025-11-26 16:38:20,359 - job_vdisc_ft_database_1764191429 - INFO - Task is_vulnerable_vuln: 220/314 commits processed
2025-11-26 16:39:37,560 - job_vdisc_ft_database_1764191429 - INFO - Task is_vulnerable_vuln: 230/314 commits processed
2025-11-26 16:40:39,439 - job_vdisc_ft_database_1764191429 - INFO - Task is_vulnerable_vuln: 240/314 commits processed
2025-11-26 16:41:56,458 - job_vdisc_ft_database_1764191429 - INFO - Task is_vulnerable_vuln: 250/314 commits processed
2025-11-26 16:43:13,557 - job_vdisc_ft_database_1764191429 - INFO - Task is_vulnerable_vuln: 260/314 commits processed
2025-11-26 16:44:31,883 - job_vdisc_ft_database_1764191429 - INFO - Task is_vulnerable_vuln: 270/314 commits processed
2025-11-26 16:45:49,831 - job_vdisc_ft_database_1764191429 - INFO - Task is_vulnerable_vuln: 280/314 commits processed
2025-11-26 16:47:06,987 - job_vdisc_ft_database_1764191429 - INFO - Task is_vulnerable_vuln: 290/314 commits processed
2025-11-26 16:48:23,836 - job_vdisc_ft_database_1764191429 - INFO - Task is_vulnerable_vuln: 300/314 commits processed
2025-11-26 16:49:40,859 - job_vdisc_ft_database_1764191429 - INFO - Task is_vulnerable_vuln: 310/314 commits processed
2025-11-26 16:50:11,581 - job_vdisc_ft_database_1764191429 - INFO - Completed task: is_vulnerable_vuln
2025-11-26 16:50:11,586 - job_vdisc_ft_database_1764191429 - INFO - Starting task: is_vulnerable_patch
2025-11-26 16:51:28,293 - job_vdisc_ft_database_1764191429 - INFO - Task is_vulnerable_patch: 10/314 commits processed
2025-11-26 16:52:45,430 - job_vdisc_ft_database_1764191429 - INFO - Task is_vulnerable_patch: 20/314 commits processed
2025-11-26 16:53:57,732 - job_vdisc_ft_database_1764191429 - INFO - Task is_vulnerable_patch: 30/314 commits processed
2025-11-26 16:55:15,912 - job_vdisc_ft_database_1764191429 - INFO - Task is_vulnerable_patch: 40/314 commits processed
2025-11-26 16:56:32,656 - job_vdisc_ft_database_1764191429 - INFO - Task is_vulnerable_patch: 50/314 commits processed
2025-11-26 16:57:49,632 - job_vdisc_ft_database_1764191429 - INFO - Task is_vulnerable_patch: 60/314 commits processed
2025-11-26 16:58:58,815 - job_vdisc_ft_database_1764191429 - INFO - Task is_vulnerable_patch: 70/314 commits processed
2025-11-26 17:00:15,542 - job_vdisc_ft_database_1764191429 - INFO - Task is_vulnerable_patch: 80/314 commits processed
2025-11-26 17:01:32,500 - job_vdisc_ft_database_1764191429 - INFO - Task is_vulnerable_patch: 90/314 commits processed
2025-11-26 17:02:49,600 - job_vdisc_ft_database_1764191429 - INFO - Task is_vulnerable_patch: 100/314 commits processed
2025-11-26 17:04:06,285 - job_vdisc_ft_database_1764191429 - INFO - Task is_vulnerable_patch: 110/314 commits processed
2025-11-26 17:05:23,186 - job_vdisc_ft_database_1764191429 - INFO - Task is_vulnerable_patch: 120/314 commits processed
2025-11-26 17:06:39,961 - job_vdisc_ft_database_1764191429 - INFO - Task is_vulnerable_patch: 130/314 commits processed
2025-11-26 17:07:56,536 - job_vdisc_ft_database_1764191429 - INFO - Task is_vulnerable_patch: 140/314 commits processed
2025-11-26 17:09:13,431 - job_vdisc_ft_database_1764191429 - INFO - Task is_vulnerable_patch: 150/314 commits processed
2025-11-26 17:10:30,209 - job_vdisc_ft_database_1764191429 - INFO - Task is_vulnerable_patch: 160/314 commits processed
2025-11-26 17:11:47,189 - job_vdisc_ft_database_1764191429 - INFO - Task is_vulnerable_patch: 170/314 commits processed
2025-11-26 17:12:53,320 - job_vdisc_ft_database_1764191429 - INFO - Task is_vulnerable_patch: 180/314 commits processed
2025-11-26 17:14:02,401 - job_vdisc_ft_database_1764191429 - INFO - Task is_vulnerable_patch: 190/314 commits processed
2025-11-26 17:15:11,887 - job_vdisc_ft_database_1764191429 - INFO - Task is_vulnerable_patch: 200/314 commits processed
2025-11-26 17:16:28,563 - job_vdisc_ft_database_1764191429 - INFO - Task is_vulnerable_patch: 210/314 commits processed
2025-11-26 17:17:46,139 - job_vdisc_ft_database_1764191429 - INFO - Task is_vulnerable_patch: 220/314 commits processed
2025-11-26 17:19:03,574 - job_vdisc_ft_database_1764191429 - INFO - Task is_vulnerable_patch: 230/314 commits processed
2025-11-26 17:20:04,969 - job_vdisc_ft_database_1764191429 - INFO - Task is_vulnerable_patch: 240/314 commits processed
2025-11-26 17:21:21,629 - job_vdisc_ft_database_1764191429 - INFO - Task is_vulnerable_patch: 250/314 commits processed
2025-11-26 17:22:38,366 - job_vdisc_ft_database_1764191429 - INFO - Task is_vulnerable_patch: 260/314 commits processed
2025-11-26 17:23:55,011 - job_vdisc_ft_database_1764191429 - INFO - Task is_vulnerable_patch: 270/314 commits processed
2025-11-26 17:25:11,592 - job_vdisc_ft_database_1764191429 - INFO - Task is_vulnerable_patch: 280/314 commits processed
2025-11-26 17:26:28,270 - job_vdisc_ft_database_1764191429 - INFO - Task is_vulnerable_patch: 290/314 commits processed
2025-11-26 17:27:44,918 - job_vdisc_ft_database_1764191429 - INFO - Task is_vulnerable_patch: 300/314 commits processed
2025-11-26 17:29:01,511 - job_vdisc_ft_database_1764191429 - INFO - Task is_vulnerable_patch: 310/314 commits processed
2025-11-26 17:29:31,945 - job_vdisc_ft_database_1764191429 - INFO - Completed task: is_vulnerable_patch
2025-11-26 17:29:31,948 - job_vdisc_ft_database_1764191429 - INFO - Starting task: is_vulnerable_vuln_cve_cwe
2025-11-26 17:30:48,505 - job_vdisc_ft_database_1764191429 - INFO - Task is_vulnerable_vuln_cve_cwe: 10/314 commits processed
2025-11-26 17:32:05,527 - job_vdisc_ft_database_1764191429 - INFO - Task is_vulnerable_vuln_cve_cwe: 20/314 commits processed
2025-11-26 17:33:22,283 - job_vdisc_ft_database_1764191429 - INFO - Task is_vulnerable_vuln_cve_cwe: 30/314 commits processed
2025-11-26 17:34:39,437 - job_vdisc_ft_database_1764191429 - INFO - Task is_vulnerable_vuln_cve_cwe: 40/314 commits processed
2025-11-26 17:35:55,812 - job_vdisc_ft_database_1764191429 - INFO - Task is_vulnerable_vuln_cve_cwe: 50/314 commits processed
2025-11-26 17:37:12,724 - job_vdisc_ft_database_1764191429 - INFO - Task is_vulnerable_vuln_cve_cwe: 60/314 commits processed
2025-11-26 17:38:29,543 - job_vdisc_ft_database_1764191429 - INFO - Task is_vulnerable_vuln_cve_cwe: 70/314 commits processed
2025-11-26 17:39:46,168 - job_vdisc_ft_database_1764191429 - INFO - Task is_vulnerable_vuln_cve_cwe: 80/314 commits processed
2025-11-26 17:41:02,800 - job_vdisc_ft_database_1764191429 - INFO - Task is_vulnerable_vuln_cve_cwe: 90/314 commits processed
2025-11-26 17:42:20,653 - job_vdisc_ft_database_1764191429 - INFO - Task is_vulnerable_vuln_cve_cwe: 100/314 commits processed
2025-11-26 17:43:37,598 - job_vdisc_ft_database_1764191429 - INFO - Task is_vulnerable_vuln_cve_cwe: 110/314 commits processed
2025-11-26 17:44:54,395 - job_vdisc_ft_database_1764191429 - INFO - Task is_vulnerable_vuln_cve_cwe: 120/314 commits processed
2025-11-26 17:46:11,029 - job_vdisc_ft_database_1764191429 - INFO - Task is_vulnerable_vuln_cve_cwe: 130/314 commits processed
2025-11-26 17:47:27,987 - job_vdisc_ft_database_1764191429 - INFO - Task is_vulnerable_vuln_cve_cwe: 140/314 commits processed
2025-11-26 17:48:44,684 - job_vdisc_ft_database_1764191429 - INFO - Task is_vulnerable_vuln_cve_cwe: 150/314 commits processed
2025-11-26 17:50:02,256 - job_vdisc_ft_database_1764191429 - INFO - Task is_vulnerable_vuln_cve_cwe: 160/314 commits processed
2025-11-26 17:51:20,157 - job_vdisc_ft_database_1764191429 - INFO - Task is_vulnerable_vuln_cve_cwe: 170/314 commits processed
2025-11-26 17:52:36,921 - job_vdisc_ft_database_1764191429 - INFO - Task is_vulnerable_vuln_cve_cwe: 180/314 commits processed
2025-11-26 17:53:53,790 - job_vdisc_ft_database_1764191429 - INFO - Task is_vulnerable_vuln_cve_cwe: 190/314 commits processed
2025-11-26 17:55:10,693 - job_vdisc_ft_database_1764191429 - INFO - Task is_vulnerable_vuln_cve_cwe: 200/314 commits processed
2025-11-26 17:56:27,427 - job_vdisc_ft_database_1764191429 - INFO - Task is_vulnerable_vuln_cve_cwe: 210/314 commits processed
2025-11-26 17:57:44,198 - job_vdisc_ft_database_1764191429 - INFO - Task is_vulnerable_vuln_cve_cwe: 220/314 commits processed
2025-11-26 17:59:01,459 - job_vdisc_ft_database_1764191429 - INFO - Task is_vulnerable_vuln_cve_cwe: 230/314 commits processed
2025-11-26 18:00:18,218 - job_vdisc_ft_database_1764191429 - INFO - Task is_vulnerable_vuln_cve_cwe: 240/314 commits processed
2025-11-26 18:01:34,807 - job_vdisc_ft_database_1764191429 - INFO - Task is_vulnerable_vuln_cve_cwe: 250/314 commits processed
2025-11-26 18:02:52,037 - job_vdisc_ft_database_1764191429 - INFO - Task is_vulnerable_vuln_cve_cwe: 260/314 commits processed
2025-11-26 18:04:08,690 - job_vdisc_ft_database_1764191429 - INFO - Task is_vulnerable_vuln_cve_cwe: 270/314 commits processed
2025-11-26 18:05:25,181 - job_vdisc_ft_database_1764191429 - INFO - Task is_vulnerable_vuln_cve_cwe: 280/314 commits processed
2025-11-26 18:06:41,978 - job_vdisc_ft_database_1764191429 - INFO - Task is_vulnerable_vuln_cve_cwe: 290/314 commits processed
2025-11-26 18:07:59,891 - job_vdisc_ft_database_1764191429 - INFO - Task is_vulnerable_vuln_cve_cwe: 300/314 commits processed
2025-11-26 18:09:16,546 - job_vdisc_ft_database_1764191429 - INFO - Task is_vulnerable_vuln_cve_cwe: 310/314 commits processed
2025-11-26 18:09:46,973 - job_vdisc_ft_database_1764191429 - INFO - Completed task: is_vulnerable_vuln_cve_cwe
2025-11-26 18:09:46,977 - job_vdisc_ft_database_1764191429 - INFO - Starting task: is_vulnerable_patch_cve_cwe
2025-11-26 18:11:03,368 - job_vdisc_ft_database_1764191429 - INFO - Task is_vulnerable_patch_cve_cwe: 10/314 commits processed
2025-11-26 18:12:20,157 - job_vdisc_ft_database_1764191429 - INFO - Task is_vulnerable_patch_cve_cwe: 20/314 commits processed
2025-11-26 18:13:36,623 - job_vdisc_ft_database_1764191429 - INFO - Task is_vulnerable_patch_cve_cwe: 30/314 commits processed
2025-11-26 18:14:49,536 - job_vdisc_ft_database_1764191429 - INFO - Task is_vulnerable_patch_cve_cwe: 40/314 commits processed
2025-11-26 18:16:07,416 - job_vdisc_ft_database_1764191429 - INFO - Task is_vulnerable_patch_cve_cwe: 50/314 commits processed
2025-11-26 18:17:23,959 - job_vdisc_ft_database_1764191429 - INFO - Task is_vulnerable_patch_cve_cwe: 60/314 commits processed
2025-11-26 18:18:40,549 - job_vdisc_ft_database_1764191429 - INFO - Task is_vulnerable_patch_cve_cwe: 70/314 commits processed
2025-11-26 18:19:56,788 - job_vdisc_ft_database_1764191429 - INFO - Task is_vulnerable_patch_cve_cwe: 80/314 commits processed
2025-11-26 18:21:13,162 - job_vdisc_ft_database_1764191429 - INFO - Task is_vulnerable_patch_cve_cwe: 90/314 commits processed
2025-11-26 18:22:29,813 - job_vdisc_ft_database_1764191429 - INFO - Task is_vulnerable_patch_cve_cwe: 100/314 commits processed
2025-11-26 18:23:46,499 - job_vdisc_ft_database_1764191429 - INFO - Task is_vulnerable_patch_cve_cwe: 110/314 commits processed
2025-11-26 18:25:03,133 - job_vdisc_ft_database_1764191429 - INFO - Task is_vulnerable_patch_cve_cwe: 120/314 commits processed
2025-11-26 18:26:19,645 - job_vdisc_ft_database_1764191429 - INFO - Task is_vulnerable_patch_cve_cwe: 130/314 commits processed
2025-11-26 18:27:35,947 - job_vdisc_ft_database_1764191429 - INFO - Task is_vulnerable_patch_cve_cwe: 140/314 commits processed
2025-11-26 18:28:52,527 - job_vdisc_ft_database_1764191429 - INFO - Task is_vulnerable_patch_cve_cwe: 150/314 commits processed
2025-11-26 18:30:09,114 - job_vdisc_ft_database_1764191429 - INFO - Task is_vulnerable_patch_cve_cwe: 160/314 commits processed
2025-11-26 18:31:28,642 - job_vdisc_ft_database_1764191429 - INFO - Task is_vulnerable_patch_cve_cwe: 170/314 commits processed
2025-11-26 18:32:45,309 - job_vdisc_ft_database_1764191429 - INFO - Task is_vulnerable_patch_cve_cwe: 180/314 commits processed
2025-11-26 18:34:01,925 - job_vdisc_ft_database_1764191429 - INFO - Task is_vulnerable_patch_cve_cwe: 190/314 commits processed
2025-11-26 18:35:18,687 - job_vdisc_ft_database_1764191429 - INFO - Task is_vulnerable_patch_cve_cwe: 200/314 commits processed
2025-11-26 18:36:32,949 - job_vdisc_ft_database_1764191429 - INFO - Task is_vulnerable_patch_cve_cwe: 210/314 commits processed
2025-11-26 18:37:49,016 - job_vdisc_ft_database_1764191429 - INFO - Task is_vulnerable_patch_cve_cwe: 220/314 commits processed
2025-11-26 18:39:05,557 - job_vdisc_ft_database_1764191429 - INFO - Task is_vulnerable_patch_cve_cwe: 230/314 commits processed
2025-11-26 18:40:22,107 - job_vdisc_ft_database_1764191429 - INFO - Task is_vulnerable_patch_cve_cwe: 240/314 commits processed
2025-11-26 18:41:38,644 - job_vdisc_ft_database_1764191429 - INFO - Task is_vulnerable_patch_cve_cwe: 250/314 commits processed
2025-11-26 18:42:56,185 - job_vdisc_ft_database_1764191429 - INFO - Task is_vulnerable_patch_cve_cwe: 260/314 commits processed
2025-11-26 18:44:12,959 - job_vdisc_ft_database_1764191429 - INFO - Task is_vulnerable_patch_cve_cwe: 270/314 commits processed
2025-11-26 18:45:29,293 - job_vdisc_ft_database_1764191429 - INFO - Task is_vulnerable_patch_cve_cwe: 280/314 commits processed
2025-11-26 18:46:46,053 - job_vdisc_ft_database_1764191429 - INFO - Task is_vulnerable_patch_cve_cwe: 290/314 commits processed
2025-11-26 18:48:03,055 - job_vdisc_ft_database_1764191429 - INFO - Task is_vulnerable_patch_cve_cwe: 300/314 commits processed
2025-11-26 18:49:19,540 - job_vdisc_ft_database_1764191429 - INFO - Task is_vulnerable_patch_cve_cwe: 310/314 commits processed
2025-11-26 18:49:50,089 - job_vdisc_ft_database_1764191429 - INFO - Completed task: is_vulnerable_patch_cve_cwe
2025-11-26 18:49:50,094 - job_vdisc_ft_database_1764191429 - INFO - Starting task: suggest_fix
2025-11-26 18:51:06,738 - job_vdisc_ft_database_1764191429 - INFO - Task suggest_fix: 10/314 commits processed
2025-11-26 18:52:23,458 - job_vdisc_ft_database_1764191429 - INFO - Task suggest_fix: 20/314 commits processed
2025-11-26 18:53:40,223 - job_vdisc_ft_database_1764191429 - INFO - Task suggest_fix: 30/314 commits processed
2025-11-26 18:54:56,764 - job_vdisc_ft_database_1764191429 - INFO - Task suggest_fix: 40/314 commits processed
2025-11-26 18:56:14,513 - job_vdisc_ft_database_1764191429 - INFO - Task suggest_fix: 50/314 commits processed
2025-11-26 18:57:31,337 - job_vdisc_ft_database_1764191429 - INFO - Task suggest_fix: 60/314 commits processed
2025-11-26 18:58:47,865 - job_vdisc_ft_database_1764191429 - INFO - Task suggest_fix: 70/314 commits processed
2025-11-26 19:00:04,476 - job_vdisc_ft_database_1764191429 - INFO - Task suggest_fix: 80/314 commits processed
2025-11-26 19:01:20,900 - job_vdisc_ft_database_1764191429 - INFO - Task suggest_fix: 90/314 commits processed
2025-11-26 19:02:37,674 - job_vdisc_ft_database_1764191429 - INFO - Task suggest_fix: 100/314 commits processed
2025-11-26 19:03:54,887 - job_vdisc_ft_database_1764191429 - INFO - Task suggest_fix: 110/314 commits processed
2025-11-26 19:05:11,504 - job_vdisc_ft_database_1764191429 - INFO - Task suggest_fix: 120/314 commits processed
2025-11-26 19:06:28,165 - job_vdisc_ft_database_1764191429 - INFO - Task suggest_fix: 130/314 commits processed
2025-11-26 19:07:45,366 - job_vdisc_ft_database_1764191429 - INFO - Task suggest_fix: 140/314 commits processed
2025-11-26 19:09:01,880 - job_vdisc_ft_database_1764191429 - INFO - Task suggest_fix: 150/314 commits processed
2025-11-26 19:10:18,631 - job_vdisc_ft_database_1764191429 - INFO - Task suggest_fix: 160/314 commits processed
2025-11-26 19:11:35,411 - job_vdisc_ft_database_1764191429 - INFO - Task suggest_fix: 170/314 commits processed
2025-11-26 19:12:52,816 - job_vdisc_ft_database_1764191429 - INFO - Task suggest_fix: 180/314 commits processed
2025-11-26 19:14:09,455 - job_vdisc_ft_database_1764191429 - INFO - Task suggest_fix: 190/314 commits processed
2025-11-26 19:15:26,580 - job_vdisc_ft_database_1764191429 - INFO - Task suggest_fix: 200/314 commits processed
2025-11-26 19:16:42,862 - job_vdisc_ft_database_1764191429 - INFO - Task suggest_fix: 210/314 commits processed
2025-11-26 19:17:59,641 - job_vdisc_ft_database_1764191429 - INFO - Task suggest_fix: 220/314 commits processed
2025-11-26 19:19:16,391 - job_vdisc_ft_database_1764191429 - INFO - Task suggest_fix: 230/314 commits processed
2025-11-26 19:20:33,337 - job_vdisc_ft_database_1764191429 - INFO - Task suggest_fix: 240/314 commits processed
2025-11-26 19:21:50,074 - job_vdisc_ft_database_1764191429 - INFO - Task suggest_fix: 250/314 commits processed
2025-11-26 19:23:06,546 - job_vdisc_ft_database_1764191429 - INFO - Task suggest_fix: 260/314 commits processed
2025-11-26 19:24:23,662 - job_vdisc_ft_database_1764191429 - INFO - Task suggest_fix: 270/314 commits processed
2025-11-26 19:25:40,076 - job_vdisc_ft_database_1764191429 - INFO - Task suggest_fix: 280/314 commits processed
2025-11-26 19:26:56,571 - job_vdisc_ft_database_1764191429 - INFO - Task suggest_fix: 290/314 commits processed
2025-11-26 19:28:13,236 - job_vdisc_ft_database_1764191429 - INFO - Task suggest_fix: 300/314 commits processed
2025-11-26 19:29:29,685 - job_vdisc_ft_database_1764191429 - INFO - Task suggest_fix: 310/314 commits processed
2025-11-26 19:30:00,150 - job_vdisc_ft_database_1764191429 - INFO - Completed task: suggest_fix
2025-11-26 19:30:00,154 - job_vdisc_ft_database_1764191429 - INFO - Starting task: suggest_fix_fewshot
2025-11-26 19:31:16,897 - job_vdisc_ft_database_1764191429 - INFO - Task suggest_fix_fewshot: 10/314 commits processed
2025-11-26 19:32:33,662 - job_vdisc_ft_database_1764191429 - INFO - Task suggest_fix_fewshot: 20/314 commits processed
2025-11-26 19:33:50,474 - job_vdisc_ft_database_1764191429 - INFO - Task suggest_fix_fewshot: 30/314 commits processed
2025-11-26 19:35:07,586 - job_vdisc_ft_database_1764191429 - INFO - Task suggest_fix_fewshot: 40/314 commits processed
2025-11-26 19:36:24,173 - job_vdisc_ft_database_1764191429 - INFO - Task suggest_fix_fewshot: 50/314 commits processed
2025-11-26 19:37:41,329 - job_vdisc_ft_database_1764191429 - INFO - Task suggest_fix_fewshot: 60/314 commits processed
2025-11-26 19:38:58,104 - job_vdisc_ft_database_1764191429 - INFO - Task suggest_fix_fewshot: 70/314 commits processed
2025-11-26 19:40:14,759 - job_vdisc_ft_database_1764191429 - INFO - Task suggest_fix_fewshot: 80/314 commits processed
2025-11-26 19:41:32,989 - job_vdisc_ft_database_1764191429 - INFO - Task suggest_fix_fewshot: 90/314 commits processed
2025-11-26 19:42:49,727 - job_vdisc_ft_database_1764191429 - INFO - Task suggest_fix_fewshot: 100/314 commits processed
2025-11-26 19:44:06,857 - job_vdisc_ft_database_1764191429 - INFO - Task suggest_fix_fewshot: 110/314 commits processed
2025-11-26 19:45:24,278 - job_vdisc_ft_database_1764191429 - INFO - Task suggest_fix_fewshot: 120/314 commits processed
2025-11-26 19:46:40,981 - job_vdisc_ft_database_1764191429 - INFO - Task suggest_fix_fewshot: 130/314 commits processed
2025-11-26 19:47:57,804 - job_vdisc_ft_database_1764191429 - INFO - Task suggest_fix_fewshot: 140/314 commits processed
2025-11-26 19:49:14,857 - job_vdisc_ft_database_1764191429 - INFO - Task suggest_fix_fewshot: 150/314 commits processed
2025-11-26 19:50:31,709 - job_vdisc_ft_database_1764191429 - INFO - Task suggest_fix_fewshot: 160/314 commits processed
2025-11-26 19:51:48,561 - job_vdisc_ft_database_1764191429 - INFO - Task suggest_fix_fewshot: 170/314 commits processed
2025-11-26 19:53:05,329 - job_vdisc_ft_database_1764191429 - INFO - Task suggest_fix_fewshot: 180/314 commits processed
2025-11-26 19:54:22,604 - job_vdisc_ft_database_1764191429 - INFO - Task suggest_fix_fewshot: 190/314 commits processed
2025-11-26 19:55:39,413 - job_vdisc_ft_database_1764191429 - INFO - Task suggest_fix_fewshot: 200/314 commits processed
2025-11-26 19:56:56,068 - job_vdisc_ft_database_1764191429 - INFO - Task suggest_fix_fewshot: 210/314 commits processed
2025-11-26 19:58:12,891 - job_vdisc_ft_database_1764191429 - INFO - Task suggest_fix_fewshot: 220/314 commits processed
2025-11-26 19:59:29,674 - job_vdisc_ft_database_1764191429 - INFO - Task suggest_fix_fewshot: 230/314 commits processed
2025-11-26 20:00:46,570 - job_vdisc_ft_database_1764191429 - INFO - Task suggest_fix_fewshot: 240/314 commits processed
2025-11-26 20:02:05,953 - job_vdisc_ft_database_1764191429 - INFO - Task suggest_fix_fewshot: 250/314 commits processed
2025-11-26 20:03:22,966 - job_vdisc_ft_database_1764191429 - INFO - Task suggest_fix_fewshot: 260/314 commits processed
2025-11-26 20:04:39,631 - job_vdisc_ft_database_1764191429 - INFO - Task suggest_fix_fewshot: 270/314 commits processed
2025-11-26 20:05:56,257 - job_vdisc_ft_database_1764191429 - INFO - Task suggest_fix_fewshot: 280/314 commits processed
2025-11-26 20:07:13,122 - job_vdisc_ft_database_1764191429 - INFO - Task suggest_fix_fewshot: 290/314 commits processed
2025-11-26 20:08:30,190 - job_vdisc_ft_database_1764191429 - INFO - Task suggest_fix_fewshot: 300/314 commits processed
2025-11-26 20:09:47,184 - job_vdisc_ft_database_1764191429 - INFO - Task suggest_fix_fewshot: 310/314 commits processed
2025-11-26 20:10:19,074 - job_vdisc_ft_database_1764191429 - INFO - Completed task: suggest_fix_fewshot
2025-11-26 20:10:19,079 - job_vdisc_ft_database_1764191429 - INFO - Starting task: rank_cwe
2025-11-26 20:11:35,945 - job_vdisc_ft_database_1764191429 - INFO - Task rank_cwe: 10/314 commits processed
2025-11-26 20:12:52,794 - job_vdisc_ft_database_1764191429 - INFO - Task rank_cwe: 20/314 commits processed
2025-11-26 20:14:09,393 - job_vdisc_ft_database_1764191429 - INFO - Task rank_cwe: 30/314 commits processed
2025-11-26 20:15:26,404 - job_vdisc_ft_database_1764191429 - INFO - Task rank_cwe: 40/314 commits processed
2025-11-26 20:16:42,859 - job_vdisc_ft_database_1764191429 - INFO - Task rank_cwe: 50/314 commits processed
Could not extract any CWE identifiers from: pid);
		return_error = BR_FAILED_TRANSACTION;
		return_error_param = -ENOMEM;
		return_error_line = 
No CWEs extracted, storing empty list for commit 4df153652cc46545722879415937582028c18af5: pid);
		return_error = BR_FAILED_TRANSACTION;
		return_error_param = -ENOMEM;
		return_error_line = 
2025-11-26 20:17:59,875 - job_vdisc_ft_database_1764191429 - INFO - Task rank_cwe: 60/314 commits processed
2025-11-26 20:19:17,786 - job_vdisc_ft_database_1764191429 - INFO - Task rank_cwe: 70/314 commits processed
2025-11-26 20:20:33,979 - job_vdisc_ft_database_1764191429 - INFO - Task rank_cwe: 80/314 commits processed
2025-11-26 20:21:50,903 - job_vdisc_ft_database_1764191429 - INFO - Task rank_cwe: 90/314 commits processed
Could not extract any CWE identifiers from: _valid = le64_to_cpu(attr->nres.valid_size);
		if (!attr->nres.alloc_size)
			goto next_attr;

		run
No CWEs extracted, storing empty list for commit 98bea253aa28ad8be2ce565a9ca21beb4a9419e5: _valid = le64_to_cpu(attr->nres.valid_size);
		if (!attr->nres.alloc_size)
			goto next_attr;

		run
2025-11-26 20:23:07,526 - job_vdisc_ft_database_1764191429 - INFO - Task rank_cwe: 100/314 commits processed
2025-11-26 20:24:24,226 - job_vdisc_ft_database_1764191429 - INFO - Task rank_cwe: 110/314 commits processed
2025-11-26 20:25:40,928 - job_vdisc_ft_database_1764191429 - INFO - Task rank_cwe: 120/314 commits processed
2025-11-26 20:26:58,961 - job_vdisc_ft_database_1764191429 - INFO - Task rank_cwe: 130/314 commits processed
2025-11-26 20:28:15,511 - job_vdisc_ft_database_1764191429 - INFO - Task rank_cwe: 140/314 commits processed
2025-11-26 20:29:32,292 - job_vdisc_ft_database_1764191429 - INFO - Task rank_cwe: 150/314 commits processed
Could not extract any CWE identifiers from: _LD | BPF_W | BPF_ABS:
		case BPF_LD | BPF_W | BPF_ABS | BPF_MSH:
		case BPF_LD | BPF_W | BPF_ABS | 
No CWEs extracted, storing empty list for commit f5e81d1117501546b7be050c5fbafa6efd2c722c: _LD | BPF_W | BPF_ABS:
		case BPF_LD | BPF_W | BPF_ABS | BPF_MSH:
		case BPF_LD | BPF_W | BPF_ABS | 
2025-11-26 20:30:49,693 - job_vdisc_ft_database_1764191429 - INFO - Task rank_cwe: 160/314 commits processed
Could not extract any CWE identifiers from: entry_ops;

	// Mount the root directory
	root_dentry = ovl_root_dentry(ufs);
	if (!root_dentry) {
	
No CWEs extracted, storing empty list for commit e9f57ebcba563e0cd532926cab83c92bb4d79360: entry_ops;

	// Mount the root directory
	root_dentry = ovl_root_dentry(ufs);
	if (!root_dentry) {
	
Could not extract any CWE identifiers from:  "R%d pointer arithmetic with %s prohibited\n",
			dst, reg_type_str[ptr_reg->type]);
		return -EACC
No CWEs extracted, storing empty list for commit 979d63d50c0c0f7bc537bf821e056cc9fe5abd38:  "R%d pointer arithmetic with %s prohibited\n",
			dst, reg_type_str[ptr_reg->type]);
		return -EACC
2025-11-26 20:32:06,445 - job_vdisc_ft_database_1764191429 - INFO - Task rank_cwe: 170/314 commits processed
2025-11-26 20:33:22,902 - job_vdisc_ft_database_1764191429 - INFO - Task rank_cwe: 180/314 commits processed
2025-11-26 20:34:41,283 - job_vdisc_ft_database_1764191429 - INFO - Task rank_cwe: 190/314 commits processed
Could not extract any CWE identifiers from: , endptr - ptr);
                        break;

                case L2CAP_CONF_QOS:
              
No CWEs extracted, storing empty list for commit af3d5d1c87664a4f150fcf3534c6567cb19909b0: , endptr - ptr);
                        break;

                case L2CAP_CONF_QOS:
              
2025-11-26 20:35:58,537 - job_vdisc_ft_database_1764191429 - INFO - Task rank_cwe: 200/314 commits processed
2025-11-26 20:37:14,970 - job_vdisc_ft_database_1764191429 - INFO - Task rank_cwe: 210/314 commits processed
2025-11-26 20:38:31,766 - job_vdisc_ft_database_1764191429 - INFO - Task rank_cwe: 220/314 commits processed
2025-11-26 20:39:48,232 - job_vdisc_ft_database_1764191429 - INFO - Task rank_cwe: 230/314 commits processed
2025-11-26 20:41:04,870 - job_vdisc_ft_database_1764191429 - INFO - Task rank_cwe: 240/314 commits processed
Could not extract any CWE identifiers from: imm == BPF_FUNC_map_lookup_elem_64)) {
			// map_lookup_elem is not allowed in JIT
			// so we need 
No CWEs extracted, storing empty list for commit 9b00f1b78809309163dda2d044d9e94a3c0248a3: imm == BPF_FUNC_map_lookup_elem_64)) {
			// map_lookup_elem is not allowed in JIT
			// so we need 
Could not extract any CWE identifiers from:  ip->i_no_formal_ino != no_formal_ino) {
		error = -ESTALE;
		goto fail;
	}

	if (error)
		goto fail
No CWEs extracted, storing empty list for commit 34816d20f173a90389c8a7e641166d8ea9dce70a:  ip->i_no_formal_ino != no_formal_ino) {
		error = -ESTALE;
		goto fail;
	}

	if (error)
		goto fail
2025-11-26 20:42:21,158 - job_vdisc_ft_database_1764191429 - INFO - Task rank_cwe: 250/314 commits processed
2025-11-26 20:43:39,032 - job_vdisc_ft_database_1764191429 - INFO - Task rank_cwe: 260/314 commits processed
Could not extract any CWE identifiers from: (sizeof(*new_root_item), GFP_NOFS);
	if (!new_root_item) {
		ret = pending->error = -ENOMEM;
		goto 
No CWEs extracted, storing empty list for commit 9c52057c698fb96f8f07e7a4bcf4801a092bda89: (sizeof(*new_root_item), GFP_NOFS);
	if (!new_root_item) {
		ret = pending->error = -ENOMEM;
		goto 
2025-11-26 20:44:58,340 - job_vdisc_ft_database_1764191429 - INFO - Task rank_cwe: 270/314 commits processed
2025-11-26 20:46:14,543 - job_vdisc_ft_database_1764191429 - INFO - Task rank_cwe: 280/314 commits processed
2025-11-26 20:47:31,299 - job_vdisc_ft_database_1764191429 - INFO - Task rank_cwe: 290/314 commits processed
2025-11-26 20:48:48,163 - job_vdisc_ft_database_1764191429 - INFO - Task rank_cwe: 300/314 commits processed
2025-11-26 20:50:04,748 - job_vdisc_ft_database_1764191429 - INFO - Task rank_cwe: 310/314 commits processed
2025-11-26 20:50:35,362 - job_vdisc_ft_database_1764191429 - INFO - Completed task: rank_cwe
2025-11-26 20:50:35,366 - job_vdisc_ft_database_1764191429 - INFO - Job completed successfully
Loading checkpoint shards:   0%|          | 0/3 [00:00<?, ?it/s]Loading checkpoint shards:  33%|███▎      | 1/3 [00:00<00:00,  3.70it/s]Loading checkpoint shards:  67%|██████▋   | 2/3 [00:00<00:00,  3.62it/s]Loading checkpoint shards: 100%|██████████| 3/3 [00:00<00:00,  5.35it/s]
Loading checkpoint shards:   0%|          | 0/3 [00:00<?, ?it/s]Loading checkpoint shards:  33%|███▎      | 1/3 [00:00<00:00,  3.81it/s]Loading checkpoint shards:  67%|██████▋   | 2/3 [00:00<00:00,  3.61it/s]Loading checkpoint shards: 100%|██████████| 3/3 [00:00<00:00,  5.38it/s]
2025-11-26 20:50:41,466 - job_vdisc_ft_database_leakagefree_1764208239 - INFO - Starting task: is_vulnerable_vuln
2025-11-26 20:51:53,495 - job_vdisc_ft_database_leakagefree_1764208239 - INFO - Task is_vulnerable_vuln: 10/103 commits processed
2025-11-26 20:53:09,751 - job_vdisc_ft_database_leakagefree_1764208239 - INFO - Task is_vulnerable_vuln: 20/103 commits processed
2025-11-26 20:54:26,394 - job_vdisc_ft_database_leakagefree_1764208239 - INFO - Task is_vulnerable_vuln: 30/103 commits processed
2025-11-26 20:55:42,874 - job_vdisc_ft_database_leakagefree_1764208239 - INFO - Task is_vulnerable_vuln: 40/103 commits processed
2025-11-26 20:56:59,635 - job_vdisc_ft_database_leakagefree_1764208239 - INFO - Task is_vulnerable_vuln: 50/103 commits processed
2025-11-26 20:58:16,102 - job_vdisc_ft_database_leakagefree_1764208239 - INFO - Task is_vulnerable_vuln: 60/103 commits processed
2025-11-26 20:59:33,231 - job_vdisc_ft_database_leakagefree_1764208239 - INFO - Task is_vulnerable_vuln: 70/103 commits processed
2025-11-26 21:00:49,512 - job_vdisc_ft_database_leakagefree_1764208239 - INFO - Task is_vulnerable_vuln: 80/103 commits processed
2025-11-26 21:02:06,039 - job_vdisc_ft_database_leakagefree_1764208239 - INFO - Task is_vulnerable_vuln: 90/103 commits processed
2025-11-26 21:03:24,107 - job_vdisc_ft_database_leakagefree_1764208239 - INFO - Task is_vulnerable_vuln: 100/103 commits processed
2025-11-26 21:03:47,036 - job_vdisc_ft_database_leakagefree_1764208239 - INFO - Completed task: is_vulnerable_vuln
2025-11-26 21:03:47,038 - job_vdisc_ft_database_leakagefree_1764208239 - INFO - Starting task: is_vulnerable_patch
2025-11-26 21:05:03,468 - job_vdisc_ft_database_leakagefree_1764208239 - INFO - Task is_vulnerable_patch: 10/103 commits processed
2025-11-26 21:06:19,942 - job_vdisc_ft_database_leakagefree_1764208239 - INFO - Task is_vulnerable_patch: 20/103 commits processed
2025-11-26 21:07:36,795 - job_vdisc_ft_database_leakagefree_1764208239 - INFO - Task is_vulnerable_patch: 30/103 commits processed
2025-11-26 21:08:53,040 - job_vdisc_ft_database_leakagefree_1764208239 - INFO - Task is_vulnerable_patch: 40/103 commits processed
2025-11-26 21:10:09,673 - job_vdisc_ft_database_leakagefree_1764208239 - INFO - Task is_vulnerable_patch: 50/103 commits processed
2025-11-26 21:11:25,930 - job_vdisc_ft_database_leakagefree_1764208239 - INFO - Task is_vulnerable_patch: 60/103 commits processed
2025-11-26 21:12:42,245 - job_vdisc_ft_database_leakagefree_1764208239 - INFO - Task is_vulnerable_patch: 70/103 commits processed
2025-11-26 21:13:58,625 - job_vdisc_ft_database_leakagefree_1764208239 - INFO - Task is_vulnerable_patch: 80/103 commits processed
2025-11-26 21:15:14,882 - job_vdisc_ft_database_leakagefree_1764208239 - INFO - Task is_vulnerable_patch: 90/103 commits processed
2025-11-26 21:16:33,092 - job_vdisc_ft_database_leakagefree_1764208239 - INFO - Task is_vulnerable_patch: 100/103 commits processed
2025-11-26 21:16:55,795 - job_vdisc_ft_database_leakagefree_1764208239 - INFO - Completed task: is_vulnerable_patch
2025-11-26 21:16:55,797 - job_vdisc_ft_database_leakagefree_1764208239 - INFO - Starting task: is_vulnerable_vuln_cve_cwe
2025-11-26 21:18:12,354 - job_vdisc_ft_database_leakagefree_1764208239 - INFO - Task is_vulnerable_vuln_cve_cwe: 10/103 commits processed
2025-11-26 21:19:28,718 - job_vdisc_ft_database_leakagefree_1764208239 - INFO - Task is_vulnerable_vuln_cve_cwe: 20/103 commits processed
2025-11-26 21:20:45,001 - job_vdisc_ft_database_leakagefree_1764208239 - INFO - Task is_vulnerable_vuln_cve_cwe: 30/103 commits processed
2025-11-26 21:22:01,367 - job_vdisc_ft_database_leakagefree_1764208239 - INFO - Task is_vulnerable_vuln_cve_cwe: 40/103 commits processed
2025-11-26 21:23:18,376 - job_vdisc_ft_database_leakagefree_1764208239 - INFO - Task is_vulnerable_vuln_cve_cwe: 50/103 commits processed
2025-11-26 21:24:36,020 - job_vdisc_ft_database_leakagefree_1764208239 - INFO - Task is_vulnerable_vuln_cve_cwe: 60/103 commits processed
2025-11-26 21:25:52,474 - job_vdisc_ft_database_leakagefree_1764208239 - INFO - Task is_vulnerable_vuln_cve_cwe: 70/103 commits processed
2025-11-26 21:27:08,685 - job_vdisc_ft_database_leakagefree_1764208239 - INFO - Task is_vulnerable_vuln_cve_cwe: 80/103 commits processed
2025-11-26 21:28:25,039 - job_vdisc_ft_database_leakagefree_1764208239 - INFO - Task is_vulnerable_vuln_cve_cwe: 90/103 commits processed
2025-11-26 21:29:41,660 - job_vdisc_ft_database_leakagefree_1764208239 - INFO - Task is_vulnerable_vuln_cve_cwe: 100/103 commits processed
2025-11-26 21:30:04,457 - job_vdisc_ft_database_leakagefree_1764208239 - INFO - Completed task: is_vulnerable_vuln_cve_cwe
2025-11-26 21:30:04,488 - job_vdisc_ft_database_leakagefree_1764208239 - INFO - Starting task: is_vulnerable_patch_cve_cwe
2025-11-26 21:31:20,853 - job_vdisc_ft_database_leakagefree_1764208239 - INFO - Task is_vulnerable_patch_cve_cwe: 10/103 commits processed
2025-11-26 21:32:37,911 - job_vdisc_ft_database_leakagefree_1764208239 - INFO - Task is_vulnerable_patch_cve_cwe: 20/103 commits processed
2025-11-26 21:33:54,188 - job_vdisc_ft_database_leakagefree_1764208239 - INFO - Task is_vulnerable_patch_cve_cwe: 30/103 commits processed
2025-11-26 21:35:10,575 - job_vdisc_ft_database_leakagefree_1764208239 - INFO - Task is_vulnerable_patch_cve_cwe: 40/103 commits processed
2025-11-26 21:36:27,259 - job_vdisc_ft_database_leakagefree_1764208239 - INFO - Task is_vulnerable_patch_cve_cwe: 50/103 commits processed
2025-11-26 21:37:43,686 - job_vdisc_ft_database_leakagefree_1764208239 - INFO - Task is_vulnerable_patch_cve_cwe: 60/103 commits processed
2025-11-26 21:39:00,274 - job_vdisc_ft_database_leakagefree_1764208239 - INFO - Task is_vulnerable_patch_cve_cwe: 70/103 commits processed
2025-11-26 21:40:16,928 - job_vdisc_ft_database_leakagefree_1764208239 - INFO - Task is_vulnerable_patch_cve_cwe: 80/103 commits processed
2025-11-26 21:41:33,354 - job_vdisc_ft_database_leakagefree_1764208239 - INFO - Task is_vulnerable_patch_cve_cwe: 90/103 commits processed
2025-11-26 21:42:49,672 - job_vdisc_ft_database_leakagefree_1764208239 - INFO - Task is_vulnerable_patch_cve_cwe: 100/103 commits processed
2025-11-26 21:43:12,492 - job_vdisc_ft_database_leakagefree_1764208239 - INFO - Completed task: is_vulnerable_patch_cve_cwe
2025-11-26 21:43:12,495 - job_vdisc_ft_database_leakagefree_1764208239 - INFO - Starting task: suggest_fix
2025-11-26 21:44:28,877 - job_vdisc_ft_database_leakagefree_1764208239 - INFO - Task suggest_fix: 10/103 commits processed
2025-11-26 21:45:45,316 - job_vdisc_ft_database_leakagefree_1764208239 - INFO - Task suggest_fix: 20/103 commits processed
2025-11-26 21:47:02,223 - job_vdisc_ft_database_leakagefree_1764208239 - INFO - Task suggest_fix: 30/103 commits processed
2025-11-26 21:48:18,740 - job_vdisc_ft_database_leakagefree_1764208239 - INFO - Task suggest_fix: 40/103 commits processed
2025-11-26 21:49:35,413 - job_vdisc_ft_database_leakagefree_1764208239 - INFO - Task suggest_fix: 50/103 commits processed
2025-11-26 21:50:51,904 - job_vdisc_ft_database_leakagefree_1764208239 - INFO - Task suggest_fix: 60/103 commits processed
2025-11-26 21:52:08,337 - job_vdisc_ft_database_leakagefree_1764208239 - INFO - Task suggest_fix: 70/103 commits processed
2025-11-26 21:53:24,947 - job_vdisc_ft_database_leakagefree_1764208239 - INFO - Task suggest_fix: 80/103 commits processed
2025-11-26 21:54:41,792 - job_vdisc_ft_database_leakagefree_1764208239 - INFO - Task suggest_fix: 90/103 commits processed
2025-11-26 21:55:58,658 - job_vdisc_ft_database_leakagefree_1764208239 - INFO - Task suggest_fix: 100/103 commits processed
2025-11-26 21:56:21,510 - job_vdisc_ft_database_leakagefree_1764208239 - INFO - Completed task: suggest_fix
2025-11-26 21:56:21,513 - job_vdisc_ft_database_leakagefree_1764208239 - INFO - Starting task: suggest_fix_fewshot
2025-11-26 21:57:38,416 - job_vdisc_ft_database_leakagefree_1764208239 - INFO - Task suggest_fix_fewshot: 10/103 commits processed
2025-11-26 21:58:55,267 - job_vdisc_ft_database_leakagefree_1764208239 - INFO - Task suggest_fix_fewshot: 20/103 commits processed
2025-11-26 22:00:12,143 - job_vdisc_ft_database_leakagefree_1764208239 - INFO - Task suggest_fix_fewshot: 30/103 commits processed
2025-11-26 22:01:28,982 - job_vdisc_ft_database_leakagefree_1764208239 - INFO - Task suggest_fix_fewshot: 40/103 commits processed
2025-11-26 22:02:46,192 - job_vdisc_ft_database_leakagefree_1764208239 - INFO - Task suggest_fix_fewshot: 50/103 commits processed
2025-11-26 22:04:03,181 - job_vdisc_ft_database_leakagefree_1764208239 - INFO - Task suggest_fix_fewshot: 60/103 commits processed
2025-11-26 22:05:19,976 - job_vdisc_ft_database_leakagefree_1764208239 - INFO - Task suggest_fix_fewshot: 70/103 commits processed
2025-11-26 22:06:36,607 - job_vdisc_ft_database_leakagefree_1764208239 - INFO - Task suggest_fix_fewshot: 80/103 commits processed
2025-11-26 22:07:53,388 - job_vdisc_ft_database_leakagefree_1764208239 - INFO - Task suggest_fix_fewshot: 90/103 commits processed
2025-11-26 22:09:10,498 - job_vdisc_ft_database_leakagefree_1764208239 - INFO - Task suggest_fix_fewshot: 100/103 commits processed
2025-11-26 22:09:33,573 - job_vdisc_ft_database_leakagefree_1764208239 - INFO - Completed task: suggest_fix_fewshot
2025-11-26 22:09:33,576 - job_vdisc_ft_database_leakagefree_1764208239 - INFO - Starting task: rank_cwe
2025-11-26 22:10:49,881 - job_vdisc_ft_database_leakagefree_1764208239 - INFO - Task rank_cwe: 10/103 commits processed
2025-11-26 22:12:06,182 - job_vdisc_ft_database_leakagefree_1764208239 - INFO - Task rank_cwe: 20/103 commits processed
2025-11-26 22:13:22,581 - job_vdisc_ft_database_leakagefree_1764208239 - INFO - Task rank_cwe: 30/103 commits processed
2025-11-26 22:14:39,297 - job_vdisc_ft_database_leakagefree_1764208239 - INFO - Task rank_cwe: 40/103 commits processed
Could not extract any CWE identifiers from: 	case Opt_smb2:
		ctx->smb2 = true;
		break;
	case Opt_smb3:
		ctx->smb3 = true;
		break;
	case Opt_
No CWEs extracted, storing empty list for commit 7489161b1852390b4413d57f2457cd40b34da6cc: 	case Opt_smb2:
		ctx->smb2 = true;
		break;
	case Opt_smb3:
		ctx->smb3 = true;
		break;
	case Opt_
2025-11-26 22:15:55,855 - job_vdisc_ft_database_leakagefree_1764208239 - INFO - Task rank_cwe: 50/103 commits processed
2025-11-26 22:17:12,565 - job_vdisc_ft_database_leakagefree_1764208239 - INFO - Task rank_cwe: 60/103 commits processed
2025-11-26 22:18:28,837 - job_vdisc_ft_database_leakagefree_1764208239 - INFO - Task rank_cwe: 70/103 commits processed
2025-11-26 22:19:45,195 - job_vdisc_ft_database_leakagefree_1764208239 - INFO - Task rank_cwe: 80/103 commits processed
2025-11-26 22:21:01,419 - job_vdisc_ft_database_leakagefree_1764208239 - INFO - Task rank_cwe: 90/103 commits processed
2025-11-26 22:22:17,835 - job_vdisc_ft_database_leakagefree_1764208239 - INFO - Task rank_cwe: 100/103 commits processed
2025-11-26 22:22:40,787 - job_vdisc_ft_database_leakagefree_1764208239 - INFO - Completed task: rank_cwe
2025-11-26 22:22:40,790 - job_vdisc_ft_database_leakagefree_1764208239 - INFO - Job completed successfully
Evaluation completed on both databases:
  database.sqlite: Job vdisc_ft_database_1764191429 - Status: completed
  database_leakagefree.sqlite: Job vdisc_ft_database_leakagefree_1764208239 - Status: completed
