`torch_dtype` is deprecated! Use `dtype` instead!
Starting evaluation with model: devign_ft
Running evaluation on both databases...
Loading checkpoint shards:   0%|          | 0/3 [00:00<?, ?it/s]Loading checkpoint shards:  33%|███▎      | 1/3 [00:00<00:01,  1.64it/s]Loading checkpoint shards:  67%|██████▋   | 2/3 [00:01<00:00,  1.61it/s]Loading checkpoint shards: 100%|██████████| 3/3 [00:01<00:00,  2.39it/s]
Loading checkpoint shards:   0%|          | 0/3 [00:00<?, ?it/s]Loading checkpoint shards:  33%|███▎      | 1/3 [00:00<00:01,  1.70it/s]Loading checkpoint shards:  67%|██████▋   | 2/3 [00:01<00:00,  1.65it/s]Loading checkpoint shards: 100%|██████████| 3/3 [00:01<00:00,  2.45it/s]
2025-11-24 15:25:24,049 - job_devign_ft_database_1764015920 - INFO - Starting task: is_vulnerable_vuln
The following generation flags are not valid and may be ignored: ['temperature', 'top_p', 'top_k']. Set `TRANSFORMERS_VERBOSITY=info` for more details.
2025-11-24 15:27:47,525 - job_devign_ft_database_1764015920 - INFO - Task is_vulnerable_vuln: 10/314 commits processed
2025-11-24 15:30:09,459 - job_devign_ft_database_1764015920 - INFO - Task is_vulnerable_vuln: 20/314 commits processed
2025-11-24 15:32:31,190 - job_devign_ft_database_1764015920 - INFO - Task is_vulnerable_vuln: 30/314 commits processed
2025-11-24 15:34:52,843 - job_devign_ft_database_1764015920 - INFO - Task is_vulnerable_vuln: 40/314 commits processed
2025-11-24 15:37:15,121 - job_devign_ft_database_1764015920 - INFO - Task is_vulnerable_vuln: 50/314 commits processed
2025-11-24 15:39:36,997 - job_devign_ft_database_1764015920 - INFO - Task is_vulnerable_vuln: 60/314 commits processed
2025-11-24 15:41:41,005 - job_devign_ft_database_1764015920 - INFO - Task is_vulnerable_vuln: 70/314 commits processed
2025-11-24 15:44:02,417 - job_devign_ft_database_1764015920 - INFO - Task is_vulnerable_vuln: 80/314 commits processed
2025-11-24 15:46:23,819 - job_devign_ft_database_1764015920 - INFO - Task is_vulnerable_vuln: 90/314 commits processed
2025-11-24 15:48:45,052 - job_devign_ft_database_1764015920 - INFO - Task is_vulnerable_vuln: 100/314 commits processed
2025-11-24 15:51:06,239 - job_devign_ft_database_1764015920 - INFO - Task is_vulnerable_vuln: 110/314 commits processed
2025-11-24 15:53:27,985 - job_devign_ft_database_1764015920 - INFO - Task is_vulnerable_vuln: 120/314 commits processed
2025-11-24 15:55:49,347 - job_devign_ft_database_1764015920 - INFO - Task is_vulnerable_vuln: 130/314 commits processed
2025-11-24 15:58:10,350 - job_devign_ft_database_1764015920 - INFO - Task is_vulnerable_vuln: 140/314 commits processed
2025-11-24 16:00:31,550 - job_devign_ft_database_1764015920 - INFO - Task is_vulnerable_vuln: 150/314 commits processed
2025-11-24 16:02:47,329 - job_devign_ft_database_1764015920 - INFO - Task is_vulnerable_vuln: 160/314 commits processed
2025-11-24 16:05:08,276 - job_devign_ft_database_1764015920 - INFO - Task is_vulnerable_vuln: 170/314 commits processed
2025-11-24 16:07:15,856 - job_devign_ft_database_1764015920 - INFO - Task is_vulnerable_vuln: 180/314 commits processed
2025-11-24 16:09:20,265 - job_devign_ft_database_1764015920 - INFO - Task is_vulnerable_vuln: 190/314 commits processed
2025-11-24 16:11:27,577 - job_devign_ft_database_1764015920 - INFO - Task is_vulnerable_vuln: 200/314 commits processed
2025-11-24 16:13:42,209 - job_devign_ft_database_1764015920 - INFO - Task is_vulnerable_vuln: 210/314 commits processed
2025-11-24 16:16:03,653 - job_devign_ft_database_1764015920 - INFO - Task is_vulnerable_vuln: 220/314 commits processed
2025-11-24 16:18:24,963 - job_devign_ft_database_1764015920 - INFO - Task is_vulnerable_vuln: 230/314 commits processed
2025-11-24 16:20:19,650 - job_devign_ft_database_1764015920 - INFO - Task is_vulnerable_vuln: 240/314 commits processed
2025-11-24 16:22:38,416 - job_devign_ft_database_1764015920 - INFO - Task is_vulnerable_vuln: 250/314 commits processed
2025-11-24 16:25:00,472 - job_devign_ft_database_1764015920 - INFO - Task is_vulnerable_vuln: 260/314 commits processed
2025-11-24 16:27:14,109 - job_devign_ft_database_1764015920 - INFO - Task is_vulnerable_vuln: 270/314 commits processed
2025-11-24 16:29:35,852 - job_devign_ft_database_1764015920 - INFO - Task is_vulnerable_vuln: 280/314 commits processed
2025-11-24 16:31:57,807 - job_devign_ft_database_1764015920 - INFO - Task is_vulnerable_vuln: 290/314 commits processed
2025-11-24 16:34:12,181 - job_devign_ft_database_1764015920 - INFO - Task is_vulnerable_vuln: 300/314 commits processed
2025-11-24 16:36:31,455 - job_devign_ft_database_1764015920 - INFO - Task is_vulnerable_vuln: 310/314 commits processed
2025-11-24 16:37:28,232 - job_devign_ft_database_1764015920 - INFO - Completed task: is_vulnerable_vuln
2025-11-24 16:37:28,236 - job_devign_ft_database_1764015920 - INFO - Starting task: is_vulnerable_patch
2025-11-24 16:39:49,385 - job_devign_ft_database_1764015920 - INFO - Task is_vulnerable_patch: 10/314 commits processed
2025-11-24 16:42:09,994 - job_devign_ft_database_1764015920 - INFO - Task is_vulnerable_patch: 20/314 commits processed
2025-11-24 16:44:32,434 - job_devign_ft_database_1764015920 - INFO - Task is_vulnerable_patch: 30/314 commits processed
2025-11-24 16:46:47,856 - job_devign_ft_database_1764015920 - INFO - Task is_vulnerable_patch: 40/314 commits processed
2025-11-24 16:49:09,403 - job_devign_ft_database_1764015920 - INFO - Task is_vulnerable_patch: 50/314 commits processed
2025-11-24 16:51:30,524 - job_devign_ft_database_1764015920 - INFO - Task is_vulnerable_patch: 60/314 commits processed
2025-11-24 16:53:37,942 - job_devign_ft_database_1764015920 - INFO - Task is_vulnerable_patch: 70/314 commits processed
2025-11-24 16:55:59,316 - job_devign_ft_database_1764015920 - INFO - Task is_vulnerable_patch: 80/314 commits processed
2025-11-24 16:58:20,387 - job_devign_ft_database_1764015920 - INFO - Task is_vulnerable_patch: 90/314 commits processed
2025-11-24 17:00:42,075 - job_devign_ft_database_1764015920 - INFO - Task is_vulnerable_patch: 100/314 commits processed
2025-11-24 17:03:03,227 - job_devign_ft_database_1764015920 - INFO - Task is_vulnerable_patch: 110/314 commits processed
2025-11-24 17:05:19,948 - job_devign_ft_database_1764015920 - INFO - Task is_vulnerable_patch: 120/314 commits processed
2025-11-24 17:07:40,962 - job_devign_ft_database_1764015920 - INFO - Task is_vulnerable_patch: 130/314 commits processed
2025-11-24 17:10:01,831 - job_devign_ft_database_1764015920 - INFO - Task is_vulnerable_patch: 140/314 commits processed
2025-11-24 17:12:23,687 - job_devign_ft_database_1764015920 - INFO - Task is_vulnerable_patch: 150/314 commits processed
2025-11-24 17:14:44,717 - job_devign_ft_database_1764015920 - INFO - Task is_vulnerable_patch: 160/314 commits processed
2025-11-24 17:17:06,184 - job_devign_ft_database_1764015920 - INFO - Task is_vulnerable_patch: 170/314 commits processed
2025-11-24 17:19:12,105 - job_devign_ft_database_1764015920 - INFO - Task is_vulnerable_patch: 180/314 commits processed
2025-11-24 17:21:17,067 - job_devign_ft_database_1764015920 - INFO - Task is_vulnerable_patch: 190/314 commits processed
2025-11-24 17:23:23,100 - job_devign_ft_database_1764015920 - INFO - Task is_vulnerable_patch: 200/314 commits processed
2025-11-24 17:25:41,838 - job_devign_ft_database_1764015920 - INFO - Task is_vulnerable_patch: 210/314 commits processed
2025-11-24 17:28:01,423 - job_devign_ft_database_1764015920 - INFO - Task is_vulnerable_patch: 220/314 commits processed
2025-11-24 17:30:20,927 - job_devign_ft_database_1764015920 - INFO - Task is_vulnerable_patch: 230/314 commits processed
2025-11-24 17:32:08,981 - job_devign_ft_database_1764015920 - INFO - Task is_vulnerable_patch: 240/314 commits processed
2025-11-24 17:34:24,442 - job_devign_ft_database_1764015920 - INFO - Task is_vulnerable_patch: 250/314 commits processed
2025-11-24 17:36:43,894 - job_devign_ft_database_1764015920 - INFO - Task is_vulnerable_patch: 260/314 commits processed
2025-11-24 17:39:03,336 - job_devign_ft_database_1764015920 - INFO - Task is_vulnerable_patch: 270/314 commits processed
2025-11-24 17:41:23,710 - job_devign_ft_database_1764015920 - INFO - Task is_vulnerable_patch: 280/314 commits processed
2025-11-24 17:43:42,825 - job_devign_ft_database_1764015920 - INFO - Task is_vulnerable_patch: 290/314 commits processed
2025-11-24 17:46:02,279 - job_devign_ft_database_1764015920 - INFO - Task is_vulnerable_patch: 300/314 commits processed
2025-11-24 17:48:12,953 - job_devign_ft_database_1764015920 - INFO - Task is_vulnerable_patch: 310/314 commits processed
2025-11-24 17:49:08,350 - job_devign_ft_database_1764015920 - INFO - Completed task: is_vulnerable_patch
2025-11-24 17:49:08,355 - job_devign_ft_database_1764015920 - INFO - Starting task: is_vulnerable_vuln_cve_cwe
2025-11-24 17:51:27,754 - job_devign_ft_database_1764015920 - INFO - Task is_vulnerable_vuln_cve_cwe: 10/314 commits processed
2025-11-24 17:53:41,058 - job_devign_ft_database_1764015920 - INFO - Task is_vulnerable_vuln_cve_cwe: 20/314 commits processed
2025-11-24 17:56:00,673 - job_devign_ft_database_1764015920 - INFO - Task is_vulnerable_vuln_cve_cwe: 30/314 commits processed
2025-11-24 17:58:20,652 - job_devign_ft_database_1764015920 - INFO - Task is_vulnerable_vuln_cve_cwe: 40/314 commits processed
2025-11-24 18:00:39,498 - job_devign_ft_database_1764015920 - INFO - Task is_vulnerable_vuln_cve_cwe: 50/314 commits processed
2025-11-24 18:02:59,164 - job_devign_ft_database_1764015920 - INFO - Task is_vulnerable_vuln_cve_cwe: 60/314 commits processed
2025-11-24 18:05:19,033 - job_devign_ft_database_1764015920 - INFO - Task is_vulnerable_vuln_cve_cwe: 70/314 commits processed
2025-11-24 18:07:38,337 - job_devign_ft_database_1764015920 - INFO - Task is_vulnerable_vuln_cve_cwe: 80/314 commits processed
2025-11-24 18:09:57,866 - job_devign_ft_database_1764015920 - INFO - Task is_vulnerable_vuln_cve_cwe: 90/314 commits processed
2025-11-24 18:12:16,902 - job_devign_ft_database_1764015920 - INFO - Task is_vulnerable_vuln_cve_cwe: 100/314 commits processed
2025-11-24 18:14:36,601 - job_devign_ft_database_1764015920 - INFO - Task is_vulnerable_vuln_cve_cwe: 110/314 commits processed
2025-11-24 18:16:55,967 - job_devign_ft_database_1764015920 - INFO - Task is_vulnerable_vuln_cve_cwe: 120/314 commits processed
2025-11-24 18:19:16,149 - job_devign_ft_database_1764015920 - INFO - Task is_vulnerable_vuln_cve_cwe: 130/314 commits processed
2025-11-24 18:21:35,757 - job_devign_ft_database_1764015920 - INFO - Task is_vulnerable_vuln_cve_cwe: 140/314 commits processed
2025-11-24 18:23:54,988 - job_devign_ft_database_1764015920 - INFO - Task is_vulnerable_vuln_cve_cwe: 150/314 commits processed
2025-11-24 18:26:14,891 - job_devign_ft_database_1764015920 - INFO - Task is_vulnerable_vuln_cve_cwe: 160/314 commits processed
2025-11-24 18:28:35,267 - job_devign_ft_database_1764015920 - INFO - Task is_vulnerable_vuln_cve_cwe: 170/314 commits processed
2025-11-24 18:30:54,992 - job_devign_ft_database_1764015920 - INFO - Task is_vulnerable_vuln_cve_cwe: 180/314 commits processed
2025-11-24 18:33:15,053 - job_devign_ft_database_1764015920 - INFO - Task is_vulnerable_vuln_cve_cwe: 190/314 commits processed
2025-11-24 18:35:34,878 - job_devign_ft_database_1764015920 - INFO - Task is_vulnerable_vuln_cve_cwe: 200/314 commits processed
2025-11-24 18:37:54,126 - job_devign_ft_database_1764015920 - INFO - Task is_vulnerable_vuln_cve_cwe: 210/314 commits processed
2025-11-24 18:40:13,577 - job_devign_ft_database_1764015920 - INFO - Task is_vulnerable_vuln_cve_cwe: 220/314 commits processed
2025-11-24 18:42:33,025 - job_devign_ft_database_1764015920 - INFO - Task is_vulnerable_vuln_cve_cwe: 230/314 commits processed
2025-11-24 18:44:53,785 - job_devign_ft_database_1764015920 - INFO - Task is_vulnerable_vuln_cve_cwe: 240/314 commits processed
2025-11-24 18:47:13,095 - job_devign_ft_database_1764015920 - INFO - Task is_vulnerable_vuln_cve_cwe: 250/314 commits processed
2025-11-24 18:49:32,975 - job_devign_ft_database_1764015920 - INFO - Task is_vulnerable_vuln_cve_cwe: 260/314 commits processed
2025-11-24 18:51:52,165 - job_devign_ft_database_1764015920 - INFO - Task is_vulnerable_vuln_cve_cwe: 270/314 commits processed
2025-11-24 18:54:11,101 - job_devign_ft_database_1764015920 - INFO - Task is_vulnerable_vuln_cve_cwe: 280/314 commits processed
2025-11-24 18:56:30,412 - job_devign_ft_database_1764015920 - INFO - Task is_vulnerable_vuln_cve_cwe: 290/314 commits processed
2025-11-24 18:58:50,742 - job_devign_ft_database_1764015920 - INFO - Task is_vulnerable_vuln_cve_cwe: 300/314 commits processed
2025-11-24 19:01:10,239 - job_devign_ft_database_1764015920 - INFO - Task is_vulnerable_vuln_cve_cwe: 310/314 commits processed
2025-11-24 19:02:05,899 - job_devign_ft_database_1764015920 - INFO - Completed task: is_vulnerable_vuln_cve_cwe
2025-11-24 19:02:05,903 - job_devign_ft_database_1764015920 - INFO - Starting task: is_vulnerable_patch_cve_cwe
2025-11-24 19:04:19,838 - job_devign_ft_database_1764015920 - INFO - Task is_vulnerable_patch_cve_cwe: 10/314 commits processed
2025-11-24 19:06:37,196 - job_devign_ft_database_1764015920 - INFO - Task is_vulnerable_patch_cve_cwe: 20/314 commits processed
2025-11-24 19:08:56,428 - job_devign_ft_database_1764015920 - INFO - Task is_vulnerable_patch_cve_cwe: 30/314 commits processed
2025-11-24 19:11:15,626 - job_devign_ft_database_1764015920 - INFO - Task is_vulnerable_patch_cve_cwe: 40/314 commits processed
2025-11-24 19:13:37,600 - job_devign_ft_database_1764015920 - INFO - Task is_vulnerable_patch_cve_cwe: 50/314 commits processed
2025-11-24 19:15:56,673 - job_devign_ft_database_1764015920 - INFO - Task is_vulnerable_patch_cve_cwe: 60/314 commits processed
2025-11-24 19:18:15,992 - job_devign_ft_database_1764015920 - INFO - Task is_vulnerable_patch_cve_cwe: 70/314 commits processed
2025-11-24 19:20:34,781 - job_devign_ft_database_1764015920 - INFO - Task is_vulnerable_patch_cve_cwe: 80/314 commits processed
2025-11-24 19:22:55,977 - job_devign_ft_database_1764015920 - INFO - Task is_vulnerable_patch_cve_cwe: 90/314 commits processed
2025-11-24 19:25:15,320 - job_devign_ft_database_1764015920 - INFO - Task is_vulnerable_patch_cve_cwe: 100/314 commits processed
2025-11-24 19:27:34,386 - job_devign_ft_database_1764015920 - INFO - Task is_vulnerable_patch_cve_cwe: 110/314 commits processed
2025-11-24 19:29:53,483 - job_devign_ft_database_1764015920 - INFO - Task is_vulnerable_patch_cve_cwe: 120/314 commits processed
2025-11-24 19:32:12,221 - job_devign_ft_database_1764015920 - INFO - Task is_vulnerable_patch_cve_cwe: 130/314 commits processed
2025-11-24 19:34:24,133 - job_devign_ft_database_1764015920 - INFO - Task is_vulnerable_patch_cve_cwe: 140/314 commits processed
2025-11-24 19:36:43,212 - job_devign_ft_database_1764015920 - INFO - Task is_vulnerable_patch_cve_cwe: 150/314 commits processed
2025-11-24 19:39:02,238 - job_devign_ft_database_1764015920 - INFO - Task is_vulnerable_patch_cve_cwe: 160/314 commits processed
2025-11-24 19:41:21,881 - job_devign_ft_database_1764015920 - INFO - Task is_vulnerable_patch_cve_cwe: 170/314 commits processed
2025-11-24 19:43:40,981 - job_devign_ft_database_1764015920 - INFO - Task is_vulnerable_patch_cve_cwe: 180/314 commits processed
2025-11-24 19:46:03,150 - job_devign_ft_database_1764015920 - INFO - Task is_vulnerable_patch_cve_cwe: 190/314 commits processed
2025-11-24 19:48:22,859 - job_devign_ft_database_1764015920 - INFO - Task is_vulnerable_patch_cve_cwe: 200/314 commits processed
2025-11-24 19:50:41,805 - job_devign_ft_database_1764015920 - INFO - Task is_vulnerable_patch_cve_cwe: 210/314 commits processed
2025-11-24 19:53:01,824 - job_devign_ft_database_1764015920 - INFO - Task is_vulnerable_patch_cve_cwe: 220/314 commits processed
2025-11-24 19:55:20,902 - job_devign_ft_database_1764015920 - INFO - Task is_vulnerable_patch_cve_cwe: 230/314 commits processed
2025-11-24 19:57:40,168 - job_devign_ft_database_1764015920 - INFO - Task is_vulnerable_patch_cve_cwe: 240/314 commits processed
2025-11-24 19:59:59,620 - job_devign_ft_database_1764015920 - INFO - Task is_vulnerable_patch_cve_cwe: 250/314 commits processed
2025-11-24 20:02:19,315 - job_devign_ft_database_1764015920 - INFO - Task is_vulnerable_patch_cve_cwe: 260/314 commits processed
2025-11-24 20:04:38,926 - job_devign_ft_database_1764015920 - INFO - Task is_vulnerable_patch_cve_cwe: 270/314 commits processed
2025-11-24 20:06:57,830 - job_devign_ft_database_1764015920 - INFO - Task is_vulnerable_patch_cve_cwe: 280/314 commits processed
2025-11-24 20:09:17,549 - job_devign_ft_database_1764015920 - INFO - Task is_vulnerable_patch_cve_cwe: 290/314 commits processed
2025-11-24 20:11:36,786 - job_devign_ft_database_1764015920 - INFO - Task is_vulnerable_patch_cve_cwe: 300/314 commits processed
2025-11-24 20:13:55,915 - job_devign_ft_database_1764015920 - INFO - Task is_vulnerable_patch_cve_cwe: 310/314 commits processed
2025-11-24 20:14:51,663 - job_devign_ft_database_1764015920 - INFO - Completed task: is_vulnerable_patch_cve_cwe
2025-11-24 20:14:51,667 - job_devign_ft_database_1764015920 - INFO - Starting task: suggest_fix
2025-11-24 20:17:12,215 - job_devign_ft_database_1764015920 - INFO - Task suggest_fix: 10/314 commits processed
2025-11-24 20:19:31,864 - job_devign_ft_database_1764015920 - INFO - Task suggest_fix: 20/314 commits processed
2025-11-24 20:21:51,505 - job_devign_ft_database_1764015920 - INFO - Task suggest_fix: 30/314 commits processed
2025-11-24 20:24:12,068 - job_devign_ft_database_1764015920 - INFO - Task suggest_fix: 40/314 commits processed
2025-11-24 20:26:31,242 - job_devign_ft_database_1764015920 - INFO - Task suggest_fix: 50/314 commits processed
2025-11-24 20:28:50,933 - job_devign_ft_database_1764015920 - INFO - Task suggest_fix: 60/314 commits processed
2025-11-24 20:31:11,707 - job_devign_ft_database_1764015920 - INFO - Task suggest_fix: 70/314 commits processed
2025-11-24 20:33:31,467 - job_devign_ft_database_1764015920 - INFO - Task suggest_fix: 80/314 commits processed
2025-11-24 20:35:50,313 - job_devign_ft_database_1764015920 - INFO - Task suggest_fix: 90/314 commits processed
2025-11-24 20:38:09,745 - job_devign_ft_database_1764015920 - INFO - Task suggest_fix: 100/314 commits processed
2025-11-24 20:40:30,820 - job_devign_ft_database_1764015920 - INFO - Task suggest_fix: 110/314 commits processed
2025-11-24 20:42:50,501 - job_devign_ft_database_1764015920 - INFO - Task suggest_fix: 120/314 commits processed
2025-11-24 20:45:09,888 - job_devign_ft_database_1764015920 - INFO - Task suggest_fix: 130/314 commits processed
2025-11-24 20:47:29,233 - job_devign_ft_database_1764015920 - INFO - Task suggest_fix: 140/314 commits processed
2025-11-24 20:49:49,417 - job_devign_ft_database_1764015920 - INFO - Task suggest_fix: 150/314 commits processed
2025-11-24 20:52:09,000 - job_devign_ft_database_1764015920 - INFO - Task suggest_fix: 160/314 commits processed
2025-11-24 20:54:29,516 - job_devign_ft_database_1764015920 - INFO - Task suggest_fix: 170/314 commits processed
2025-11-24 20:56:49,294 - job_devign_ft_database_1764015920 - INFO - Task suggest_fix: 180/314 commits processed
2025-11-24 20:59:08,538 - job_devign_ft_database_1764015920 - INFO - Task suggest_fix: 190/314 commits processed
2025-11-24 21:01:28,451 - job_devign_ft_database_1764015920 - INFO - Task suggest_fix: 200/314 commits processed
2025-11-24 21:03:47,637 - job_devign_ft_database_1764015920 - INFO - Task suggest_fix: 210/314 commits processed
2025-11-24 21:06:07,163 - job_devign_ft_database_1764015920 - INFO - Task suggest_fix: 220/314 commits processed
2025-11-24 21:08:26,763 - job_devign_ft_database_1764015920 - INFO - Task suggest_fix: 230/314 commits processed
2025-11-24 21:10:46,233 - job_devign_ft_database_1764015920 - INFO - Task suggest_fix: 240/314 commits processed
2025-11-24 21:13:06,065 - job_devign_ft_database_1764015920 - INFO - Task suggest_fix: 250/314 commits processed
2025-11-24 21:15:25,451 - job_devign_ft_database_1764015920 - INFO - Task suggest_fix: 260/314 commits processed
2025-11-24 21:17:45,116 - job_devign_ft_database_1764015920 - INFO - Task suggest_fix: 270/314 commits processed
2025-11-24 21:20:10,138 - job_devign_ft_database_1764015920 - INFO - Task suggest_fix: 280/314 commits processed
2025-11-24 21:22:29,655 - job_devign_ft_database_1764015920 - INFO - Task suggest_fix: 290/314 commits processed
2025-11-24 21:24:49,253 - job_devign_ft_database_1764015920 - INFO - Task suggest_fix: 300/314 commits processed
2025-11-24 21:27:08,362 - job_devign_ft_database_1764015920 - INFO - Task suggest_fix: 310/314 commits processed
2025-11-24 21:28:04,038 - job_devign_ft_database_1764015920 - INFO - Completed task: suggest_fix
2025-11-24 21:28:04,042 - job_devign_ft_database_1764015920 - INFO - Starting task: suggest_fix_fewshot
2025-11-24 21:30:23,765 - job_devign_ft_database_1764015920 - INFO - Task suggest_fix_fewshot: 10/314 commits processed
2025-11-24 21:32:43,504 - job_devign_ft_database_1764015920 - INFO - Task suggest_fix_fewshot: 20/314 commits processed
2025-11-24 21:35:03,830 - job_devign_ft_database_1764015920 - INFO - Task suggest_fix_fewshot: 30/314 commits processed
2025-11-24 21:37:23,961 - job_devign_ft_database_1764015920 - INFO - Task suggest_fix_fewshot: 40/314 commits processed
2025-11-24 21:39:43,486 - job_devign_ft_database_1764015920 - INFO - Task suggest_fix_fewshot: 50/314 commits processed
2025-11-24 21:42:03,619 - job_devign_ft_database_1764015920 - INFO - Task suggest_fix_fewshot: 60/314 commits processed
2025-11-24 21:44:23,172 - job_devign_ft_database_1764015920 - INFO - Task suggest_fix_fewshot: 70/314 commits processed
2025-11-24 21:46:42,620 - job_devign_ft_database_1764015920 - INFO - Task suggest_fix_fewshot: 80/314 commits processed
2025-11-24 21:49:02,411 - job_devign_ft_database_1764015920 - INFO - Task suggest_fix_fewshot: 90/314 commits processed
2025-11-24 21:51:23,406 - job_devign_ft_database_1764015920 - INFO - Task suggest_fix_fewshot: 100/314 commits processed
2025-11-24 21:53:43,688 - job_devign_ft_database_1764015920 - INFO - Task suggest_fix_fewshot: 110/314 commits processed
2025-11-24 21:56:03,169 - job_devign_ft_database_1764015920 - INFO - Task suggest_fix_fewshot: 120/314 commits processed
2025-11-24 21:58:22,642 - job_devign_ft_database_1764015920 - INFO - Task suggest_fix_fewshot: 130/314 commits processed
2025-11-24 22:00:45,511 - job_devign_ft_database_1764015920 - INFO - Task suggest_fix_fewshot: 140/314 commits processed
2025-11-24 22:03:05,213 - job_devign_ft_database_1764015920 - INFO - Task suggest_fix_fewshot: 150/314 commits processed
2025-11-24 22:05:25,241 - job_devign_ft_database_1764015920 - INFO - Task suggest_fix_fewshot: 160/314 commits processed
2025-11-24 22:07:46,004 - job_devign_ft_database_1764015920 - INFO - Task suggest_fix_fewshot: 170/314 commits processed
2025-11-24 22:10:06,050 - job_devign_ft_database_1764015920 - INFO - Task suggest_fix_fewshot: 180/314 commits processed
2025-11-24 22:12:25,761 - job_devign_ft_database_1764015920 - INFO - Task suggest_fix_fewshot: 190/314 commits processed
2025-11-24 22:14:45,921 - job_devign_ft_database_1764015920 - INFO - Task suggest_fix_fewshot: 200/314 commits processed
2025-11-24 22:17:05,910 - job_devign_ft_database_1764015920 - INFO - Task suggest_fix_fewshot: 210/314 commits processed
2025-11-24 22:19:25,712 - job_devign_ft_database_1764015920 - INFO - Task suggest_fix_fewshot: 220/314 commits processed
2025-11-24 22:21:45,567 - job_devign_ft_database_1764015920 - INFO - Task suggest_fix_fewshot: 230/314 commits processed
2025-11-24 22:24:07,736 - job_devign_ft_database_1764015920 - INFO - Task suggest_fix_fewshot: 240/314 commits processed
2025-11-24 22:26:27,169 - job_devign_ft_database_1764015920 - INFO - Task suggest_fix_fewshot: 250/314 commits processed
2025-11-24 22:28:47,831 - job_devign_ft_database_1764015920 - INFO - Task suggest_fix_fewshot: 260/314 commits processed
2025-11-24 22:31:07,459 - job_devign_ft_database_1764015920 - INFO - Task suggest_fix_fewshot: 270/314 commits processed
2025-11-24 22:33:27,100 - job_devign_ft_database_1764015920 - INFO - Task suggest_fix_fewshot: 280/314 commits processed
2025-11-24 22:35:46,862 - job_devign_ft_database_1764015920 - INFO - Task suggest_fix_fewshot: 290/314 commits processed
2025-11-24 22:38:06,433 - job_devign_ft_database_1764015920 - INFO - Task suggest_fix_fewshot: 300/314 commits processed
2025-11-24 22:40:27,630 - job_devign_ft_database_1764015920 - INFO - Task suggest_fix_fewshot: 310/314 commits processed
2025-11-24 22:41:23,225 - job_devign_ft_database_1764015920 - INFO - Completed task: suggest_fix_fewshot
2025-11-24 22:41:23,229 - job_devign_ft_database_1764015920 - INFO - Starting task: rank_cwe
2025-11-24 22:43:42,865 - job_devign_ft_database_1764015920 - INFO - Task rank_cwe: 10/314 commits processed
2025-11-24 22:46:03,092 - job_devign_ft_database_1764015920 - INFO - Task rank_cwe: 20/314 commits processed
2025-11-24 22:48:23,975 - job_devign_ft_database_1764015920 - INFO - Task rank_cwe: 30/314 commits processed
2025-11-24 22:50:43,527 - job_devign_ft_database_1764015920 - INFO - Task rank_cwe: 40/314 commits processed
2025-11-24 22:53:02,823 - job_devign_ft_database_1764015920 - INFO - Task rank_cwe: 50/314 commits processed
Could not extract any CWE identifiers from: pid);
		return_error = BR_FAILED_REPLY;
		return_error_param = -ENOMEM;
		return_error_line = __LINE
No CWEs extracted, storing empty list for commit 4df153652cc46545722879415937582028c18af5: pid);
		return_error = BR_FAILED_REPLY;
		return_error_param = -ENOMEM;
		return_error_line = __LINE
2025-11-24 22:55:24,481 - job_devign_ft_database_1764015920 - INFO - Task rank_cwe: 60/314 commits processed
2025-11-24 22:57:44,276 - job_devign_ft_database_1764015920 - INFO - Task rank_cwe: 70/314 commits processed
2025-11-24 23:00:02,808 - job_devign_ft_database_1764015920 - INFO - Task rank_cwe: 80/314 commits processed
2025-11-24 23:02:21,814 - job_devign_ft_database_1764015920 - INFO - Task rank_cwe: 90/314 commits processed
2025-11-24 23:04:41,253 - job_devign_ft_database_1764015920 - INFO - Task rank_cwe: 100/314 commits processed
2025-11-24 23:07:00,658 - job_devign_ft_database_1764015920 - INFO - Task rank_cwe: 110/314 commits processed
2025-11-24 23:09:20,159 - job_devign_ft_database_1764015920 - INFO - Task rank_cwe: 120/314 commits processed
2025-11-24 23:11:39,100 - job_devign_ft_database_1764015920 - INFO - Task rank_cwe: 130/314 commits processed
2025-11-24 23:13:58,658 - job_devign_ft_database_1764015920 - INFO - Task rank_cwe: 140/314 commits processed
2025-11-24 23:16:17,951 - job_devign_ft_database_1764015920 - INFO - Task rank_cwe: 150/314 commits processed
Could not extract any CWE identifiers from: _JMP | BPF_JEQ | BPF_K:
		case BPF_JMP | BPF_JEQ | BPF_X:
		case BPF_JMP | BPF_JNE | BPF_K:
		case B
No CWEs extracted, storing empty list for commit f5e81d1117501546b7be050c5fbafa6efd2c722c: _JMP | BPF_JEQ | BPF_K:
		case BPF_JMP | BPF_JEQ | BPF_X:
		case BPF_JMP | BPF_JNE | BPF_K:
		case B
2025-11-24 23:18:37,268 - job_devign_ft_database_1764015920 - INFO - Task rank_cwe: 160/314 commits processed
Could not extract any CWE identifiers from: entry_ops;

	oe = ovl_entry_create(sb->s_root, ufs);
	if (err)
		goto out_put_lower_mnt;

	sb->s_fs_
No CWEs extracted, storing empty list for commit e9f57ebcba563e0cd532926cab83c92bb4d79360: entry_ops;

	oe = ovl_entry_create(sb->s_root, ufs);
	if (err)
		goto out_put_lower_mnt;

	sb->s_fs_
2025-11-24 23:20:57,229 - job_devign_ft_database_1764015920 - INFO - Task rank_cwe: 170/314 commits processed
Could not extract any CWE identifiers from: 6_to_cpu(es->s_def_resgid));
	sbi->s_def_resuid = le16_to_cpu(es->s_def_resuid);
	sbi->s_def_resgid 
No CWEs extracted, storing empty list for commit 82939d7999dfc1f1998c4b1c12e2f19edbdff272: 6_to_cpu(es->s_def_resgid));
	sbi->s_def_resuid = le16_to_cpu(es->s_def_resuid);
	sbi->s_def_resgid 
2025-11-24 23:23:16,798 - job_devign_ft_database_1764015920 - INFO - Task rank_cwe: 180/314 commits processed
2025-11-24 23:25:36,424 - job_devign_ft_database_1764015920 - INFO - Task rank_cwe: 190/314 commits processed
2025-11-24 23:27:56,263 - job_devign_ft_database_1764015920 - INFO - Task rank_cwe: 200/314 commits processed
2025-11-24 23:30:15,351 - job_devign_ft_database_1764015920 - INFO - Task rank_cwe: 210/314 commits processed
2025-11-24 23:32:35,059 - job_devign_ft_database_1764015920 - INFO - Task rank_cwe: 220/314 commits processed
2025-11-24 23:34:54,399 - job_devign_ft_database_1764015920 - INFO - Task rank_cwe: 230/314 commits processed
2025-11-24 23:37:13,731 - job_devign_ft_database_1764015920 - INFO - Task rank_cwe: 240/314 commits processed
2025-11-24 23:39:33,024 - job_devign_ft_database_1764015920 - INFO - Task rank_cwe: 250/314 commits processed
2025-11-24 23:41:52,546 - job_devign_ft_database_1764015920 - INFO - Task rank_cwe: 260/314 commits processed
2025-11-24 23:44:12,248 - job_devign_ft_database_1764015920 - INFO - Task rank_cwe: 270/314 commits processed
2025-11-24 23:46:31,555 - job_devign_ft_database_1764015920 - INFO - Task rank_cwe: 280/314 commits processed
2025-11-24 23:48:51,099 - job_devign_ft_database_1764015920 - INFO - Task rank_cwe: 290/314 commits processed
2025-11-24 23:51:10,995 - job_devign_ft_database_1764015920 - INFO - Task rank_cwe: 300/314 commits processed
2025-11-24 23:53:30,547 - job_devign_ft_database_1764015920 - INFO - Task rank_cwe: 310/314 commits processed
2025-11-24 23:54:26,242 - job_devign_ft_database_1764015920 - INFO - Completed task: rank_cwe
2025-11-24 23:54:26,247 - job_devign_ft_database_1764015920 - INFO - Job completed successfully
Loading checkpoint shards:   0%|          | 0/3 [00:00<?, ?it/s]Loading checkpoint shards:  33%|███▎      | 1/3 [00:00<00:01,  1.70it/s]Loading checkpoint shards:  67%|██████▋   | 2/3 [00:01<00:00,  1.68it/s]Loading checkpoint shards: 100%|██████████| 3/3 [00:01<00:00,  2.49it/s]
Loading checkpoint shards:   0%|          | 0/3 [00:00<?, ?it/s]Loading checkpoint shards:  33%|███▎      | 1/3 [00:00<00:01,  1.68it/s]Loading checkpoint shards:  67%|██████▋   | 2/3 [00:01<00:00,  1.61it/s]Loading checkpoint shards: 100%|██████████| 3/3 [00:01<00:00,  2.39it/s]
2025-11-24 23:54:32,909 - job_devign_ft_database_leakagefree_1764046469 - INFO - Starting task: is_vulnerable_vuln
2025-11-24 23:56:28,871 - job_devign_ft_database_leakagefree_1764046469 - INFO - Task is_vulnerable_vuln: 10/103 commits processed
2025-11-24 23:58:22,196 - job_devign_ft_database_leakagefree_1764046469 - INFO - Task is_vulnerable_vuln: 20/103 commits processed
2025-11-25 00:00:20,226 - job_devign_ft_database_leakagefree_1764046469 - INFO - Task is_vulnerable_vuln: 30/103 commits processed
2025-11-25 00:02:16,887 - job_devign_ft_database_leakagefree_1764046469 - INFO - Task is_vulnerable_vuln: 40/103 commits processed
2025-11-25 00:04:13,889 - job_devign_ft_database_leakagefree_1764046469 - INFO - Task is_vulnerable_vuln: 50/103 commits processed
2025-11-25 00:06:09,952 - job_devign_ft_database_leakagefree_1764046469 - INFO - Task is_vulnerable_vuln: 60/103 commits processed
2025-11-25 00:08:06,581 - job_devign_ft_database_leakagefree_1764046469 - INFO - Task is_vulnerable_vuln: 70/103 commits processed
2025-11-25 00:10:02,758 - job_devign_ft_database_leakagefree_1764046469 - INFO - Task is_vulnerable_vuln: 80/103 commits processed
2025-11-25 00:11:59,665 - job_devign_ft_database_leakagefree_1764046469 - INFO - Task is_vulnerable_vuln: 90/103 commits processed
2025-11-25 00:13:55,853 - job_devign_ft_database_leakagefree_1764046469 - INFO - Task is_vulnerable_vuln: 100/103 commits processed
2025-11-25 00:14:31,195 - job_devign_ft_database_leakagefree_1764046469 - INFO - Completed task: is_vulnerable_vuln
2025-11-25 00:14:31,197 - job_devign_ft_database_leakagefree_1764046469 - INFO - Starting task: is_vulnerable_patch
2025-11-25 00:16:22,350 - job_devign_ft_database_leakagefree_1764046469 - INFO - Task is_vulnerable_patch: 10/103 commits processed
2025-11-25 00:18:18,291 - job_devign_ft_database_leakagefree_1764046469 - INFO - Task is_vulnerable_patch: 20/103 commits processed
2025-11-25 00:20:10,476 - job_devign_ft_database_leakagefree_1764046469 - INFO - Task is_vulnerable_patch: 30/103 commits processed
2025-11-25 00:22:06,247 - job_devign_ft_database_leakagefree_1764046469 - INFO - Task is_vulnerable_patch: 40/103 commits processed
2025-11-25 00:24:19,890 - job_devign_ft_database_leakagefree_1764046469 - INFO - Task is_vulnerable_patch: 50/103 commits processed
2025-11-25 00:26:16,866 - job_devign_ft_database_leakagefree_1764046469 - INFO - Task is_vulnerable_patch: 60/103 commits processed
2025-11-25 00:28:13,327 - job_devign_ft_database_leakagefree_1764046469 - INFO - Task is_vulnerable_patch: 70/103 commits processed
2025-11-25 00:30:08,580 - job_devign_ft_database_leakagefree_1764046469 - INFO - Task is_vulnerable_patch: 80/103 commits processed
2025-11-25 00:32:04,772 - job_devign_ft_database_leakagefree_1764046469 - INFO - Task is_vulnerable_patch: 90/103 commits processed
2025-11-25 00:34:00,245 - job_devign_ft_database_leakagefree_1764046469 - INFO - Task is_vulnerable_patch: 100/103 commits processed
2025-11-25 00:34:34,962 - job_devign_ft_database_leakagefree_1764046469 - INFO - Completed task: is_vulnerable_patch
2025-11-25 00:34:34,964 - job_devign_ft_database_leakagefree_1764046469 - INFO - Starting task: is_vulnerable_vuln_cve_cwe
2025-11-25 00:36:30,493 - job_devign_ft_database_leakagefree_1764046469 - INFO - Task is_vulnerable_vuln_cve_cwe: 10/103 commits processed
2025-11-25 00:38:26,168 - job_devign_ft_database_leakagefree_1764046469 - INFO - Task is_vulnerable_vuln_cve_cwe: 20/103 commits processed
2025-11-25 00:40:22,392 - job_devign_ft_database_leakagefree_1764046469 - INFO - Task is_vulnerable_vuln_cve_cwe: 30/103 commits processed
2025-11-25 00:42:13,411 - job_devign_ft_database_leakagefree_1764046469 - INFO - Task is_vulnerable_vuln_cve_cwe: 40/103 commits processed
2025-11-25 00:44:03,470 - job_devign_ft_database_leakagefree_1764046469 - INFO - Task is_vulnerable_vuln_cve_cwe: 50/103 commits processed
2025-11-25 00:45:58,836 - job_devign_ft_database_leakagefree_1764046469 - INFO - Task is_vulnerable_vuln_cve_cwe: 60/103 commits processed
2025-11-25 00:47:56,158 - job_devign_ft_database_leakagefree_1764046469 - INFO - Task is_vulnerable_vuln_cve_cwe: 70/103 commits processed
2025-11-25 00:49:51,482 - job_devign_ft_database_leakagefree_1764046469 - INFO - Task is_vulnerable_vuln_cve_cwe: 80/103 commits processed
2025-11-25 00:51:47,503 - job_devign_ft_database_leakagefree_1764046469 - INFO - Task is_vulnerable_vuln_cve_cwe: 90/103 commits processed
2025-11-25 00:53:39,233 - job_devign_ft_database_leakagefree_1764046469 - INFO - Task is_vulnerable_vuln_cve_cwe: 100/103 commits processed
2025-11-25 00:54:13,965 - job_devign_ft_database_leakagefree_1764046469 - INFO - Completed task: is_vulnerable_vuln_cve_cwe
2025-11-25 00:54:14,785 - job_devign_ft_database_leakagefree_1764046469 - INFO - Starting task: is_vulnerable_patch_cve_cwe
2025-11-25 00:56:10,356 - job_devign_ft_database_leakagefree_1764046469 - INFO - Task is_vulnerable_patch_cve_cwe: 10/103 commits processed
2025-11-25 00:58:05,946 - job_devign_ft_database_leakagefree_1764046469 - INFO - Task is_vulnerable_patch_cve_cwe: 20/103 commits processed
2025-11-25 01:00:02,290 - job_devign_ft_database_leakagefree_1764046469 - INFO - Task is_vulnerable_patch_cve_cwe: 30/103 commits processed
2025-11-25 01:01:57,662 - job_devign_ft_database_leakagefree_1764046469 - INFO - Task is_vulnerable_patch_cve_cwe: 40/103 commits processed
2025-11-25 01:03:56,880 - job_devign_ft_database_leakagefree_1764046469 - INFO - Task is_vulnerable_patch_cve_cwe: 50/103 commits processed
2025-11-25 01:05:52,532 - job_devign_ft_database_leakagefree_1764046469 - INFO - Task is_vulnerable_patch_cve_cwe: 60/103 commits processed
2025-11-25 01:07:48,634 - job_devign_ft_database_leakagefree_1764046469 - INFO - Task is_vulnerable_patch_cve_cwe: 70/103 commits processed
2025-11-25 01:09:40,214 - job_devign_ft_database_leakagefree_1764046469 - INFO - Task is_vulnerable_patch_cve_cwe: 80/103 commits processed
2025-11-25 01:11:36,273 - job_devign_ft_database_leakagefree_1764046469 - INFO - Task is_vulnerable_patch_cve_cwe: 90/103 commits processed
2025-11-25 01:13:32,070 - job_devign_ft_database_leakagefree_1764046469 - INFO - Task is_vulnerable_patch_cve_cwe: 100/103 commits processed
2025-11-25 01:14:06,819 - job_devign_ft_database_leakagefree_1764046469 - INFO - Completed task: is_vulnerable_patch_cve_cwe
2025-11-25 01:14:06,822 - job_devign_ft_database_leakagefree_1764046469 - INFO - Starting task: suggest_fix
2025-11-25 01:16:02,311 - job_devign_ft_database_leakagefree_1764046469 - INFO - Task suggest_fix: 10/103 commits processed
2025-11-25 01:17:57,445 - job_devign_ft_database_leakagefree_1764046469 - INFO - Task suggest_fix: 20/103 commits processed
2025-11-25 01:19:56,265 - job_devign_ft_database_leakagefree_1764046469 - INFO - Task suggest_fix: 30/103 commits processed
2025-11-25 01:21:51,584 - job_devign_ft_database_leakagefree_1764046469 - INFO - Task suggest_fix: 40/103 commits processed
2025-11-25 01:23:47,989 - job_devign_ft_database_leakagefree_1764046469 - INFO - Task suggest_fix: 50/103 commits processed
2025-11-25 01:25:43,569 - job_devign_ft_database_leakagefree_1764046469 - INFO - Task suggest_fix: 60/103 commits processed
2025-11-25 01:27:39,969 - job_devign_ft_database_leakagefree_1764046469 - INFO - Task suggest_fix: 70/103 commits processed
2025-11-25 01:29:35,773 - job_devign_ft_database_leakagefree_1764046469 - INFO - Task suggest_fix: 80/103 commits processed
2025-11-25 01:31:31,732 - job_devign_ft_database_leakagefree_1764046469 - INFO - Task suggest_fix: 90/103 commits processed
2025-11-25 01:33:27,267 - job_devign_ft_database_leakagefree_1764046469 - INFO - Task suggest_fix: 100/103 commits processed
2025-11-25 01:34:02,381 - job_devign_ft_database_leakagefree_1764046469 - INFO - Completed task: suggest_fix
2025-11-25 01:34:02,384 - job_devign_ft_database_leakagefree_1764046469 - INFO - Starting task: suggest_fix_fewshot
2025-11-25 01:35:59,000 - job_devign_ft_database_leakagefree_1764046469 - INFO - Task suggest_fix_fewshot: 10/103 commits processed
2025-11-25 01:37:55,415 - job_devign_ft_database_leakagefree_1764046469 - INFO - Task suggest_fix_fewshot: 20/103 commits processed
2025-11-25 01:39:52,193 - job_devign_ft_database_leakagefree_1764046469 - INFO - Task suggest_fix_fewshot: 30/103 commits processed
2025-11-25 01:41:48,467 - job_devign_ft_database_leakagefree_1764046469 - INFO - Task suggest_fix_fewshot: 40/103 commits processed
2025-11-25 01:43:48,267 - job_devign_ft_database_leakagefree_1764046469 - INFO - Task suggest_fix_fewshot: 50/103 commits processed
2025-11-25 01:45:45,131 - job_devign_ft_database_leakagefree_1764046469 - INFO - Task suggest_fix_fewshot: 60/103 commits processed
2025-11-25 01:47:42,278 - job_devign_ft_database_leakagefree_1764046469 - INFO - Task suggest_fix_fewshot: 70/103 commits processed
2025-11-25 01:49:38,568 - job_devign_ft_database_leakagefree_1764046469 - INFO - Task suggest_fix_fewshot: 80/103 commits processed
2025-11-25 01:51:35,855 - job_devign_ft_database_leakagefree_1764046469 - INFO - Task suggest_fix_fewshot: 90/103 commits processed
2025-11-25 01:53:32,373 - job_devign_ft_database_leakagefree_1764046469 - INFO - Task suggest_fix_fewshot: 100/103 commits processed
2025-11-25 01:54:07,326 - job_devign_ft_database_leakagefree_1764046469 - INFO - Completed task: suggest_fix_fewshot
2025-11-25 01:54:07,329 - job_devign_ft_database_leakagefree_1764046469 - INFO - Starting task: rank_cwe
2025-11-25 01:56:02,885 - job_devign_ft_database_leakagefree_1764046469 - INFO - Task rank_cwe: 10/103 commits processed
2025-11-25 01:57:58,275 - job_devign_ft_database_leakagefree_1764046469 - INFO - Task rank_cwe: 20/103 commits processed
2025-11-25 01:59:55,276 - job_devign_ft_database_leakagefree_1764046469 - INFO - Task rank_cwe: 30/103 commits processed
2025-11-25 02:01:50,349 - job_devign_ft_database_leakagefree_1764046469 - INFO - Task rank_cwe: 40/103 commits processed
2025-11-25 02:03:46,643 - job_devign_ft_database_leakagefree_1764046469 - INFO - Task rank_cwe: 50/103 commits processed
2025-11-25 02:05:42,051 - job_devign_ft_database_leakagefree_1764046469 - INFO - Task rank_cwe: 60/103 commits processed
2025-11-25 02:07:39,927 - job_devign_ft_database_leakagefree_1764046469 - INFO - Task rank_cwe: 70/103 commits processed
2025-11-25 02:09:35,063 - job_devign_ft_database_leakagefree_1764046469 - INFO - Task rank_cwe: 80/103 commits processed
2025-11-25 02:11:30,606 - job_devign_ft_database_leakagefree_1764046469 - INFO - Task rank_cwe: 90/103 commits processed
2025-11-25 02:13:26,133 - job_devign_ft_database_leakagefree_1764046469 - INFO - Task rank_cwe: 100/103 commits processed
2025-11-25 02:14:00,672 - job_devign_ft_database_leakagefree_1764046469 - INFO - Completed task: rank_cwe
2025-11-25 02:14:00,674 - job_devign_ft_database_leakagefree_1764046469 - INFO - Job completed successfully
Evaluation completed on both databases:
  database.sqlite: Job devign_ft_database_1764015920 - Status: completed
  database_leakagefree.sqlite: Job devign_ft_database_leakagefree_1764046469 - Status: completed
