Job ID:        16738455
Node:          str-gpu31
CUDA devices:  0
Started:       Wed May 13 04:00:29 AM EDT 2026
Wed May 13 04:00:29 2026       
+-----------------------------------------------------------------------------------------+
| NVIDIA-SMI 570.195.03             Driver Version: 570.195.03     CUDA Version: 12.8     |
|-----------------------------------------+------------------------+----------------------+
| GPU  Name                 Persistence-M | Bus-Id          Disp.A | Volatile Uncorr. ECC |
| Fan  Temp   Perf          Pwr:Usage/Cap |           Memory-Usage | GPU-Util  Compute M. |
|                                         |                        |               MIG M. |
|=========================================+========================+======================|
|   0  NVIDIA H200 NVL                On  |   00000000:42:00.0 Off |                    0 |
| N/A   37C    P0             71W /  600W |       0MiB / 143771MiB |      0%      Default |
|                                         |                        |             Disabled |
+-----------------------------------------+------------------------+----------------------+
                                                                                         
+-----------------------------------------------------------------------------------------+
| Processes:                                                                              |
|  GPU   GI   CI              PID   Type   Process name                        GPU Memory |
|        ID   ID                                                               Usage      |
|=========================================================================================|
|  No running processes found                                                             |
+-----------------------------------------------------------------------------------------+


=================== qwen3_coder  /  database ===================
Started: Wed May 13 04:00:29 AM EDT 2026
Starting evaluation with model: qwen3_coder
Running evaluation on database.sqlite...
Evaluation completed (direct execution)
Finished database: Wed May 13 09:39:03 AM EDT 2026

=================== qwen3_coder  /  database_leakagefree ===================
Started: Wed May 13 09:39:03 AM EDT 2026
Starting evaluation with model: qwen3_coder
Running evaluation on database_leakagefree.sqlite...
Evaluation completed (direct execution)
Finished database_leakagefree: Wed May 13 11:29:15 AM EDT 2026

All databases done: Wed May 13 11:29:15 AM EDT 2026
