Traceback (most recent call last):
  File "/users/azibaeir/Research/LLMKernelBench/src/main.py", line 23, in <module>
    from evaluation.advanced_evaluator import (
  File "/users/azibaeir/Research/LLMKernelBench/src/evaluation/advanced_evaluator.py", line 18, in <module>
    from models.llm_manager import LLMManager
  File "/users/azibaeir/Research/LLMKernelBench/src/models/llm_manager.py", line 26, in <module>
    from transformers import AutoTokenizer, AutoModelForCausalLM, pipeline
  File "/users/azibaeir/miniconda/envs/llmserver/lib/python3.11/site-packages/transformers/utils/import_utils.py", line 2207, in __getattr__
    module = self._get_module(self._class_to_module[name])
             ^^^^^^^^^^^^^^^^^^^^^^^^^^^^^^^^^^^^^^^^^^^^^
  File "/users/azibaeir/miniconda/envs/llmserver/lib/python3.11/site-packages/transformers/utils/import_utils.py", line 2441, in _get_module
    raise e
  File "/users/azibaeir/miniconda/envs/llmserver/lib/python3.11/site-packages/transformers/utils/import_utils.py", line 2439, in _get_module
    return importlib.import_module("." + module_name, self.__name__)
           ^^^^^^^^^^^^^^^^^^^^^^^^^^^^^^^^^^^^^^^^^^^^^^^^^^^^^^^^^
  File "/users/azibaeir/miniconda/envs/llmserver/lib/python3.11/importlib/__init__.py", line 126, in import_module
    return _bootstrap._gcd_import(name[level:], package, level)
           ^^^^^^^^^^^^^^^^^^^^^^^^^^^^^^^^^^^^^^^^^^^^^^^^^^^^
  File "/users/azibaeir/miniconda/envs/llmserver/lib/python3.11/site-packages/transformers/pipelines/__init__.py", line 27, in <module>
    from ..image_processing_utils import BaseImageProcessor
  File "/users/azibaeir/miniconda/envs/llmserver/lib/python3.11/site-packages/transformers/image_processing_utils.py", line 34, in <module>
    from .processing_utils import ImagesKwargs, Unpack
  File "/users/azibaeir/miniconda/envs/llmserver/lib/python3.11/site-packages/transformers/processing_utils.py", line 79, in <module>
    from .modeling_utils import PreTrainedAudioTokenizerBase
  File "/users/azibaeir/miniconda/envs/llmserver/lib/python3.11/site-packages/transformers/modeling_utils.py", line 70, in <module>
    from .integrations.flex_attention import flex_attention_forward
  File "/users/azibaeir/miniconda/envs/llmserver/lib/python3.11/site-packages/transformers/integrations/flex_attention.py", line 51, in <module>
    from torch.nn.attention.flex_attention import AuxRequest
ImportError: cannot import name 'AuxRequest' from 'torch.nn.attention.flex_attention' (/users/azibaeir/miniconda/envs/llmserver/lib/python3.11/site-packages/torch/nn/attention/flex_attention.py)
