Job ID:        16806897
Node:          str-gpu28
CUDA devices:  0
Started:       Wed May 13 04:45:30 PM EDT 2026
Wed May 13 16:45:30 2026       
+-----------------------------------------------------------------------------------------+
| NVIDIA-SMI 570.195.03             Driver Version: 570.195.03     CUDA Version: 12.8     |
|-----------------------------------------+------------------------+----------------------+
| GPU  Name                 Persistence-M | Bus-Id          Disp.A | Volatile Uncorr. ECC |
| Fan  Temp   Perf          Pwr:Usage/Cap |           Memory-Usage | GPU-Util  Compute M. |
|                                         |                        |               MIG M. |
|=========================================+========================+======================|
|   0  NVIDIA L40S                    On  |   00000000:E1:00.0 Off |                    0 |
| N/A   27C    P8             31W /  350W |       0MiB /  46068MiB |      0%      Default |
|                                         |                        |                  N/A |
+-----------------------------------------+------------------------+----------------------+
                                                                                         
+-----------------------------------------------------------------------------------------+
| Processes:                                                                              |
|  GPU   GI   CI              PID   Type   Process name                        GPU Memory |
|        ID   ID                                                               Usage      |
|=========================================================================================|
|  No running processes found                                                             |
+-----------------------------------------------------------------------------------------+


=================== codellama  T=0.1  database ===================
Started: Wed May 13 04:45:30 PM EDT 2026
Starting evaluation with model: codellama
Running evaluation on database.sqlite...
Evaluation completed (direct execution)
Finished: Wed May 13 10:31:00 PM EDT 2026

=================== codellama  T=0.1  database_leakagefree ===================
Started: Wed May 13 10:31:00 PM EDT 2026
Starting evaluation with model: codellama
Running evaluation on database_leakagefree.sqlite...
Evaluation completed (direct execution)
Finished: Thu May 14 12:20:16 AM EDT 2026

=================== codellama  T=0.1  database ===================
Started: Thu May 14 12:20:16 AM EDT 2026
Starting evaluation with model: codellama
Running evaluation on database.sqlite...
Evaluation completed (direct execution)
Finished: Thu May 14 06:04:40 AM EDT 2026

=================== codellama  T=0.1  database_leakagefree ===================
Started: Thu May 14 06:04:40 AM EDT 2026
Starting evaluation with model: codellama
Running evaluation on database_leakagefree.sqlite...
Evaluation completed (direct execution)
Finished: Thu May 14 07:53:57 AM EDT 2026

=================== codellama  T=1.0  database ===================
Started: Thu May 14 07:53:57 AM EDT 2026
Starting evaluation with model: codellama
Running evaluation on database.sqlite...
Evaluation completed (direct execution)
Finished: Thu May 14 12:01:29 PM EDT 2026

=================== codellama  T=1.0  database_leakagefree ===================
Started: Thu May 14 12:01:29 PM EDT 2026
Starting evaluation with model: codellama
Running evaluation on database_leakagefree.sqlite...
Evaluation completed (direct execution)
Finished: Thu May 14 01:14:35 PM EDT 2026

All conditions done: Thu May 14 01:14:35 PM EDT 2026
