Job ID:        17094812
Node:          str-gpu25
CUDA devices:  0,1,2
Started:       Fri May 15 09:49:27 AM EDT 2026
Fri May 15 09:49:27 2026       
+-----------------------------------------------------------------------------------------+
| NVIDIA-SMI 570.195.03             Driver Version: 570.195.03     CUDA Version: 12.8     |
|-----------------------------------------+------------------------+----------------------+
| GPU  Name                 Persistence-M | Bus-Id          Disp.A | Volatile Uncorr. ECC |
| Fan  Temp   Perf          Pwr:Usage/Cap |           Memory-Usage | GPU-Util  Compute M. |
|                                         |                        |               MIG M. |
|=========================================+========================+======================|
|   0  NVIDIA L40S                    On  |   00000000:17:00.0 Off |                    0 |
| N/A   28C    P8             32W /  350W |       0MiB /  46068MiB |      0%      Default |
|                                         |                        |                  N/A |
+-----------------------------------------+------------------------+----------------------+
|   1  NVIDIA L40S                    On  |   00000000:65:00.0 Off |                    0 |
| N/A   27C    P8             34W /  350W |       0MiB /  46068MiB |      0%      Default |
|                                         |                        |                  N/A |
+-----------------------------------------+------------------------+----------------------+
|   2  NVIDIA L40S                    On  |   00000000:E3:00.0 Off |                    0 |
| N/A   28C    P8             32W /  350W |       0MiB /  46068MiB |      0%      Default |
|                                         |                        |                  N/A |
+-----------------------------------------+------------------------+----------------------+
                                                                                         
+-----------------------------------------------------------------------------------------+
| Processes:                                                                              |
|  GPU   GI   CI              PID   Type   Process name                        GPU Memory |
|        ID   ID                                                               Usage      |
|=========================================================================================|
|  No running processes found                                                             |
+-----------------------------------------------------------------------------------------+


=================== qwen3_coder  T=0.1  database ===================
Started: Fri May 15 09:49:27 AM EDT 2026
Starting evaluation with model: qwen3_coder
Running evaluation on database.sqlite...
Evaluation completed (direct execution)
Finished: Sat May 16 12:08:56 AM EDT 2026

=================== qwen3_coder  T=0.1  database_leakagefree ===================
Started: Sat May 16 12:08:56 AM EDT 2026
Starting evaluation with model: qwen3_coder
Running evaluation on database_leakagefree.sqlite...
Evaluation completed (direct execution)
Finished: Sat May 16 04:53:27 AM EDT 2026

=================== qwen3_coder  T=0.1  database ===================
Started: Sat May 16 04:53:27 AM EDT 2026
Starting evaluation with model: qwen3_coder
Running evaluation on database.sqlite...
Evaluation completed (direct execution)
Finished: Sat May 16 07:13:13 PM EDT 2026

=================== qwen3_coder  T=0.1  database_leakagefree ===================
Started: Sat May 16 07:13:13 PM EDT 2026
Starting evaluation with model: qwen3_coder
Running evaluation on database_leakagefree.sqlite...
Evaluation completed (direct execution)
Finished: Sun May 17 12:06:52 AM EDT 2026

=================== qwen3_coder  T=1.0  database ===================
Started: Sun May 17 12:06:52 AM EDT 2026
Starting evaluation with model: qwen3_coder
Running evaluation on database.sqlite...
Evaluation completed (direct execution)
Finished: Sun May 17 12:57:13 PM EDT 2026

=================== qwen3_coder  T=1.0  database_leakagefree ===================
Started: Sun May 17 12:57:14 PM EDT 2026
Starting evaluation with model: qwen3_coder
Running evaluation on database_leakagefree.sqlite...
Evaluation completed (direct execution)
Finished: Sun May 17 05:05:53 PM EDT 2026

All conditions done: Sun May 17 05:05:53 PM EDT 2026
